Archive member included to satisfy reference by file (symbol)

D:/ST Software/STM32CubeIDE_2.1.1/STM32CubeIDE/plugins/com.st.stm32cube.ide.mcu.externaltools.gnu-tools-for-stm32.14.3.rel1.win32_1.0.100.202602081740/tools/bin/../lib/gcc/arm-none-eabi/14.3.1/../../../../arm-none-eabi/lib/thumb/v7e-m+fp/hard\libc_nano.a(libc_a-exit.o)
                              D:/ST Software/STM32CubeIDE_2.1.1/STM32CubeIDE/plugins/com.st.stm32cube.ide.mcu.externaltools.gnu-tools-for-stm32.14.3.rel1.win32_1.0.100.202602081740/tools/bin/../lib/gcc/arm-none-eabi/14.3.1/../../../../arm-none-eabi/lib/thumb/v7e-m+fp/hard/crt0.o (exit)
D:/ST Software/STM32CubeIDE_2.1.1/STM32CubeIDE/plugins/com.st.stm32cube.ide.mcu.externaltools.gnu-tools-for-stm32.14.3.rel1.win32_1.0.100.202602081740/tools/bin/../lib/gcc/arm-none-eabi/14.3.1/../../../../arm-none-eabi/lib/thumb/v7e-m+fp/hard\libc_nano.a(libc_a-findfp.o)
                              D:/ST Software/STM32CubeIDE_2.1.1/STM32CubeIDE/plugins/com.st.stm32cube.ide.mcu.externaltools.gnu-tools-for-stm32.14.3.rel1.win32_1.0.100.202602081740/tools/bin/../lib/gcc/arm-none-eabi/14.3.1/../../../../arm-none-eabi/lib/thumb/v7e-m+fp/hard\libc_nano.a(libc_a-exit.o) (__stdio_exit_handler)
D:/ST Software/STM32CubeIDE_2.1.1/STM32CubeIDE/plugins/com.st.stm32cube.ide.mcu.externaltools.gnu-tools-for-stm32.14.3.rel1.win32_1.0.100.202602081740/tools/bin/../lib/gcc/arm-none-eabi/14.3.1/../../../../arm-none-eabi/lib/thumb/v7e-m+fp/hard\libc_nano.a(libc_a-fwalk.o)
                              D:/ST Software/STM32CubeIDE_2.1.1/STM32CubeIDE/plugins/com.st.stm32cube.ide.mcu.externaltools.gnu-tools-for-stm32.14.3.rel1.win32_1.0.100.202602081740/tools/bin/../lib/gcc/arm-none-eabi/14.3.1/../../../../arm-none-eabi/lib/thumb/v7e-m+fp/hard\libc_nano.a(libc_a-findfp.o) (_fwalk_sglue)
D:/ST Software/STM32CubeIDE_2.1.1/STM32CubeIDE/plugins/com.st.stm32cube.ide.mcu.externaltools.gnu-tools-for-stm32.14.3.rel1.win32_1.0.100.202602081740/tools/bin/../lib/gcc/arm-none-eabi/14.3.1/../../../../arm-none-eabi/lib/thumb/v7e-m+fp/hard\libc_nano.a(libc_a-stdio.o)
                              D:/ST Software/STM32CubeIDE_2.1.1/STM32CubeIDE/plugins/com.st.stm32cube.ide.mcu.externaltools.gnu-tools-for-stm32.14.3.rel1.win32_1.0.100.202602081740/tools/bin/../lib/gcc/arm-none-eabi/14.3.1/../../../../arm-none-eabi/lib/thumb/v7e-m+fp/hard\libc_nano.a(libc_a-findfp.o) (__sread)
D:/ST Software/STM32CubeIDE_2.1.1/STM32CubeIDE/plugins/com.st.stm32cube.ide.mcu.externaltools.gnu-tools-for-stm32.14.3.rel1.win32_1.0.100.202602081740/tools/bin/../lib/gcc/arm-none-eabi/14.3.1/../../../../arm-none-eabi/lib/thumb/v7e-m+fp/hard\libc_nano.a(libc_a-memset.o)
                              D:/ST Software/STM32CubeIDE_2.1.1/STM32CubeIDE/plugins/com.st.stm32cube.ide.mcu.externaltools.gnu-tools-for-stm32.14.3.rel1.win32_1.0.100.202602081740/tools/bin/../lib/gcc/arm-none-eabi/14.3.1/../../../../arm-none-eabi/lib/thumb/v7e-m+fp/hard/crt0.o (memset)
D:/ST Software/STM32CubeIDE_2.1.1/STM32CubeIDE/plugins/com.st.stm32cube.ide.mcu.externaltools.gnu-tools-for-stm32.14.3.rel1.win32_1.0.100.202602081740/tools/bin/../lib/gcc/arm-none-eabi/14.3.1/../../../../arm-none-eabi/lib/thumb/v7e-m+fp/hard\libc_nano.a(libc_a-closer.o)
                              D:/ST Software/STM32CubeIDE_2.1.1/STM32CubeIDE/plugins/com.st.stm32cube.ide.mcu.externaltools.gnu-tools-for-stm32.14.3.rel1.win32_1.0.100.202602081740/tools/bin/../lib/gcc/arm-none-eabi/14.3.1/../../../../arm-none-eabi/lib/thumb/v7e-m+fp/hard\libc_nano.a(libc_a-stdio.o) (_close_r)
D:/ST Software/STM32CubeIDE_2.1.1/STM32CubeIDE/plugins/com.st.stm32cube.ide.mcu.externaltools.gnu-tools-for-stm32.14.3.rel1.win32_1.0.100.202602081740/tools/bin/../lib/gcc/arm-none-eabi/14.3.1/../../../../arm-none-eabi/lib/thumb/v7e-m+fp/hard\libc_nano.a(libc_a-reent.o)
                              D:/ST Software/STM32CubeIDE_2.1.1/STM32CubeIDE/plugins/com.st.stm32cube.ide.mcu.externaltools.gnu-tools-for-stm32.14.3.rel1.win32_1.0.100.202602081740/tools/bin/../lib/gcc/arm-none-eabi/14.3.1/../../../../arm-none-eabi/lib/thumb/v7e-m+fp/hard\libc_nano.a(libc_a-closer.o) (errno)
D:/ST Software/STM32CubeIDE_2.1.1/STM32CubeIDE/plugins/com.st.stm32cube.ide.mcu.externaltools.gnu-tools-for-stm32.14.3.rel1.win32_1.0.100.202602081740/tools/bin/../lib/gcc/arm-none-eabi/14.3.1/../../../../arm-none-eabi/lib/thumb/v7e-m+fp/hard\libc_nano.a(libc_a-impure.o)
                              D:/ST Software/STM32CubeIDE_2.1.1/STM32CubeIDE/plugins/com.st.stm32cube.ide.mcu.externaltools.gnu-tools-for-stm32.14.3.rel1.win32_1.0.100.202602081740/tools/bin/../lib/gcc/arm-none-eabi/14.3.1/../../../../arm-none-eabi/lib/thumb/v7e-m+fp/hard\libc_nano.a(libc_a-reent.o) (_impure_ptr)
D:/ST Software/STM32CubeIDE_2.1.1/STM32CubeIDE/plugins/com.st.stm32cube.ide.mcu.externaltools.gnu-tools-for-stm32.14.3.rel1.win32_1.0.100.202602081740/tools/bin/../lib/gcc/arm-none-eabi/14.3.1/../../../../arm-none-eabi/lib/thumb/v7e-m+fp/hard\libc_nano.a(libc_a-lseekr.o)
[...]
Memory Configuration

Name             Origin             Length             Attributes
RAM              0x20000000         0x00040000         xrw
FLASH            0x08000000         0x00080000         xr
*default*        0x00000000         0xffffffff

Linker script and memory map

LOAD D:/ST Software/STM32CubeIDE_2.1.1/STM32CubeIDE/plugins/com.st.stm32cube.ide.mcu.externaltools.gnu-tools-for-stm32.14.3.rel1.win32_1.0.100.202602081740/tools/bin/../lib/gcc/arm-none-eabi/14.3.1/thumb/v7e-m+fp/hard/crti.o
LOAD D:/ST Software/STM32CubeIDE_2.1.1/STM32CubeIDE/plugins/com.st.stm32cube.ide.mcu.externaltools.gnu-tools-for-stm32.14.3.rel1.win32_1.0.100.202602081740/tools/bin/../lib/gcc/arm-none-eabi/14.3.1/thumb/v7e-m+fp/hard/crtbegin.o
LOAD D:/ST Software/STM32CubeIDE_2.1.1/STM32CubeIDE/plugins/com.st.stm32cube.ide.mcu.externaltools.gnu-tools-for-stm32.14.3.rel1.win32_1.0.100.202602081740/tools/bin/../lib/gcc/arm-none-eabi/14.3.1/../../../../arm-none-eabi/lib/thumb/v7e-m+fp/hard/crt0.o
LOAD ./Core/Src/freertos.o
LOAD ./Core/Src/gpio.o
LOAD ./Core/Src/main.o
LOAD ./Core/Src/spi.o
LOAD ./Core/Src/stm32f7xx_hal_msp.o
LOAD ./Core/Src/stm32f7xx_hal_timebase_tim.o
LOAD ./Core/Src/stm32f7xx_it.o
LOAD ./Core/Src/syscalls.o
LOAD ./Core/Src/sysmem.o
LOAD ./Core/Src/system_stm32f7xx.o
LOAD ./Core/Src/tim.o
LOAD ./Core/Startup/startup_stm32f722retx.o
LOAD ./Drivers/STM32F7xx_HAL_Driver/Src/stm32f7xx_hal.o
LOAD ./Drivers/STM32F7xx_HAL_Driver/Src/stm32f7xx_hal_cortex.o
LOAD ./Drivers/STM32F7xx_HAL_Driver/Src/stm32f7xx_hal_dma.o
LOAD ./Drivers/STM32F7xx_HAL_Driver/Src/stm32f7xx_hal_dma_ex.o
LOAD ./Drivers/STM32F7xx_HAL_Driver/Src/stm32f7xx_hal_exti.o
LOAD ./Drivers/STM32F7xx_HAL_Driver/Src/stm32f7xx_hal_flash.o
LOAD ./Drivers/STM32F7xx_HAL_Driver/Src/stm32f7xx_hal_flash_ex.o
LOAD ./Drivers/STM32F7xx_HAL_Driver/Src/stm32f7xx_hal_gpio.o
LOAD ./Drivers/STM32F7xx_HAL_Driver/Src/stm32f7xx_hal_i2c.o
LOAD ./Drivers/STM32F7xx_HAL_Driver/Src/stm32f7xx_hal_i2c_ex.o
LOAD ./Drivers/STM32F7xx_HAL_Driver/Src/stm32f7xx_hal_pwr.o
LOAD ./Drivers/STM32F7xx_HAL_Driver/Src/stm32f7xx_hal_pwr_ex.o
LOAD ./Drivers/STM32F7xx_HAL_Driver/Src/stm32f7xx_hal_rcc.o
LOAD ./Drivers/STM32F7xx_HAL_Driver/Src/stm32f7xx_hal_rcc_ex.o
LOAD ./Drivers/STM32F7xx_HAL_Driver/Src/stm32f7xx_hal_spi.o
LOAD ./Drivers/STM32F7xx_HAL_Driver/Src/stm32f7xx_hal_spi_ex.o
LOAD ./Drivers/STM32F7xx_HAL_Driver/Src/stm32f7xx_hal_tim.o
LOAD ./Drivers/STM32F7xx_HAL_Driver/Src/stm32f7xx_hal_tim_ex.o
LOAD ./Middlewares/Third_Party/FreeRTOS/Source/CMSIS_RTOS_V2/cmsis_os2.o
LOAD ./Middlewares/Third_Party/FreeRTOS/Source/croutine.o
LOAD ./Middlewares/Third_Party/FreeRTOS/Source/event_groups.o
LOAD ./Middlewares/Third_Party/FreeRTOS/Source/list.o
LOAD ./Middlewares/Third_Party/FreeRTOS/Source/queue.o
LOAD ./Middlewares/Third_Party/FreeRTOS/Source/stream_buffer.o
LOAD ./Middlewares/Third_Party/FreeRTOS/Source/tasks.o
LOAD ./Middlewares/Third_Party/FreeRTOS/Source/timers.o
LOAD ./Middlewares/Third_Party/FreeRTOS/Source/portable/GCC/ARM_CM7/r0p1/port.o
LOAD ./Middlewares/Third_Party/FreeRTOS/Source/portable/MemMang/heap_4.o
START GROUP
LOAD D:/ST Software/STM32CubeIDE_2.1.1/STM32CubeIDE/plugins/com.st.stm32cube.ide.mcu.externaltools.gnu-tools-for-stm32.14.3.rel1.win32_1.0.100.202602081740/tools/bin/../lib/gcc/arm-none-eabi/14.3.1/../../../../arm-none-eabi/lib/thumb/v7e-m+fp/hard\libc_nano.a
LOAD D:/ST Software/STM32CubeIDE_2.1.1/STM32CubeIDE/plugins/com.st.stm32cube.ide.mcu.externaltools.gnu-tools-for-stm32.14.3.rel1.win32_1.0.100.202602081740/tools/bin/../lib/gcc/arm-none-eabi/14.3.1/../../../../arm-none-eabi/lib/thumb/v7e-m+fp/hard\libm.a
END GROUP
START GROUP
LOAD D:/ST Software/STM32CubeIDE_2.1.1/STM32CubeIDE/plugins/com.st.stm32cube.ide.mcu.externaltools.gnu-tools-for-stm32.14.3.rel1.win32_1.0.100.202602081740/tools/bin/../lib/gcc/arm-none-eabi/14.3.1/thumb/v7e-m+fp/hard\libgcc.a
LOAD D:/ST Software/STM32CubeIDE_2.1.1/STM32CubeIDE/plugins/com.st.stm32cube.ide.mcu.externaltools.gnu-tools-for-stm32.14.3.rel1.win32_1.0.100.202602081740/tools/bin/../lib/gcc/arm-none-eabi/14.3.1/../../../../arm-none-eabi/lib/thumb/v7e-m+fp/hard\libc_nano.a
END GROUP
START GROUP
LOAD D:/ST Software/STM32CubeIDE_2.1.1/STM32CubeIDE/plugins/com.st.stm32cube.ide.mcu.externaltools.gnu-tools-for-stm32.14.3.rel1.win32_1.0.100.202602081740/tools/bin/../lib/gcc/arm-none-eabi/14.3.1/thumb/v7e-m+fp/hard\libgcc.a
LOAD D:/ST Software/STM32CubeIDE_2.1.1/STM32CubeIDE/plugins/com.st.stm32cube.ide.mcu.externaltools.gnu-tools-for-stm32.14.3.rel1.win32_1.0.100.202602081740/tools/bin/../lib/gcc/arm-none-eabi/14.3.1/../../../../arm-none-eabi/lib/thumb/v7e-m+fp/hard\libc_nano.a
LOAD D:/ST Software/STM32CubeIDE_2.1.1/STM32CubeIDE/plugins/com.st.stm32cube.ide.mcu.externaltools.gnu-tools-for-stm32.14.3.rel1.win32_1.0.100.202602081740/tools/bin/../lib/gcc/arm-none-eabi/14.3.1/../../../../arm-none-eabi/lib/thumb/v7e-m+fp/hard\libnosys.a
END GROUP
START GROUP
LOAD D:/ST Software/STM32CubeIDE_2.1.1/STM32CubeIDE/plugins/com.st.stm32cube.ide.mcu.externaltools.gnu-tools-for-stm32.14.3.rel1.win32_1.0.100.202602081740/tools/bin/../lib/gcc/arm-none-eabi/14.3.1/thumb/v7e-m+fp/hard\libgcc.a
LOAD D:/ST Software/STM32CubeIDE_2.1.1/STM32CubeIDE/plugins/com.st.stm32cube.ide.mcu.externaltools.gnu-tools-for-stm32.14.3.rel1.win32_1.0.100.202602081740/tools/bin/../lib/gcc/arm-none-eabi/14.3.1/../../../../arm-none-eabi/lib/thumb/v7e-m+fp/hard\libc_nano.a
LOAD D:/ST Software/STM32CubeIDE_2.1.1/STM32CubeIDE/plugins/com.st.stm32cube.ide.mcu.externaltools.gnu-tools-for-stm32.14.3.rel1.win32_1.0.100.202602081740/tools/bin/../lib/gcc/arm-none-eabi/14.3.1/../../../../arm-none-eabi/lib/thumb/v7e-m+fp/hard\libnosys.a
END GROUP
LOAD D:/ST Software/STM32CubeIDE_2.1.1/STM32CubeIDE/plugins/com.st.stm32cube.ide.mcu.externaltools.gnu-tools-for-stm32.14.3.rel1.win32_1.0.100.202602081740/tools/bin/../lib/gcc/arm-none-eabi/14.3.1/thumb/v7e-m+fp/hard/crtend.o
LOAD D:/ST Software/STM32CubeIDE_2.1.1/STM32CubeIDE/plugins/com.st.stm32cube.ide.mcu.externaltools.gnu-tools-for-stm32.14.3.rel1.win32_1.0.100.202602081740/tools/bin/../lib/gcc/arm-none-eabi/14.3.1/thumb/v7e-m+fp/hard/crtn.o
                0x20040000                        _estack = (ORIGIN (RAM) + LENGTH (RAM))
                0x00000200                        _Min_Heap_Size = 0x200
                0x00000400                        _Min_Stack_Size = 0x400

.isr_vector     0x08000000      0x1e0
                0x08000000                        . = ALIGN (0x4)
 *(.isr_vector)
 .isr_vector    0x08000000      0x1e0 ./Core/Startup/startup_stm32f722retx.o
                0x08000000                g_pfnVectors
                0x080001e0                        . = ALIGN (0x4)

.text           0x080001e0     0x34b8
                0x080001e0                        . = ALIGN (0x4)
 *(.text)
 .text          0x080001e0       0x40 D:/ST Software/STM32CubeIDE_2.1.1/STM32CubeIDE/plugins/com.st.stm32cube.ide.mcu.externaltools.gnu-tools-for-stm32.14.3.rel1.win32_1.0.100.202602081740/tools/bin/../lib/gcc/arm-none-eabi/14.3.1/thumb/v7e-m+fp/hard/crtbegin.o
 .text          0x08000220       0x30 D:/ST Software/STM32CubeIDE_2.1.1/STM32CubeIDE/plugins/com.st.stm32cube.ide.mcu.externaltools.gnu-tools-for-stm32.14.3.rel1.win32_1.0.100.202602081740/tools/bin/../lib/gcc/arm-none-eabi/14.3.1/thumb/v7e-m+fp/hard\libgcc.a(_aeabi_uldivmod.o)
                0x08000220                __aeabi_uldivmod
 .text          0x08000250      0x2f8 D:/ST Software/STM32CubeIDE_2.1.1/STM32CubeIDE/plugins/com.st.stm32cube.ide.mcu.externaltools.gnu-tools-for-stm32.14.3.rel1.win32_1.0.100.202602081740/tools/bin/../lib/gcc/arm-none-eabi/14.3.1/thumb/v7e-m+fp/hard\libgcc.a(_udivmoddi4.o)
                0x08000250                __udivmoddi4
 .text          0x08000548        0x4 D:/ST Software/STM32CubeIDE_2.1.1/STM32CubeIDE/plugins/com.st.stm32cube.ide.mcu.externaltools.gnu-tools-for-stm32.14.3.rel1.win32_1.0.100.202602081740/tools/bin/../lib/gcc/arm-none-eabi/14.3.1/thumb/v7e-m+fp/hard\libgcc.a(_dvmd_tls.o)
                0x08000548                __aeabi_idiv0
                0x08000548                __aeabi_ldiv0
 *(.text*)
 .text.StartMissionManager
                0x0800054c        0xa ./Core/Src/freertos.o
                0x0800054c                StartMissionManager
 .text.StartActuatorsTask
                0x08000556        0xa ./Core/Src/freertos.o
                0x08000556                StartActuatorsTask
 .text.StartMemoryTask
                0x08000560        0xa ./Core/Src/freertos.o
                0x08000560                StartMemoryTask
 *fill*         0x0800056a        0x2 
 .text.MX_FREERTOS_Init
                0x0800056c       0x54 ./Core/Src/freertos.o
                0x0800056c                MX_FREERTOS_Init
 .text.MX_GPIO_Init
                0x080005c0       0xc4 ./Core/Src/gpio.o
                0x080005c0                MX_GPIO_Init
 .text.SystemClock_Config
                0x08000684       0xa4 ./Core/Src/main.o
                0x08000684                SystemClock_Config
 .text.startup.main
                0x08000728       0x54 ./Core/Src/main.o
                0x08000728                main
 .text.HAL_TIM_PeriodElapsedCallback
                0x0800077c       0x14 ./Core/Src/main.o
                0x0800077c                HAL_TIM_PeriodElapsedCallback
 .text.Error_Handler
                0x08000790        0x4 ./Core/Src/main.o
                0x08000790                Error_Handler
 .text.MX_SPI1_Init
                0x08000794       0x50 ./Core/Src/spi.o
                0x08000794                MX_SPI1_Init
 .text.HAL_SPI_MspInit
                0x080007e4       0x64 ./Core/Src/spi.o
                0x080007e4                HAL_SPI_MspInit
 .text.HAL_MspInit
                0x08000848       0x3c ./Core/Src/stm32f7xx_hal_msp.o
                0x08000848                HAL_MspInit
 .text.HAL_InitTick
                0x08000884       0x90 ./Core/Src/stm32f7xx_hal_timebase_tim.o
                0x08000884                HAL_InitTick
 .text.NMI_Handler
                0x08000914        0x2 ./Core/Src/stm32f7xx_it.o
                0x08000914                NMI_Handler
 .text.HardFault_Handler
                0x08000916        0x2 ./Core/Src/stm32f7xx_it.o
                0x08000916                HardFault_Handler
 .text.MemManage_Handler
                0x08000918        0x2 ./Core/Src/stm32f7xx_it.o
                0x08000918                MemManage_Handler
 .text.BusFault_Handler
                0x0800091a        0x2 ./Core/Src/stm32f7xx_it.o
                0x0800091a                BusFault_Handler
 .text.UsageFault_Handler
                0x0800091c        0x2 ./Core/Src/stm32f7xx_it.o
                0x0800091c                UsageFault_Handler
 .text.DebugMon_Handler
                0x0800091e        0x2 ./Core/Src/stm32f7xx_it.o
                0x0800091e                DebugMon_Handler
 .text.TIM1_UP_TIM10_IRQHandler
                0x08000920        0xc ./Core/Src/stm32f7xx_it.o
                0x08000920                TIM1_UP_TIM10_IRQHandler
 .text.SystemInit
                0x0800092c       0x14 ./Core/Src/system_stm32f7xx.o
                0x0800092c                SystemInit
 .text.HAL_TIM_PWM_MspInit
                0x08000940       0x24 ./Core/Src/tim.o
                0x08000940                HAL_TIM_PWM_MspInit
 .text.HAL_TIM_MspPostInit
                0x08000964       0x4c ./Core/Src/tim.o
                0x08000964                HAL_TIM_MspPostInit
 .text.MX_TIM2_Init
                0x080009b0       0xa4 ./Core/Src/tim.o
                0x080009b0                MX_TIM2_Init
 .text.Reset_Handler
                0x08000a54       0x50 ./Core/Startup/startup_stm32f722retx.o
                0x08000a54                Reset_Handler
 .text.Default_Handler
                0x08000aa4        0x2 ./Core/Startup/startup_stm32f722retx.o
                0x08000aa4                RTC_Alarm_IRQHandler
                0x08000aa4                EXTI2_IRQHandler
                0x08000aa4                TIM8_CC_IRQHandler
                0x08000aa4                UART8_IRQHandler
                0x08000aa4                SPI4_IRQHandler
                0x08000aa4                TIM1_CC_IRQHandler
                0x08000aa4                DMA2_Stream5_IRQHandler
                0x08000aa4                DMA1_Stream5_IRQHandler
                0x08000aa4                PVD_IRQHandler
                0x08000aa4                TAMP_STAMP_IRQHandler
                0x08000aa4                EXTI3_IRQHandler
                0x08000aa4                TIM8_TRG_COM_TIM14_IRQHandler
                0x08000aa4                TIM8_UP_TIM13_IRQHandler
                0x08000aa4                I2C3_ER_IRQHandler
                0x08000aa4                EXTI0_IRQHandler
                0x08000aa4                I2C2_EV_IRQHandler
                0x08000aa4                DMA1_Stream2_IRQHandler
                0x08000aa4                CAN1_RX0_IRQHandler
                0x08000aa4                FPU_IRQHandler
                0x08000aa4                OTG_HS_WKUP_IRQHandler
                0x08000aa4                DMA2_Stream2_IRQHandler
                0x08000aa4                SPI1_IRQHandler
                0x08000aa4                TIM6_DAC_IRQHandler
                0x08000aa4                TIM1_BRK_TIM9_IRQHandler
                0x08000aa4                DMA2_Stream3_IRQHandler
                0x08000aa4                SAI2_IRQHandler
                0x08000aa4                USART6_IRQHandler
                0x08000aa4                USART3_IRQHandler
                0x08000aa4                CAN1_RX1_IRQHandler
                0x08000aa4                UART5_IRQHandler
                0x08000aa4                DMA2_Stream0_IRQHandler
                0x08000aa4                TIM4_IRQHandler
                0x08000aa4                QUADSPI_IRQHandler
                0x08000aa4                I2C1_EV_IRQHandler
                0x08000aa4                DMA1_Stream6_IRQHandler
                0x08000aa4                DMA1_Stream1_IRQHandler
                0x08000aa4                UART4_IRQHandler
                0x08000aa4                TIM3_IRQHandler
                0x08000aa4                RCC_IRQHandler
                0x08000aa4                TIM8_BRK_TIM12_IRQHandler
                0x08000aa4                Default_Handler
                0x08000aa4                EXTI15_10_IRQHandler
                0x08000aa4                ADC_IRQHandler
                0x08000aa4                DMA1_Stream7_IRQHandler
                0x08000aa4                SPI5_IRQHandler
                0x08000aa4                TIM7_IRQHandler
                0x08000aa4                SDMMC1_IRQHandler
                0x08000aa4                TIM5_IRQHandler
                0x08000aa4                DMA2_Stream7_IRQHandler
                0x08000aa4                I2C3_EV_IRQHandler
                0x08000aa4                EXTI9_5_IRQHandler
                0x08000aa4                RTC_WKUP_IRQHandler
                0x08000aa4                SPI2_IRQHandler
                0x08000aa4                OTG_HS_EP1_IN_IRQHandler
                0x08000aa4                DMA1_Stream0_IRQHandler
                0x08000aa4                CAN1_TX_IRQHandler
                0x08000aa4                EXTI4_IRQHandler
                0x08000aa4                RNG_IRQHandler
                0x08000aa4                OTG_HS_EP1_OUT_IRQHandler
                0x08000aa4                WWDG_IRQHandler
                0x08000aa4                TIM2_IRQHandler
                0x08000aa4                OTG_FS_WKUP_IRQHandler
                0x08000aa4                TIM1_TRG_COM_TIM11_IRQHandler
                0x08000aa4                OTG_HS_IRQHandler
                0x08000aa4                EXTI1_IRQHandler
                0x08000aa4                SDMMC2_IRQHandler
                0x08000aa4                UART7_IRQHandler
                0x08000aa4                USART2_IRQHandler
                0x08000aa4                I2C2_ER_IRQHandler
                0x08000aa4                DMA2_Stream1_IRQHandler
                0x08000aa4                CAN1_SCE_IRQHandler
                0x08000aa4                FLASH_IRQHandler
                0x08000aa4                DMA2_Stream4_IRQHandler
                0x08000aa4                USART1_IRQHandler
                0x08000aa4                OTG_FS_IRQHandler
                0x08000aa4                SPI3_IRQHandler
                0x08000aa4                DMA1_Stream4_IRQHandler
                0x08000aa4                I2C1_ER_IRQHandler
                0x08000aa4                FMC_IRQHandler
                0x08000aa4                LPTIM1_IRQHandler
                0x08000aa4                DMA2_Stream6_IRQHandler
                0x08000aa4                SAI1_IRQHandler
                0x08000aa4                DMA1_Stream3_IRQHandler
 .text.HAL_Init
                0x08000aa6       0x16 ./Drivers/STM32F7xx_HAL_Driver/Src/stm32f7xx_hal.o
                0x08000aa6                HAL_Init
 .text.HAL_IncTick
                0x08000abc       0x18 ./Drivers/STM32F7xx_HAL_Driver/Src/stm32f7xx_hal.o
                0x08000abc                HAL_IncTick
 .text.HAL_GetTick
                0x08000ad4        0xc ./Drivers/STM32F7xx_HAL_Driver/Src/stm32f7xx_hal.o
                0x08000ad4                HAL_GetTick
 .text.HAL_NVIC_SetPriorityGrouping
                0x08000ae0       0x24 ./Drivers/STM32F7xx_HAL_Driver/Src/stm32f7xx_hal_cortex.o
                0x08000ae0                HAL_NVIC_SetPriorityGrouping
 .text.HAL_NVIC_SetPriority
                0x08000b04       0x64 ./Drivers/STM32F7xx_HAL_Driver/Src/stm32f7xx_hal_cortex.o
                0x08000b04                HAL_NVIC_SetPriority
 .text.HAL_NVIC_EnableIRQ
                0x08000b68       0x1c ./Drivers/STM32F7xx_HAL_Driver/Src/stm32f7xx_hal_cortex.o
                0x08000b68                HAL_NVIC_EnableIRQ
 .text.HAL_MPU_Disable
                0x08000b84       0x1c ./Drivers/STM32F7xx_HAL_Driver/Src/stm32f7xx_hal_cortex.o
                0x08000b84                HAL_MPU_Disable
 .text.HAL_MPU_Enable
                0x08000ba0       0x20 ./Drivers/STM32F7xx_HAL_Driver/Src/stm32f7xx_hal_cortex.o
                0x08000ba0                HAL_MPU_Enable
 .text.HAL_MPU_ConfigRegion
                0x08000bc0       0x58 ./Drivers/STM32F7xx_HAL_Driver/Src/stm32f7xx_hal_cortex.o
                0x08000bc0                HAL_MPU_ConfigRegion
 .text.HAL_GPIO_Init
                0x08000c18      0x1b0 ./Drivers/STM32F7xx_HAL_Driver/Src/stm32f7xx_hal_gpio.o
                0x08000c18                HAL_GPIO_Init
 .text.HAL_GPIO_WritePin
                0x08000dc8        0xa ./Drivers/STM32F7xx_HAL_Driver/Src/stm32f7xx_hal_gpio.o
                0x08000dc8                HAL_GPIO_WritePin
 *fill*         0x08000dd2        0x2 
 .text.HAL_PWREx_EnableOverDrive
                0x08000dd4       0x70 ./Drivers/STM32F7xx_HAL_Driver/Src/stm32f7xx_hal_pwr_ex.o
                0x08000dd4                HAL_PWREx_EnableOverDrive
 .text.HAL_RCC_OscConfig
                0x08000e44      0x374 ./Drivers/STM32F7xx_HAL_Driver/Src/stm32f7xx_hal_rcc.o
                0x08000e44                HAL_RCC_OscConfig
 .text.HAL_RCC_GetSysClockFreq
                0x080011b8       0x5c ./Drivers/STM32F7xx_HAL_Driver/Src/stm32f7xx_hal_rcc.o
                0x080011b8                HAL_RCC_GetSysClockFreq
 .text.HAL_RCC_ClockConfig
                0x08001214      0x13c ./Drivers/STM32F7xx_HAL_Driver/Src/stm32f7xx_hal_rcc.o
                0x08001214                HAL_RCC_ClockConfig
 .text.HAL_RCC_GetPCLK2Freq
                0x08001350       0x20 ./Drivers/STM32F7xx_HAL_Driver/Src/stm32f7xx_hal_rcc.o
                0x08001350                HAL_RCC_GetPCLK2Freq
 .text.HAL_RCC_GetClockConfig
                0x08001370       0x3c ./Drivers/STM32F7xx_HAL_Driver/Src/stm32f7xx_hal_rcc.o
                0x08001370                HAL_RCC_GetClockConfig
 .text.HAL_SPI_Init
                0x080013ac       0xdc ./Drivers/STM32F7xx_HAL_Driver/Src/stm32f7xx_hal_spi.o
                0x080013ac                HAL_SPI_Init
 .text.TIM_OC1_SetConfig
                0x08001488       0x5c ./Drivers/STM32F7xx_HAL_Driver/Src/stm32f7xx_hal_tim.o
 .text.TIM_OC3_SetConfig
                0x080014e4       0x60 ./Drivers/STM32F7xx_HAL_Driver/Src/stm32f7xx_hal_tim.o
 .text.TIM_OC4_SetConfig
                0x08001544       0x50 ./Drivers/STM32F7xx_HAL_Driver/Src/stm32f7xx_hal_tim.o
 .text.TIM_OC5_SetConfig
                0x08001594       0x50 ./Drivers/STM32F7xx_HAL_Driver/Src/stm32f7xx_hal_tim.o
 .text.TIM_OC6_SetConfig
                0x080015e4       0x50 ./Drivers/STM32F7xx_HAL_Driver/Src/stm32f7xx_hal_tim.o
 .text.HAL_TIM_Base_MspInit
                0x08001634        0x2 ./Drivers/STM32F7xx_HAL_Driver/Src/stm32f7xx_hal_tim.o
                0x08001634                HAL_TIM_Base_MspInit
 *fill*         0x08001636        0x2 
 .text.HAL_TIM_Base_Start_IT
                0x08001638       0x7c ./Drivers/STM32F7xx_HAL_Driver/Src/stm32f7xx_hal_tim.o
                0x08001638                HAL_TIM_Base_Start_IT
 .text.HAL_TIM_OC_DelayElapsedCallback
                0x080016b4        0x2 ./Drivers/STM32F7xx_HAL_Driver/Src/stm32f7xx_hal_tim.o
                0x080016b4                HAL_TIM_OC_DelayElapsedCallback
 .text.HAL_TIM_IC_CaptureCallback
                0x080016b6        0x2 ./Drivers/STM32F7xx_HAL_Driver/Src/stm32f7xx_hal_tim.o
                0x080016b6                HAL_TIM_IC_CaptureCallback
 .text.HAL_TIM_PWM_PulseFinishedCallback
                0x080016b8        0x2 ./Drivers/STM32F7xx_HAL_Driver/Src/stm32f7xx_hal_tim.o
                0x080016b8                HAL_TIM_PWM_PulseFinishedCallback
 .text.HAL_TIM_TriggerCallback
                0x080016ba        0x2 ./Drivers/STM32F7xx_HAL_Driver/Src/stm32f7xx_hal_tim.o
                0x080016ba                HAL_TIM_TriggerCallback
 .text.HAL_TIM_IRQHandler
                0x080016bc      0x140 ./Drivers/STM32F7xx_HAL_Driver/Src/stm32f7xx_hal_tim.o
                0x080016bc                HAL_TIM_IRQHandler
 .text.TIM_Base_SetConfig
                0x080017fc       0xa8 ./Drivers/STM32F7xx_HAL_Driver/Src/stm32f7xx_hal_tim.o
                0x080017fc                TIM_Base_SetConfig
 .text.HAL_TIM_Base_Init
                0x080018a4       0x60 ./Drivers/STM32F7xx_HAL_Driver/Src/stm32f7xx_hal_tim.o
                0x080018a4                HAL_TIM_Base_Init
 .text.HAL_TIM_PWM_Init
                0x08001904       0x60 ./Drivers/STM32F7xx_HAL_Driver/Src/stm32f7xx_hal_tim.o
                0x08001904                HAL_TIM_PWM_Init
 .text.TIM_OC2_SetConfig
                0x08001964       0x64 ./Drivers/STM32F7xx_HAL_Driver/Src/stm32f7xx_hal_tim.o
                0x08001964                TIM_OC2_SetConfig
 .text.HAL_TIM_PWM_ConfigChannel
                0x080019c8       0xf8 ./Drivers/STM32F7xx_HAL_Driver/Src/stm32f7xx_hal_tim.o
                0x080019c8                HAL_TIM_PWM_ConfigChannel
 .text.HAL_TIMEx_MasterConfigSynchronization
                0x08001ac0       0x94 ./Drivers/STM32F7xx_HAL_Driver/Src/stm32f7xx_hal_tim_ex.o
                0x08001ac0                HAL_TIMEx_MasterConfigSynchronization
 .text.HAL_TIMEx_CommutCallback
                0x08001b54        0x2 ./Drivers/STM32F7xx_HAL_Driver/Src/stm32f7xx_hal_tim_ex.o
                0x08001b54                HAL_TIMEx_CommutCallback
 .text.HAL_TIMEx_BreakCallback
                0x08001b56        0x2 ./Drivers/STM32F7xx_HAL_Driver/Src/stm32f7xx_hal_tim_ex.o
                0x08001b56                HAL_TIMEx_BreakCallback
 .text.HAL_TIMEx_Break2Callback
                0x08001b58        0x2 ./Drivers/STM32F7xx_HAL_Driver/Src/stm32f7xx_hal_tim_ex.o
                0x08001b58                HAL_TIMEx_Break2Callback
 *fill*         0x08001b5a        0x2 
 .text.osKernelInitialize
                0x08001b5c       0x34 ./Middlewares/Third_Party/FreeRTOS/Source/CMSIS_RTOS_V2/cmsis_os2.o
                0x08001b5c                osKernelInitialize
 .text.osKernelStart
                0x08001b90       0x40 ./Middlewares/Third_Party/FreeRTOS/Source/CMSIS_RTOS_V2/cmsis_os2.o
                0x08001b90                osKernelStart
 .text.osThreadNew
                0x08001bd0       0xa4 ./Middlewares/Third_Party/FreeRTOS/Source/CMSIS_RTOS_V2/cmsis_os2.o
                0x08001bd0                osThreadNew
 .text.osDelay  0x08001c74       0x30 ./Middlewares/Third_Party/FreeRTOS/Source/CMSIS_RTOS_V2/cmsis_os2.o
                0x08001c74                osDelay
 .text.vApplicationGetIdleTaskMemory
                0x08001ca4       0x18 ./Middlewares/Third_Party/FreeRTOS/Source/CMSIS_RTOS_V2/cmsis_os2.o
                0x08001ca4                vApplicationGetIdleTaskMemory
 .text.vApplicationGetTimerTaskMemory
                0x08001cbc       0x18 ./Middlewares/Third_Party/FreeRTOS/Source/CMSIS_RTOS_V2/cmsis_os2.o
                0x08001cbc                vApplicationGetTimerTaskMemory
 .text.vListInitialise
                0x08001cd4       0x16 ./Middlewares/Third_Party/FreeRTOS/Source/list.o
                0x08001cd4                vListInitialise
 .text.vListInitialiseItem
                0x08001cea        0x6 ./Middlewares/Third_Party/FreeRTOS/Source/list.o
                0x08001cea                vListInitialiseItem
 .text.vListInsertEnd
                0x08001cf0       0x16 ./Middlewares/Third_Party/FreeRTOS/Source/list.o
                0x08001cf0                vListInsertEnd
 .text.vListInsert
                0x08001d06       0x2e ./Middlewares/Third_Party/FreeRTOS/Source/list.o
                0x08001d06                vListInsert
 .text.uxListRemove
                0x08001d34       0x20 ./Middlewares/Third_Party/FreeRTOS/Source/list.o
                0x08001d34                uxListRemove
 .text.prvIsQueueEmpty
                0x08001d54       0x16 ./Middlewares/Third_Party/FreeRTOS/Source/queue.o
 .text.prvCopyDataToQueue
                0x08001d6a       0x66 ./Middlewares/Third_Party/FreeRTOS/Source/queue.o
 .text.prvCopyDataFromQueue
                0x08001dd0       0x28 ./Middlewares/Third_Party/FreeRTOS/Source/queue.o
 .text.prvUnlockQueue
                0x08001df8       0x6c ./Middlewares/Third_Party/FreeRTOS/Source/queue.o
 .text.xQueueGenericReset
                0x08001e64       0x82 ./Middlewares/Third_Party/FreeRTOS/Source/queue.o
                0x08001e64                xQueueGenericReset
 .text.xQueueGenericCreateStatic.part.0
                0x08001ee6       0x98 ./Middlewares/Third_Party/FreeRTOS/Source/queue.o
 .text.xQueueGenericCreateStatic
                0x08001f7e       0x28 ./Middlewares/Third_Party/FreeRTOS/Source/queue.o
                0x08001f7e                xQueueGenericCreateStatic
 .text.xQueueGenericSend
                0x08001fa6      0x174 ./Middlewares/Third_Party/FreeRTOS/Source/queue.o
                0x08001fa6                xQueueGenericSend
 .text.xQueueGenericSendFromISR
                0x0800211a       0xc8 ./Middlewares/Third_Party/FreeRTOS/Source/queue.o
                0x0800211a                xQueueGenericSendFromISR
 .text.xQueueReceive
                0x080021e2      0x14a ./Middlewares/Third_Party/FreeRTOS/Source/queue.o
                0x080021e2                xQueueReceive
 .text.vQueueAddToRegistry
                0x0800232c       0x24 ./Middlewares/Third_Party/FreeRTOS/Source/queue.o
                0x0800232c                vQueueAddToRegistry
 .text.vQueueWaitForMessageRestricted
                0x08002350       0x46 ./Middlewares/Third_Party/FreeRTOS/Source/queue.o
                0x08002350                vQueueWaitForMessageRestricted
 *fill*         0x08002396        0x2 
 .text.prvAddNewTaskToReadyList
                0x08002398       0xfc ./Middlewares/Third_Party/FreeRTOS/Source/tasks.o
 .text.prvAddCurrentTaskToDelayedList
                0x08002494       0x70 ./Middlewares/Third_Party/FreeRTOS/Source/tasks.o
 .text.prvResetNextTaskUnblockTime
                0x08002504       0x24 ./Middlewares/Third_Party/FreeRTOS/Source/tasks.o
 .text.prvDeleteTCB
                0x08002528       0x3a ./Middlewares/Third_Party/FreeRTOS/Source/tasks.o
 *fill*         0x08002562        0x2 
 .text.prvIdleTask
                0x08002564       0x60 ./Middlewares/Third_Party/FreeRTOS/Source/tasks.o
 .text.prvInitialiseNewTask.constprop.0
                0x080025c4       0x96 ./Middlewares/Third_Party/FreeRTOS/Source/tasks.o
 .text.xTaskCreateStatic
                0x0800265a       0x7c ./Middlewares/Third_Party/FreeRTOS/Source/tasks.o
                0x0800265a                xTaskCreateStatic
 .text.xTaskCreate
                0x080026d6       0x5c ./Middlewares/Third_Party/FreeRTOS/Source/tasks.o
                0x080026d6                xTaskCreate
 *fill*         0x08002732        0x2 
 .text.vTaskStartScheduler
                0x08002734       0x94 ./Middlewares/Third_Party/FreeRTOS/Source/tasks.o
                0x08002734                vTaskStartScheduler
 .text.vTaskSuspendAll
                0x080027c8       0x10 ./Middlewares/Third_Party/FreeRTOS/Source/tasks.o
                0x080027c8                vTaskSuspendAll
 .text.xTaskGetTickCount
                0x080027d8        0xc ./Middlewares/Third_Party/FreeRTOS/Source/tasks.o
                0x080027d8                xTaskGetTickCount
 .text.xTaskIncrementTick
                0x080027e4      0x134 ./Middlewares/Third_Party/FreeRTOS/Source/tasks.o
                0x080027e4                xTaskIncrementTick
 .text.xTaskResumeAll
                0x08002918       0xec ./Middlewares/Third_Party/FreeRTOS/Source/tasks.o
                0x08002918                xTaskResumeAll
 .text.vTaskDelay
                0x08002a04       0x4c ./Middlewares/Third_Party/FreeRTOS/Source/tasks.o
                0x08002a04                vTaskDelay
 .text.vTaskSwitchContext
                0x08002a50       0x70 ./Middlewares/Third_Party/FreeRTOS/Source/tasks.o
                0x08002a50                vTaskSwitchContext
 .text.vTaskPlaceOnEventList
                0x08002ac0       0x38 ./Middlewares/Third_Party/FreeRTOS/Source/tasks.o
                0x08002ac0                vTaskPlaceOnEventList
 .text.vTaskPlaceOnEventListRestricted
                0x08002af8       0x40 ./Middlewares/Third_Party/FreeRTOS/Source/tasks.o
                0x08002af8                vTaskPlaceOnEventListRestricted
 .text.xTaskRemoveFromEventList
                0x08002b38       0x88 ./Middlewares/Third_Party/FreeRTOS/Source/tasks.o
                0x08002b38                xTaskRemoveFromEventList
 .text.vTaskInternalSetTimeOutState
                0x08002bc0       0x18 ./Middlewares/Third_Party/FreeRTOS/Source/tasks.o
                0x08002bc0                vTaskInternalSetTimeOutState
 .text.xTaskCheckForTimeOut
                0x08002bd8       0x80 ./Middlewares/Third_Party/FreeRTOS/Source/tasks.o
                0x08002bd8                xTaskCheckForTimeOut
 .text.vTaskMissedYield
                0x08002c58        0xc ./Middlewares/Third_Party/FreeRTOS/Source/tasks.o
                0x08002c58                vTaskMissedYield
 .text.xTaskGetSchedulerState
                0x08002c64       0x20 ./Middlewares/Third_Party/FreeRTOS/Source/tasks.o
                0x08002c64                xTaskGetSchedulerState
 .text.xTaskPriorityDisinherit
                0x08002c84       0x8c ./Middlewares/Third_Party/FreeRTOS/Source/tasks.o
                0x08002c84                xTaskPriorityDisinherit
 .text.prvInsertTimerInActiveList
                0x08002d10       0x3c ./Middlewares/Third_Party/FreeRTOS/Source/timers.o
 .text.prvCheckForValidListAndQueue
                0x08002d4c       0x68 ./Middlewares/Third_Party/FreeRTOS/Source/timers.o
 .text.xTimerCreateTimerTask
                0x08002db4       0x68 ./Middlewares/Third_Party/FreeRTOS/Source/timers.o
                0x08002db4                xTimerCreateTimerTask
 .text.xTimerGenericCommand
                0x08002e1c       0x5c ./Middlewares/Third_Party/FreeRTOS/Source/timers.o
                0x08002e1c                xTimerGenericCommand
 .text.prvSwitchTimerLists
                0x08002e78       0x78 ./Middlewares/Third_Party/FreeRTOS/Source/timers.o
 .text.prvTimerTask
                0x08002ef0      0x1fc ./Middlewares/Third_Party/FreeRTOS/Source/timers.o
 .text.prvPortStartFirstTask
                0x080030ec       0x28 ./Middlewares/Third_Party/FreeRTOS/Source/portable/GCC/ARM_CM7/r0p1/port.o
 .text.vPortEnableVFP
                0x08003114       0x14 ./Middlewares/Third_Party/FreeRTOS/Source/portable/GCC/ARM_CM7/r0p1/port.o
 .text.prvTaskExitError
                0x08003128       0x48 ./Middlewares/Third_Party/FreeRTOS/Source/portable/GCC/ARM_CM7/r0p1/port.o
 .text.pxPortInitialiseStack
                0x08003170       0x24 ./Middlewares/Third_Party/FreeRTOS/Source/portable/GCC/ARM_CM7/r0p1/port.o
                0x08003170                pxPortInitialiseStack
 *fill*         0x08003194        0xc 
 .text.SVC_Handler
                0x080031a0       0x24 ./Middlewares/Third_Party/FreeRTOS/Source/portable/GCC/ARM_CM7/r0p1/port.o
                0x080031a0                SVC_Handler
 .text.vPortEnterCritical
                0x080031c4       0x48 ./Middlewares/Third_Party/FreeRTOS/Source/portable/GCC/ARM_CM7/r0p1/port.o
                0x080031c4                vPortEnterCritical
 .text.vPortExitCritical
                0x0800320c       0x2c ./Middlewares/Third_Party/FreeRTOS/Source/portable/GCC/ARM_CM7/r0p1/port.o
                0x0800320c                vPortExitCritical
 *fill*         0x08003238        0x8 
 .text.PendSV_Handler
                0x08003240       0x64 ./Middlewares/Third_Party/FreeRTOS/Source/portable/GCC/ARM_CM7/r0p1/port.o
                0x08003240                PendSV_Handler
 .text.SysTick_Handler
                0x080032a4       0x30 ./Middlewares/Third_Party/FreeRTOS/Source/portable/GCC/ARM_CM7/r0p1/port.o
                0x080032a4                SysTick_Handler
 .text.vPortSetupTimerInterrupt
                0x080032d4       0x24 ./Middlewares/Third_Party/FreeRTOS/Source/portable/GCC/ARM_CM7/r0p1/port.o
                0x080032d4                vPortSetupTimerInterrupt
 .text.xPortStartScheduler
                0x080032f8       0xc4 ./Middlewares/Third_Party/FreeRTOS/Source/portable/GCC/ARM_CM7/r0p1/port.o
                0x080032f8                xPortStartScheduler
 .text.vPortValidateInterruptPriority
                0x080033bc       0x64 ./Middlewares/Third_Party/FreeRTOS/Source/portable/GCC/ARM_CM7/r0p1/port.o
                0x080033bc                vPortValidateInterruptPriority
 .text.prvInsertBlockIntoFreeList
                0x08003420       0x4c ./Middlewares/Third_Party/FreeRTOS/Source/portable/MemMang/heap_4.o
 .text.pvPortMalloc
                0x0800346c      0x128 ./Middlewares/Third_Party/FreeRTOS/Source/portable/MemMang/heap_4.o
                0x0800346c                pvPortMalloc
 .text.vPortFree
                0x08003594       0x78 ./Middlewares/Third_Party/FreeRTOS/Source/portable/MemMang/heap_4.o
                0x08003594                vPortFree
 .text.memset   0x0800360c       0x10 D:/ST Software/STM32CubeIDE_2.1.1/STM32CubeIDE/plugins/com.st.stm32cube.ide.mcu.externaltools.gnu-tools-for-stm32.14.3.rel1.win32_1.0.100.202602081740/tools/bin/../lib/gcc/arm-none-eabi/14.3.1/../../../../arm-none-eabi/lib/thumb/v7e-m+fp/hard\libc_nano.a(libc_a-memset.o)
                0x0800360c                memset
 .text.__libc_init_array
                0x0800361c       0x48 D:/ST Software/STM32CubeIDE_2.1.1/STM32CubeIDE/plugins/com.st.stm32cube.ide.mcu.externaltools.gnu-tools-for-stm32.14.3.rel1.win32_1.0.100.202602081740/tools/bin/../lib/gcc/arm-none-eabi/14.3.1/../../../../arm-none-eabi/lib/thumb/v7e-m+fp/hard\libc_nano.a(libc_a-init.o)
                0x0800361c                __libc_init_array
 .text.memcpy   0x08003664       0x1c D:/ST Software/STM32CubeIDE_2.1.1/STM32CubeIDE/plugins/com.st.stm32cube.ide.mcu.externaltools.gnu-tools-for-stm32.14.3.rel1.win32_1.0.100.202602081740/tools/bin/../lib/gcc/arm-none-eabi/14.3.1/../../../../arm-none-eabi/lib/thumb/v7e-m+fp/hard\libc_nano.a(libc_a-memcpy-stub.o)
                0x08003664                memcpy
 *(.glue_7)
 .glue_7        0x08003680        0x0 linker stubs
 *(.glue_7t)
 .glue_7t       0x08003680        0x0 linker stubs
 *(.eh_frame)
 .eh_frame      0x08003680        0x0 D:/ST Software/STM32CubeIDE_2.1.1/STM32CubeIDE/plugins/com.st.stm32cube.ide.mcu.externaltools.gnu-tools-for-stm32.14.3.rel1.win32_1.0.100.202602081740/tools/bin/../lib/gcc/arm-none-eabi/14.3.1/thumb/v7e-m+fp/hard/crtbegin.o
 *(.init)
 .init          0x08003680        0x4 D:/ST Software/STM32CubeIDE_2.1.1/STM32CubeIDE/plugins/com.st.stm32cube.ide.mcu.externaltools.gnu-tools-for-stm32.14.3.rel1.win32_1.0.100.202602081740/tools/bin/../lib/gcc/arm-none-eabi/14.3.1/thumb/v7e-m+fp/hard/crti.o
                0x08003680                _init
 .init          0x08003684        0x8 D:/ST Software/STM32CubeIDE_2.1.1/STM32CubeIDE/plugins/com.st.stm32cube.ide.mcu.externaltools.gnu-tools-for-stm32.14.3.rel1.win32_1.0.100.202602081740/tools/bin/../lib/gcc/arm-none-eabi/14.3.1/thumb/v7e-m+fp/hard/crtn.o
 *(.fini)
 .fini          0x0800368c        0x4 D:/ST Software/STM32CubeIDE_2.1.1/STM32CubeIDE/plugins/com.st.stm32cube.ide.mcu.externaltools.gnu-tools-for-stm32.14.3.rel1.win32_1.0.100.202602081740/tools/bin/../lib/gcc/arm-none-eabi/14.3.1/thumb/v7e-m+fp/hard/crti.o
                0x0800368c                _fini
 .fini          0x08003690        0x8 D:/ST Software/STM32CubeIDE_2.1.1/STM32CubeIDE/plugins/com.st.stm32cube.ide.mcu.externaltools.gnu-tools-for-stm32.14.3.rel1.win32_1.0.100.202602081740/tools/bin/../lib/gcc/arm-none-eabi/14.3.1/thumb/v7e-m+fp/hard/crtn.o
                0x08003698                        . = ALIGN (0x4)
                0x08003698                        _etext = .

.vfp11_veneer   0x08003698        0x0
 .vfp11_veneer  0x08003698        0x0 linker stubs

.v4_bx          0x08003698        0x0
 .v4_bx         0x08003698        0x0 linker stubs

.iplt           0x08003698        0x0
 .iplt          0x08003698        0x0 D:/ST Software/STM32CubeIDE_2.1.1/STM32CubeIDE/plugins/com.st.stm32cube.ide.mcu.externaltools.gnu-tools-for-stm32.14.3.rel1.win32_1.0.100.202602081740/tools/bin/../lib/gcc/arm-none-eabi/14.3.1/thumb/v7e-m+fp/hard/crtbegin.o

.rodata         0x08003698       0xc0
                0x08003698                        . = ALIGN (0x4)
 *(.rodata)
 *(.rodata*)
 .rodata.str1.1
                0x08003698       0x3a ./Core/Src/freertos.o
                                 0x28 (size before relaxing)
 *fill*         0x080036d2        0x2 
 .rodata.MemoryTask_attributes
                0x080036d4       0x24 ./Core/Src/freertos.o
                0x080036d4                MemoryTask_attributes
 .rodata.ActuatorsTask_attributes
                0x080036f8       0x24 ./Core/Src/freertos.o
                0x080036f8                ActuatorsTask_attributes
 .rodata.MissionManager_attributes
                0x0800371c       0x24 ./Core/Src/freertos.o
                0x0800371c                MissionManager_attributes
 .rodata.APBPrescTable
                0x08003740        0x8 ./Core/Src/system_stm32f7xx.o
                0x08003740                APBPrescTable
 .rodata.AHBPrescTable
                0x08003748       0x10 ./Core/Src/system_stm32f7xx.o
                0x08003748                AHBPrescTable
 .rodata.vTaskStartScheduler.str1.1
                0x08003758        0x5 ./Middlewares/Third_Party/FreeRTOS/Source/tasks.o
 .rodata.prvCheckForValidListAndQueue.str1.1
                0x08003758        0x5 ./Middlewares/Third_Party/FreeRTOS/Source/timers.o
 .rodata.xTimerCreateTimerTask.str1.1
                0x08003758        0x8 ./Middlewares/Third_Party/FreeRTOS/Source/timers.o
                0x08003760                        . = ALIGN (0x4)

.ARM.extab      0x08003758        0x0
                0x08003758                        . = ALIGN (0x4)
 *(.ARM.extab* .gnu.linkonce.armextab.*)
                0x08003758                        . = ALIGN (0x4)

.ARM            0x08003758        0x8
                0x08003758                        . = ALIGN (0x4)
                0x08003758                        __exidx_start = .
 *(.ARM.exidx*)
 .ARM.exidx     0x08003758        0x8 D:/ST Software/STM32CubeIDE_2.1.1/STM32CubeIDE/plugins/com.st.stm32cube.ide.mcu.externaltools.gnu-tools-for-stm32.14.3.rel1.win32_1.0.100.202602081740/tools/bin/../lib/gcc/arm-none-eabi/14.3.1/thumb/v7e-m+fp/hard\libgcc.a(_udivmoddi4.o)
                0x08003760                        __exidx_end = .
                0x08003760                        . = ALIGN (0x4)

.preinit_array  0x08003760        0x0
                0x08003760                        . = ALIGN (0x4)
                0x08003760                        PROVIDE (__preinit_array_start = .)
 *(.preinit_array*)
                0x08003760                        PROVIDE (__preinit_array_end = .)
                0x08003760                        . = ALIGN (0x4)

.init_array     0x08003760        0x4
                0x08003760                        . = ALIGN (0x4)
                0x08003760                        PROVIDE (__init_array_start = .)
 *(SORT_BY_NAME(.init_array.*))
 *(.init_array*)
 .init_array    0x08003760        0x4 D:/ST Software/STM32CubeIDE_2.1.1/STM32CubeIDE/plugins/com.st.stm32cube.ide.mcu.externaltools.gnu-tools-for-stm32.14.3.rel1.win32_1.0.100.202602081740/tools/bin/../lib/gcc/arm-none-eabi/14.3.1/thumb/v7e-m+fp/hard/crtbegin.o
                0x08003764                        PROVIDE (__init_array_end = .)
                0x08003764                        . = ALIGN (0x4)

.fini_array     0x08003764        0x4
                0x08003764                        . = ALIGN (0x4)
                [!provide]                        PROVIDE (__fini_array_start = .)
 *(SORT_BY_NAME(.fini_array.*))
 *(.fini_array*)
 .fini_array    0x08003764        0x4 D:/ST Software/STM32CubeIDE_2.1.1/STM32CubeIDE/plugins/com.st.stm32cube.ide.mcu.externaltools.gnu-tools-for-stm32.14.3.rel1.win32_1.0.100.202602081740/tools/bin/../lib/gcc/arm-none-eabi/14.3.1/thumb/v7e-m+fp/hard/crtbegin.o
                [!provide]                        PROVIDE (__fini_array_end = .)
                0x08003768                        . = ALIGN (0x4)
                0x08003768                        _sidata = LOADADDR (.data)

.rel.dyn        0x08003768        0x0
 .rel.iplt      0x08003768        0x0 D:/ST Software/STM32CubeIDE_2.1.1/STM32CubeIDE/plugins/com.st.stm32cube.ide.mcu.externaltools.gnu-tools-for-stm32.14.3.rel1.win32_1.0.100.202602081740/tools/bin/../lib/gcc/arm-none-eabi/14.3.1/thumb/v7e-m+fp/hard/crtbegin.o

.data           0x20000000       0x10 load address 0x08003768
                0x20000000                        . = ALIGN (0x4)
                0x20000000                        _sdata = .
 *(.data)
 *(.data*)
 .data.SystemCoreClock
                0x20000000        0x4 ./Core/Src/system_stm32f7xx.o
                0x20000000                SystemCoreClock
 .data.uwTickFreq
                0x20000004        0x1 ./Drivers/STM32F7xx_HAL_Driver/Src/stm32f7xx_hal.o
                0x20000004                uwTickFreq
 *fill*         0x20000005        0x3 
 .data.uwTickPrio
                0x20000008        0x4 ./Drivers/STM32F7xx_HAL_Driver/Src/stm32f7xx_hal.o
                0x20000008                uwTickPrio
 .data.uxCriticalNesting
                0x2000000c        0x4 ./Middlewares/Third_Party/FreeRTOS/Source/portable/GCC/ARM_CM7/r0p1/port.o
 *(.RamFunc)
 *(.RamFunc*)
                0x20000010                        . = ALIGN (0x4)
                0x20000010                        _edata = .

.igot.plt       0x20000010        0x0 load address 0x08003778
 .igot.plt      0x20000010        0x0 D:/ST Software/STM32CubeIDE_2.1.1/STM32CubeIDE/plugins/com.st.stm32cube.ide.mcu.externaltools.gnu-tools-for-stm32.14.3.rel1.win32_1.0.100.202602081740/tools/bin/../lib/gcc/arm-none-eabi/14.3.1/thumb/v7e-m+fp/hard/crtbegin.o
                0x20000010                        . = ALIGN (0x4)

.bss            0x20000010     0x3508 load address 0x08003778
                0x20000010                        _sbss = .
                0x20000010                        __bss_start__ = _sbss
 *(.bss)
 .bss           0x20000010       0x1c D:/ST Software/STM32CubeIDE_2.1.1/STM32CubeIDE/plugins/com.st.stm32cube.ide.mcu.externaltools.gnu-tools-for-stm32.14.3.rel1.win32_1.0.100.202602081740/tools/bin/../lib/gcc/arm-none-eabi/14.3.1/thumb/v7e-m+fp/hard/crtbegin.o
 *(.bss*)
 .bss.MemoryTaskControlBlock
                0x2000002c       0x5c ./Core/Src/freertos.o
                0x2000002c                MemoryTaskControlBlock
 .bss.MemoryTaskBuffer
                0x20000088      0x400 ./Core/Src/freertos.o
                0x20000088                MemoryTaskBuffer
 .bss.MemoryTaskHandle
                0x20000488        0x4 ./Core/Src/freertos.o
                0x20000488                MemoryTaskHandle
 .bss.ActuatorsTaskControlBlock
                0x2000048c       0x5c ./Core/Src/freertos.o
                0x2000048c                ActuatorsTaskControlBlock
 .bss.ActuatorsTaskBuffer
                0x200004e8      0x400 ./Core/Src/freertos.o
                0x200004e8                ActuatorsTaskBuffer
 .bss.ActuatorsTaskHandle
                0x200008e8        0x4 ./Core/Src/freertos.o
                0x200008e8                ActuatorsTaskHandle
 .bss.MissionManagerControlBlock
                0x200008ec       0x5c ./Core/Src/freertos.o
                0x200008ec                MissionManagerControlBlock
 .bss.MissionManagerBuffer
                0x20000948      0x400 ./Core/Src/freertos.o
                0x20000948                MissionManagerBuffer
 .bss.MissionManagerHandle
                0x20000d48        0x4 ./Core/Src/freertos.o
                0x20000d48                MissionManagerHandle
 .bss.hspi1     0x20000d4c       0x64 ./Core/Src/spi.o
                0x20000d4c                hspi1
 .bss.htim10    0x20000db0       0x4c ./Core/Src/stm32f7xx_hal_timebase_tim.o
                0x20000db0                htim10
 .bss.htim2     0x20000dfc       0x4c ./Core/Src/tim.o
                0x20000dfc                htim2
 .bss.uwTick    0x20000e48        0x4 ./Drivers/STM32F7xx_HAL_Driver/Src/stm32f7xx_hal.o
                0x20000e48                uwTick
 .bss.Timer_Stack
                0x20000e4c      0x800 ./Middlewares/Third_Party/FreeRTOS/Source/CMSIS_RTOS_V2/cmsis_os2.o
 .bss.Timer_TCB
                0x2000164c       0x5c ./Middlewares/Third_Party/FreeRTOS/Source/CMSIS_RTOS_V2/cmsis_os2.o
 .bss.Idle_Stack
                0x200016a8      0x400 ./Middlewares/Third_Party/FreeRTOS/Source/CMSIS_RTOS_V2/cmsis_os2.o
 .bss.Idle_TCB  0x20001aa8       0x5c ./Middlewares/Third_Party/FreeRTOS/Source/CMSIS_RTOS_V2/cmsis_os2.o
 .bss.KernelState
                0x20001b04        0x4 ./Middlewares/Third_Party/FreeRTOS/Source/CMSIS_RTOS_V2/cmsis_os2.o
 .bss.xQueueRegistry
                0x20001b08       0x40 ./Middlewares/Third_Party/FreeRTOS/Source/queue.o
                0x20001b08                xQueueRegistry
 .bss.uxSchedulerSuspended
                0x20001b48        0x4 ./Middlewares/Third_Party/FreeRTOS/Source/tasks.o
 .bss.xNextTaskUnblockTime
                0x20001b4c        0x4 ./Middlewares/Third_Party/FreeRTOS/Source/tasks.o
 .bss.uxTaskNumber
                0x20001b50        0x4 ./Middlewares/Third_Party/FreeRTOS/Source/tasks.o
 .bss.xNumOfOverflows
                0x20001b54        0x4 ./Middlewares/Third_Party/FreeRTOS/Source/tasks.o
 .bss.xYieldPending
                0x20001b58        0x4 ./Middlewares/Third_Party/FreeRTOS/Source/tasks.o
 .bss.uxPendedTicks
                0x20001b5c        0x4 ./Middlewares/Third_Party/FreeRTOS/Source/tasks.o
 .bss.xSchedulerRunning
                0x20001b60        0x4 ./Middlewares/Third_Party/FreeRTOS/Source/tasks.o
 .bss.uxTopReadyPriority
                0x20001b64        0x4 ./Middlewares/Third_Party/FreeRTOS/Source/tasks.o
 .bss.xTickCount
                0x20001b68        0x4 ./Middlewares/Third_Party/FreeRTOS/Source/tasks.o
 .bss.uxCurrentNumberOfTasks
                0x20001b6c        0x4 ./Middlewares/Third_Party/FreeRTOS/Source/tasks.o
 .bss.xSuspendedTaskList
                0x20001b70       0x14 ./Middlewares/Third_Party/FreeRTOS/Source/tasks.o
 .bss.uxDeletedTasksWaitingCleanUp
                0x20001b84        0x4 ./Middlewares/Third_Party/FreeRTOS/Source/tasks.o
 .bss.xTasksWaitingTermination
                0x20001b88       0x14 ./Middlewares/Third_Party/FreeRTOS/Source/tasks.o
 .bss.xPendingReadyList
                0x20001b9c       0x14 ./Middlewares/Third_Party/FreeRTOS/Source/tasks.o
 .bss.pxOverflowDelayedTaskList
                0x20001bb0        0x4 ./Middlewares/Third_Party/FreeRTOS/Source/tasks.o
 .bss.pxDelayedTaskList
                0x20001bb4        0x4 ./Middlewares/Third_Party/FreeRTOS/Source/tasks.o
 .bss.xDelayedTaskList2
                0x20001bb8       0x14 ./Middlewares/Third_Party/FreeRTOS/Source/tasks.o
 .bss.xDelayedTaskList1
                0x20001bcc       0x14 ./Middlewares/Third_Party/FreeRTOS/Source/tasks.o
 .bss.pxReadyTasksLists
                0x20001be0      0x460 ./Middlewares/Third_Party/FreeRTOS/Source/tasks.o
 .bss.pxCurrentTCB
                0x20002040        0x4 ./Middlewares/Third_Party/FreeRTOS/Source/tasks.o
                0x20002040                pxCurrentTCB
 .bss.xStaticTimerQueue.0
                0x20002044       0x50 ./Middlewares/Third_Party/FreeRTOS/Source/timers.o
 .bss.ucStaticTimerQueueStorage.1
                0x20002094       0xa0 ./Middlewares/Third_Party/FreeRTOS/Source/timers.o
 .bss.xLastTime.2
                0x20002134        0x4 ./Middlewares/Third_Party/FreeRTOS/Source/timers.o
 .bss.xTimerTaskHandle
                0x20002138        0x4 ./Middlewares/Third_Party/FreeRTOS/Source/timers.o
 .bss.xTimerQueue
                0x2000213c        0x4 ./Middlewares/Third_Party/FreeRTOS/Source/timers.o
 .bss.pxOverflowTimerList
                0x20002140        0x4 ./Middlewares/Third_Party/FreeRTOS/Source/timers.o
 .bss.pxCurrentTimerList
                0x20002144        0x4 ./Middlewares/Third_Party/FreeRTOS/Source/timers.o
 .bss.xActiveTimerList2
                0x20002148       0x14 ./Middlewares/Third_Party/FreeRTOS/Source/timers.o
 .bss.xActiveTimerList1
                0x2000215c       0x14 ./Middlewares/Third_Party/FreeRTOS/Source/timers.o
 .bss.ulMaxPRIGROUPValue
                0x20002170        0x4 ./Middlewares/Third_Party/FreeRTOS/Source/portable/GCC/ARM_CM7/r0p1/port.o
 .bss.ucMaxSysCallPriority
                0x20002174        0x1 ./Middlewares/Third_Party/FreeRTOS/Source/portable/GCC/ARM_CM7/r0p1/port.o
 *fill*         0x20002175        0x3 
 .bss.xBlockAllocatedBit
                0x20002178        0x4 ./Middlewares/Third_Party/FreeRTOS/Source/portable/MemMang/heap_4.o
 .bss.xMinimumEverFreeBytesRemaining
                0x2000217c        0x4 ./Middlewares/Third_Party/FreeRTOS/Source/portable/MemMang/heap_4.o
 .bss.xFreeBytesRemaining
                0x20002180        0x4 ./Middlewares/Third_Party/FreeRTOS/Source/portable/MemMang/heap_4.o
 .bss.pxEnd     0x20002184        0x4 ./Middlewares/Third_Party/FreeRTOS/Source/portable/MemMang/heap_4.o
 .bss.xStart    0x20002188        0x8 ./Middlewares/Third_Party/FreeRTOS/Source/portable/MemMang/heap_4.o
 .bss.ucHeap    0x20002190     0x1388 ./Middlewares/Third_Party/FreeRTOS/Source/portable/MemMang/heap_4.o
 *(COMMON)
                0x20003518                        . = ALIGN (0x4)
                0x20003518                        _ebss = .
                0x20003518                        __bss_end__ = _ebss

._user_heap_stack
                0x20003518      0x600 load address 0x08003778
                0x20003518                        . = ALIGN (0x8)
                [!provide]                        PROVIDE (end = .)
                0x20003518                        PROVIDE (_end = .)
                0x20003718                        . = (. + _Min_Heap_Size)
 *fill*         0x20003518      0x200 
                0x20003b18                        . = (. + _Min_Stack_Size)
 *fill*         0x20003718      0x400 
                0x20003b18                        . = ALIGN (0x8)

/DISCARD/
 libc.a(*)
 libm.a(*)
 libgcc.a(*)

.ARM.attributes
                0x00000000       0x30
 *(.ARM.attributes)
 .ARM.attributes
                0x00000000       0x22 D:/ST Software/STM32CubeIDE_2.1.1/STM32CubeIDE/plugins/com.st.stm32cube.ide.mcu.externaltools.gnu-tools-for-stm32.14.3.rel1.win32_1.0.100.202602081740/tools/bin/../lib/gcc/arm-none-eabi/14.3.1/thumb/v7e-m+fp/hard/crti.o
 .ARM.attributes
                0x00000022       0x34 D:/ST Software/STM32CubeIDE_2.1.1/STM32CubeIDE/plugins/com.st.stm32cube.ide.mcu.externaltools.gnu-tools-for-stm32.14.3.rel1.win32_1.0.100.202602081740/tools/bin/../lib/gcc/arm-none-eabi/14.3.1/thumb/v7e-m+fp/hard/crtbegin.o
 .ARM.attributes
                0x00000056       0x34 ./Core/Src/freertos.o
 .ARM.attributes
                0x0000008a       0x34 ./Core/Src/gpio.o
 .ARM.attributes
                0x000000be       0x34 ./Core/Src/main.o
 .ARM.attributes
                0x000000f2       0x34 ./Core/Src/spi.o
 .ARM.attributes
                0x00000126       0x34 ./Core/Src/stm32f7xx_hal_msp.o
 .ARM.attributes
                0x0000015a       0x34 ./Core/Src/stm32f7xx_hal_timebase_tim.o
 .ARM.attributes
                0x0000018e       0x34 ./Core/Src/stm32f7xx_it.o
 .ARM.attributes
                0x000001c2       0x34 ./Core/Src/system_stm32f7xx.o
 .ARM.attributes
                0x000001f6       0x34 ./Core/Src/tim.o
 .ARM.attributes
                0x0000022a       0x21 ./Core/Startup/startup_stm32f722retx.o
 .ARM.attributes
                0x0000024b       0x34 ./Drivers/STM32F7xx_HAL_Driver/Src/stm32f7xx_hal.o
 .ARM.attributes
                0x0000027f       0x34 ./Drivers/STM32F7xx_HAL_Driver/Src/stm32f7xx_hal_cortex.o
 .ARM.attributes
                0x000002b3       0x34 ./Drivers/STM32F7xx_HAL_Driver/Src/stm32f7xx_hal_gpio.o
 .ARM.attributes
                0x000002e7       0x34 ./Drivers/STM32F7xx_HAL_Driver/Src/stm32f7xx_hal_pwr_ex.o
 .ARM.attributes
                0x0000031b       0x34 ./Drivers/STM32F7xx_HAL_Driver/Src/stm32f7xx_hal_rcc.o
 .ARM.attributes
                0x0000034f       0x34 ./Drivers/STM32F7xx_HAL_Driver/Src/stm32f7xx_hal_spi.o
 .ARM.attributes
                0x00000383       0x34 ./Drivers/STM32F7xx_HAL_Driver/Src/stm32f7xx_hal_tim.o
 .ARM.attributes
                0x000003b7       0x34 ./Drivers/STM32F7xx_HAL_Driver/Src/stm32f7xx_hal_tim_ex.o
 .ARM.attributes
                0x000003eb       0x34 ./Middlewares/Third_Party/FreeRTOS/Source/CMSIS_RTOS_V2/cmsis_os2.o
 .ARM.attributes
                0x0000041f       0x34 ./Middlewares/Third_Party/FreeRTOS/Source/list.o
 .ARM.attributes
                0x00000453       0x34 ./Middlewares/Third_Party/FreeRTOS/Source/queue.o
 .ARM.attributes
                0x00000487       0x34 ./Middlewares/Third_Party/FreeRTOS/Source/tasks.o
 .ARM.attributes
                0x000004bb       0x34 ./Middlewares/Third_Party/FreeRTOS/Source/timers.o
 .ARM.attributes
                0x000004ef       0x34 ./Middlewares/Third_Party/FreeRTOS/Source/portable/GCC/ARM_CM7/r0p1/port.o
 .ARM.attributes
                0x00000523       0x34 ./Middlewares/Third_Party/FreeRTOS/Source/portable/MemMang/heap_4.o
 .ARM.attributes
                0x00000557       0x34 D:/ST Software/STM32CubeIDE_2.1.1/STM32CubeIDE/plugins/com.st.stm32cube.ide.mcu.externaltools.gnu-tools-for-stm32.14.3.rel1.win32_1.0.100.202602081740/tools/bin/../lib/gcc/arm-none-eabi/14.3.1/../../../../arm-none-eabi/lib/thumb/v7e-m+fp/hard\libc_nano.a(libc_a-memset.o)
 .ARM.attributes
                0x0000058b       0x34 D:/ST Software/STM32CubeIDE_2.1.1/STM32CubeIDE/plugins/com.st.stm32cube.ide.mcu.externaltools.gnu-tools-for-stm32.14.3.rel1.win32_1.0.100.202602081740/tools/bin/../lib/gcc/arm-none-eabi/14.3.1/../../../../arm-none-eabi/lib/thumb/v7e-m+fp/hard\libc_nano.a(libc_a-init.o)
 .ARM.attributes
                0x000005bf       0x34 D:/ST Software/STM32CubeIDE_2.1.1/STM32CubeIDE/plugins/com.st.stm32cube.ide.mcu.externaltools.gnu-tools-for-stm32.14.3.rel1.win32_1.0.100.202602081740/tools/bin/../lib/gcc/arm-none-eabi/14.3.1/../../../../arm-none-eabi/lib/thumb/v7e-m+fp/hard\libc_nano.a(libc_a-memcpy-stub.o)
 .ARM.attributes
                0x000005f3       0x22 D:/ST Software/STM32CubeIDE_2.1.1/STM32CubeIDE/plugins/com.st.stm32cube.ide.mcu.externaltools.gnu-tools-for-stm32.14.3.rel1.win32_1.0.100.202602081740/tools/bin/../lib/gcc/arm-none-eabi/14.3.1/thumb/v7e-m+fp/hard\libgcc.a(_aeabi_uldivmod.o)
 .ARM.attributes
                0x00000615       0x34 D:/ST Software/STM32CubeIDE_2.1.1/STM32CubeIDE/plugins/com.st.stm32cube.ide.mcu.externaltools.gnu-tools-for-stm32.14.3.rel1.win32_1.0.100.202602081740/tools/bin/../lib/gcc/arm-none-eabi/14.3.1/thumb/v7e-m+fp/hard\libgcc.a(_udivmoddi4.o)
 .ARM.attributes
                0x00000649       0x22 D:/ST Software/STM32CubeIDE_2.1.1/STM32CubeIDE/plugins/com.st.stm32cube.ide.mcu.externaltools.gnu-tools-for-stm32.14.3.rel1.win32_1.0.100.202602081740/tools/bin/../lib/gcc/arm-none-eabi/14.3.1/thumb/v7e-m+fp/hard\libgcc.a(_dvmd_tls.o)
 .ARM.attributes
                0x0000066b       0x22 D:/ST Software/STM32CubeIDE_2.1.1/STM32CubeIDE/plugins/com.st.stm32cube.ide.mcu.externaltools.gnu-tools-for-stm32.14.3.rel1.win32_1.0.100.202602081740/tools/bin/../lib/gcc/arm-none-eabi/14.3.1/thumb/v7e-m+fp/hard/crtn.o
OUTPUT(CdV_V2.elf elf32-littlearm)
LOAD linker stubs
LOAD D:/ST Software/STM32CubeIDE_2.1.1/STM32CubeIDE/plugins/com.st.stm32cube.ide.mcu.externaltools.gnu-tools-for-stm32.14.3.rel1.win32_1.0.100.202602081740/tools/bin/../lib/gcc/arm-none-eabi/14.3.1/../../../../arm-none-eabi/lib/thumb/v7e-m+fp/hard\libc.a
LOAD D:/ST Software/STM32CubeIDE_2.1.1/STM32CubeIDE/plugins/com.st.stm32cube.ide.mcu.externaltools.gnu-tools-for-stm32.14.3.rel1.win32_1.0.100.202602081740/tools/bin/../lib/gcc/arm-none-eabi/14.3.1/../../../../arm-none-eabi/lib/thumb/v7e-m+fp/hard\libm.a
LOAD D:/ST Software/STM32CubeIDE_2.1.1/STM32CubeIDE/plugins/com.st.stm32cube.ide.mcu.externaltools.gnu-tools-for-stm32.14.3.rel1.win32_1.0.100.202602081740/tools/bin/../lib/gcc/arm-none-eabi/14.3.1/thumb/v7e-m+fp/hard\libgcc.a

.comment        0x00000000       0x43
 .comment       0x00000000       0x43 ./Core/Src/freertos.o
                                 0x44 (size before relaxing)
 .comment       0x00000043       0x44 ./Core/Src/gpio.o
 .comment       0x00000043       0x44 ./Core/Src/main.o
 .comment       0x00000043       0x44 ./Core/Src/spi.o
 .comment       0x00000043       0x44 ./Core/Src/stm32f7xx_hal_msp.o
 .comment       0x00000043       0x44 ./Core/Src/stm32f7xx_hal_timebase_tim.o
 .comment       0x00000043       0x44 ./Core/Src/stm32f7xx_it.o
 .comment       0x00000043       0x44 ./Core/Src/system_stm32f7xx.o
 .comment       0x00000043       0x44 ./Core/Src/tim.o
 .comment       0x00000043       0x44 ./Drivers/STM32F7xx_HAL_Driver/Src/stm32f7xx_hal.o
 .comment       0x00000043       0x44 ./Drivers/STM32F7xx_HAL_Driver/Src/stm32f7xx_hal_cortex.o
 .comment       0x00000043       0x44 ./Drivers/STM32F7xx_HAL_Driver/Src/stm32f7xx_hal_gpio.o
 .comment       0x00000043       0x44 ./Drivers/STM32F7xx_HAL_Driver/Src/stm32f7xx_hal_pwr_ex.o
 .comment       0x00000043       0x44 ./Drivers/STM32F7xx_HAL_Driver/Src/stm32f7xx_hal_rcc.o
 .comment       0x00000043       0x44 ./Drivers/STM32F7xx_HAL_Driver/Src/stm32f7xx_hal_spi.o
 .comment       0x00000043       0x44 ./Drivers/STM32F7xx_HAL_Driver/Src/stm32f7xx_hal_tim.o
 .comment       0x00000043       0x44 ./Drivers/STM32F7xx_HAL_Driver/Src/stm32f7xx_hal_tim_ex.o
 .comment       0x00000043       0x44 ./Middlewares/Third_Party/FreeRTOS/Source/CMSIS_RTOS_V2/cmsis_os2.o
 .comment       0x00000043       0x44 ./Middlewares/Third_Party/FreeRTOS/Source/list.o
 .comment       0x00000043       0x44 ./Middlewares/Third_Party/FreeRTOS/Source/queue.o
 .comment       0x00000043       0x44 ./Middlewares/Third_Party/FreeRTOS/Source/tasks.o
 .comment       0x00000043       0x44 ./Middlewares/Third_Party/FreeRTOS/Source/timers.o
 .comment       0x00000043       0x44 ./Middlewares/Third_Party/FreeRTOS/Source/portable/GCC/ARM_CM7/r0p1/port.o
 .comment       0x00000043       0x44 ./Middlewares/Third_Party/FreeRTOS/Source/portable/MemMang/heap_4.o

.debug_frame    0x00000000       0xd4
 .debug_frame   0x00000000       0x20 D:/ST Software/STM32CubeIDE_2.1.1/STM32CubeIDE/plugins/com.st.stm32cube.ide.mcu.externaltools.gnu-tools-for-stm32.14.3.rel1.win32_1.0.100.202602081740/tools/bin/../lib/gcc/arm-none-eabi/14.3.1/../../../../arm-none-eabi/lib/thumb/v7e-m+fp/hard\libc_nano.a(libc_a-memset.o)
 .debug_frame   0x00000020       0x2c D:/ST Software/STM32CubeIDE_2.1.1/STM32CubeIDE/plugins/com.st.stm32cube.ide.mcu.externaltools.gnu-tools-for-stm32.14.3.rel1.win32_1.0.100.202602081740/tools/bin/../lib/gcc/arm-none-eabi/14.3.1/../../../../arm-none-eabi/lib/thumb/v7e-m+fp/hard\libc_nano.a(libc_a-init.o)
 .debug_frame   0x0000004c       0x28 D:/ST Software/STM32CubeIDE_2.1.1/STM32CubeIDE/plugins/com.st.stm32cube.ide.mcu.externaltools.gnu-tools-for-stm32.14.3.rel1.win32_1.0.100.202602081740/tools/bin/../lib/gcc/arm-none-eabi/14.3.1/../../../../arm-none-eabi/lib/thumb/v7e-m+fp/hard\libc_nano.a(libc_a-memcpy-stub.o)
 .debug_frame   0x00000074       0x2c D:/ST Software/STM32CubeIDE_2.1.1/STM32CubeIDE/plugins/com.st.stm32cube.ide.mcu.externaltools.gnu-tools-for-stm32.14.3.rel1.win32_1.0.100.202602081740/tools/bin/../lib/gcc/arm-none-eabi/14.3.1/thumb/v7e-m+fp/hard\libgcc.a(_aeabi_uldivmod.o)
 .debug_frame   0x000000a0       0x34 D:/ST Software/STM32CubeIDE_2.1.1/STM32CubeIDE/plugins/com.st.stm32cube.ide.mcu.externaltools.gnu-tools-for-stm32.14.3.rel1.win32_1.0.100.202602081740/tools/bin/../lib/gcc/arm-none-eabi/14.3.1/thumb/v7e-m+fp/hard\libgcc.a(_udivmoddi4.o)
