Archive member included to satisfy reference by file (symbol)

C:/ST/STM32CubeIDE_1.16.1/STM32CubeIDE/plugins/com.st.stm32cube.ide.mcu.externaltools.gnu-tools-for-stm32.13.3.rel1.win32_1.0.0.202411081344/tools/bin/../lib/gcc/arm-none-eabi/13.3.1/../../../../arm-none-eabi/lib/thumb/v7e-m+fp/hard\libc_nano.a(libc_a-exit.o)
                              C:/ST/STM32CubeIDE_1.16.1/STM32CubeIDE/plugins/com.st.stm32cube.ide.mcu.externaltools.gnu-tools-for-stm32.13.3.rel1.win32_1.0.0.202411081344/tools/bin/../lib/gcc/arm-none-eabi/13.3.1/../../../../arm-none-eabi/lib/thumb/v7e-m+fp/hard/crt0.o (exit)
C:/ST/STM32CubeIDE_1.16.1/STM32CubeIDE/plugins/com.st.stm32cube.ide.mcu.externaltools.gnu-tools-for-stm32.13.3.rel1.win32_1.0.0.202411081344/tools/bin/../lib/gcc/arm-none-eabi/13.3.1/../../../../arm-none-eabi/lib/thumb/v7e-m+fp/hard\libc_nano.a(libc_a-findfp.o)
                              C:/ST/STM32CubeIDE_1.16.1/STM32CubeIDE/plugins/com.st.stm32cube.ide.mcu.externaltools.gnu-tools-for-stm32.13.3.rel1.win32_1.0.0.202411081344/tools/bin/../lib/gcc/arm-none-eabi/13.3.1/../../../../arm-none-eabi/lib/thumb/v7e-m+fp/hard\libc_nano.a(libc_a-exit.o) (__stdio_exit_handler)
C:/ST/STM32CubeIDE_1.16.1/STM32CubeIDE/plugins/com.st.stm32cube.ide.mcu.externaltools.gnu-tools-for-stm32.13.3.rel1.win32_1.0.0.202411081344/tools/bin/../lib/gcc/arm-none-eabi/13.3.1/../../../../arm-none-eabi/lib/thumb/v7e-m+fp/hard\libc_nano.a(libc_a-fwalk.o)
                              C:/ST/STM32CubeIDE_1.16.1/STM32CubeIDE/plugins/com.st.stm32cube.ide.mcu.externaltools.gnu-tools-for-stm32.13.3.rel1.win32_1.0.0.202411081344/tools/bin/../lib/gcc/arm-none-eabi/13.3.1/../../../../arm-none-eabi/lib/thumb/v7e-m+fp/hard\libc_nano.a(libc_a-findfp.o) (_fwalk_sglue)
C:/ST/STM32CubeIDE_1.16.1/STM32CubeIDE/plugins/com.st.stm32cube.ide.mcu.externaltools.gnu-tools-for-stm32.13.3.rel1.win32_1.0.0.202411081344/tools/bin/../lib/gcc/arm-none-eabi/13.3.1/../../../../arm-none-eabi/lib/thumb/v7e-m+fp/hard\libc_nano.a(libc_a-sprintf.o)
                              ./Middlewares/Third_Party/FreeRTOS/Source/tasks.o (sprintf)
C:/ST/STM32CubeIDE_1.16.1/STM32CubeIDE/plugins/com.st.stm32cube.ide.mcu.externaltools.gnu-tools-for-stm32.13.3.rel1.win32_1.0.0.202411081344/tools/bin/../lib/gcc/arm-none-eabi/13.3.1/../../../../arm-none-eabi/lib/thumb/v7e-m+fp/hard\libc_nano.a(libc_a-stdio.o)
                              C:/ST/STM32CubeIDE_1.16.1/STM32CubeIDE/plugins/com.st.stm32cube.ide.mcu.externaltools.gnu-tools-for-stm32.13.3.rel1.win32_1.0.0.202411081344/tools/bin/../lib/gcc/arm-none-eabi/13.3.1/../../../../arm-none-eabi/lib/thumb/v7e-m+fp/hard\libc_nano.a(libc_a-findfp.o) (__sread)
C:/ST/STM32CubeIDE_1.16.1/STM32CubeIDE/plugins/com.st.stm32cube.ide.mcu.externaltools.gnu-tools-for-stm32.13.3.rel1.win32_1.0.0.202411081344/tools/bin/../lib/gcc/arm-none-eabi/13.3.1/../../../../arm-none-eabi/lib/thumb/v7e-m+fp/hard\libc_nano.a(libc_a-memset.o)
                              C:/ST/STM32CubeIDE_1.16.1/STM32CubeIDE/plugins/com.st.stm32cube.ide.mcu.externaltools.gnu-tools-for-stm32.13.3.rel1.win32_1.0.0.202411081344/tools/bin/../lib/gcc/arm-none-eabi/13.3.1/../../../../arm-none-eabi/lib/thumb/v7e-m+fp/hard/crt0.o (memset)
C:/ST/STM32CubeIDE_1.16.1/STM32CubeIDE/plugins/com.st.stm32cube.ide.mcu.externaltools.gnu-tools-for-stm32.13.3.rel1.win32_1.0.0.202411081344/tools/bin/../lib/gcc/arm-none-eabi/13.3.1/../../../../arm-none-eabi/lib/thumb/v7e-m+fp/hard\libc_nano.a(libc_a-closer.o)
                              C:/ST/STM32CubeIDE_1.16.1/STM32CubeIDE/plugins/com.st.stm32cube.ide.mcu.externaltools.gnu-tools-for-stm32.13.3.rel1.win32_1.0.0.202411081344/tools/bin/../lib/gcc/arm-none-eabi/13.3.1/../../../../arm-none-eabi/lib/thumb/v7e-m+fp/hard\libc_nano.a(libc_a-stdio.o) (_close_r)
C:/ST/STM32CubeIDE_1.16.1/STM32CubeIDE/plugins/com.st.stm32cube.ide.mcu.externaltools.gnu-tools-for-stm32.13.3.rel1.win32_1.0.0.202411081344/tools/bin/../lib/gcc/arm-none-eabi/13.3.1/../../../../arm-none-eabi/lib/thumb/v7e-m+fp/hard\libc_nano.a(libc_a-reent.o)
                              C:/ST/STM32CubeIDE_1.16.1/STM32CubeIDE/plugins/com.st.stm32cube.ide.mcu.externaltools.gnu-tools-for-stm32.13.3.rel1.win32_1.0.0.202411081344/tools/bin/../lib/gcc/arm-none-eabi/13.3.1/../../../../arm-none-eabi/lib/thumb/v7e-m+fp/hard\libc_nano.a(libc_a-closer.o) (errno)
C:/ST/STM32CubeIDE_1.16.1/STM32CubeIDE/plugins/com.st.stm32cube.ide.mcu.externaltools.gnu-tools-for-stm32.13.3.rel1.win32_1.0.0.202411081344/tools/bin/../lib/gcc/arm-none-eabi/13.3.1/../../../../arm-none-eabi/lib/thumb/v7e-m+fp/hard\libc_nano.a(libc_a-impure.o)
                              C:/ST/STM32CubeIDE_1.16.1/STM32CubeIDE/plugins/com.st.stm32cube.ide.mcu.externaltools.gnu-tools-for-stm32.13.3.rel1.win32_1.0.0.202411081344/tools/bin/../lib/gcc/arm-none-eabi/13.3.1/../../../../arm-none-eabi/lib/thumb/v7e-m+fp/hard\libc_nano.a(libc_a-sprintf.o) (_impure_ptr)
[...]
Memory Configuration

Name             Origin             Length             Attributes
RAM              0x20000000         0x00040000         xrw
FLASH            0x08000000         0x00080000         xr
*default*        0x00000000         0xffffffff

Linker script and memory map

LOAD C:/ST/STM32CubeIDE_1.16.1/STM32CubeIDE/plugins/com.st.stm32cube.ide.mcu.externaltools.gnu-tools-for-stm32.13.3.rel1.win32_1.0.0.202411081344/tools/bin/../lib/gcc/arm-none-eabi/13.3.1/thumb/v7e-m+fp/hard/crti.o
LOAD C:/ST/STM32CubeIDE_1.16.1/STM32CubeIDE/plugins/com.st.stm32cube.ide.mcu.externaltools.gnu-tools-for-stm32.13.3.rel1.win32_1.0.0.202411081344/tools/bin/../lib/gcc/arm-none-eabi/13.3.1/thumb/v7e-m+fp/hard/crtbegin.o
LOAD C:/ST/STM32CubeIDE_1.16.1/STM32CubeIDE/plugins/com.st.stm32cube.ide.mcu.externaltools.gnu-tools-for-stm32.13.3.rel1.win32_1.0.0.202411081344/tools/bin/../lib/gcc/arm-none-eabi/13.3.1/../../../../arm-none-eabi/lib/thumb/v7e-m+fp/hard/crt0.o
LOAD ./Core/Inc/Drivers/Memory_Drivers/S25FL064L.o
LOAD ./Core/Inc/Drivers/PWM_Drivers/PWM_Driver.o
LOAD ./Core/Inc/System/System.o
LOAD ./Core/Inc/Tasks/Actuators/Actuators.o
LOAD ./Core/Inc/Tasks/Blackbox/Blackbox.o
LOAD ./Core/Inc/Tasks/CommandInterface/CommandInterface.o
LOAD ./Core/Inc/Tasks/Config/Config.o
LOAD ./Core/Inc/Tasks/Fault/Fault.o
LOAD ./Core/Inc/Tasks/INS/INS.o
LOAD ./Core/Inc/Tasks/Initializer/Initializer.o
LOAD ./Core/Inc/Tasks/Memory/Memory.o
LOAD ./Core/Inc/Tasks/MissionManager/MissionManager.o
LOAD ./Core/Src/freertos.o
LOAD ./Core/Src/gpio.o
LOAD ./Core/Src/main.o
LOAD ./Core/Src/spi.o
LOAD ./Core/Src/stm32f7xx_hal_msp.o
LOAD ./Core/Src/stm32f7xx_hal_timebase_tim.o
LOAD ./Core/Src/stm32f7xx_it.o
LOAD ./Core/Src/syscalls.o
LOAD ./Core/Src/sysmem.o
LOAD ./Core/Src/system_stm32f7xx.o
LOAD ./Core/Src/tim.o
LOAD ./Core/Startup/startup_stm32f722retx.o
LOAD ./Drivers/STM32F7xx_HAL_Driver/Src/stm32f7xx_hal.o
LOAD ./Drivers/STM32F7xx_HAL_Driver/Src/stm32f7xx_hal_cortex.o
LOAD ./Drivers/STM32F7xx_HAL_Driver/Src/stm32f7xx_hal_dma.o
LOAD ./Drivers/STM32F7xx_HAL_Driver/Src/stm32f7xx_hal_dma_ex.o
LOAD ./Drivers/STM32F7xx_HAL_Driver/Src/stm32f7xx_hal_exti.o
LOAD ./Drivers/STM32F7xx_HAL_Driver/Src/stm32f7xx_hal_flash.o
LOAD ./Drivers/STM32F7xx_HAL_Driver/Src/stm32f7xx_hal_flash_ex.o
LOAD ./Drivers/STM32F7xx_HAL_Driver/Src/stm32f7xx_hal_gpio.o
LOAD ./Drivers/STM32F7xx_HAL_Driver/Src/stm32f7xx_hal_i2c.o
LOAD ./Drivers/STM32F7xx_HAL_Driver/Src/stm32f7xx_hal_i2c_ex.o
LOAD ./Drivers/STM32F7xx_HAL_Driver/Src/stm32f7xx_hal_pwr.o
LOAD ./Drivers/STM32F7xx_HAL_Driver/Src/stm32f7xx_hal_pwr_ex.o
LOAD ./Drivers/STM32F7xx_HAL_Driver/Src/stm32f7xx_hal_rcc.o
LOAD ./Drivers/STM32F7xx_HAL_Driver/Src/stm32f7xx_hal_rcc_ex.o
LOAD ./Drivers/STM32F7xx_HAL_Driver/Src/stm32f7xx_hal_spi.o
LOAD ./Drivers/STM32F7xx_HAL_Driver/Src/stm32f7xx_hal_spi_ex.o
LOAD ./Drivers/STM32F7xx_HAL_Driver/Src/stm32f7xx_hal_tim.o
LOAD ./Drivers/STM32F7xx_HAL_Driver/Src/stm32f7xx_hal_tim_ex.o
LOAD ./Middlewares/Third_Party/FreeRTOS/Source/CMSIS_RTOS_V2/cmsis_os2.o
LOAD ./Middlewares/Third_Party/FreeRTOS/Source/croutine.o
LOAD ./Middlewares/Third_Party/FreeRTOS/Source/event_groups.o
LOAD ./Middlewares/Third_Party/FreeRTOS/Source/list.o
LOAD ./Middlewares/Third_Party/FreeRTOS/Source/queue.o
LOAD ./Middlewares/Third_Party/FreeRTOS/Source/stream_buffer.o
LOAD ./Middlewares/Third_Party/FreeRTOS/Source/tasks.o
LOAD ./Middlewares/Third_Party/FreeRTOS/Source/timers.o
LOAD ./Middlewares/Third_Party/FreeRTOS/Source/portable/GCC/ARM_CM7/r0p1/port.o
LOAD ./Middlewares/Third_Party/FreeRTOS/Source/portable/MemMang/heap_4.o
START GROUP
LOAD C:/ST/STM32CubeIDE_1.16.1/STM32CubeIDE/plugins/com.st.stm32cube.ide.mcu.externaltools.gnu-tools-for-stm32.13.3.rel1.win32_1.0.0.202411081344/tools/bin/../lib/gcc/arm-none-eabi/13.3.1/../../../../arm-none-eabi/lib/thumb/v7e-m+fp/hard\libc_nano.a
LOAD C:/ST/STM32CubeIDE_1.16.1/STM32CubeIDE/plugins/com.st.stm32cube.ide.mcu.externaltools.gnu-tools-for-stm32.13.3.rel1.win32_1.0.0.202411081344/tools/bin/../lib/gcc/arm-none-eabi/13.3.1/../../../../arm-none-eabi/lib/thumb/v7e-m+fp/hard\libm.a
END GROUP
START GROUP
LOAD C:/ST/STM32CubeIDE_1.16.1/STM32CubeIDE/plugins/com.st.stm32cube.ide.mcu.externaltools.gnu-tools-for-stm32.13.3.rel1.win32_1.0.0.202411081344/tools/bin/../lib/gcc/arm-none-eabi/13.3.1/thumb/v7e-m+fp/hard\libgcc.a
LOAD C:/ST/STM32CubeIDE_1.16.1/STM32CubeIDE/plugins/com.st.stm32cube.ide.mcu.externaltools.gnu-tools-for-stm32.13.3.rel1.win32_1.0.0.202411081344/tools/bin/../lib/gcc/arm-none-eabi/13.3.1/../../../../arm-none-eabi/lib/thumb/v7e-m+fp/hard\libc_nano.a
END GROUP
START GROUP
LOAD C:/ST/STM32CubeIDE_1.16.1/STM32CubeIDE/plugins/com.st.stm32cube.ide.mcu.externaltools.gnu-tools-for-stm32.13.3.rel1.win32_1.0.0.202411081344/tools/bin/../lib/gcc/arm-none-eabi/13.3.1/thumb/v7e-m+fp/hard\libgcc.a
LOAD C:/ST/STM32CubeIDE_1.16.1/STM32CubeIDE/plugins/com.st.stm32cube.ide.mcu.externaltools.gnu-tools-for-stm32.13.3.rel1.win32_1.0.0.202411081344/tools/bin/../lib/gcc/arm-none-eabi/13.3.1/../../../../arm-none-eabi/lib/thumb/v7e-m+fp/hard\libc_nano.a
LOAD C:/ST/STM32CubeIDE_1.16.1/STM32CubeIDE/plugins/com.st.stm32cube.ide.mcu.externaltools.gnu-tools-for-stm32.13.3.rel1.win32_1.0.0.202411081344/tools/bin/../lib/gcc/arm-none-eabi/13.3.1/../../../../arm-none-eabi/lib/thumb/v7e-m+fp/hard\libnosys.a
END GROUP
START GROUP
LOAD C:/ST/STM32CubeIDE_1.16.1/STM32CubeIDE/plugins/com.st.stm32cube.ide.mcu.externaltools.gnu-tools-for-stm32.13.3.rel1.win32_1.0.0.202411081344/tools/bin/../lib/gcc/arm-none-eabi/13.3.1/thumb/v7e-m+fp/hard\libgcc.a
LOAD C:/ST/STM32CubeIDE_1.16.1/STM32CubeIDE/plugins/com.st.stm32cube.ide.mcu.externaltools.gnu-tools-for-stm32.13.3.rel1.win32_1.0.0.202411081344/tools/bin/../lib/gcc/arm-none-eabi/13.3.1/../../../../arm-none-eabi/lib/thumb/v7e-m+fp/hard\libc_nano.a
LOAD C:/ST/STM32CubeIDE_1.16.1/STM32CubeIDE/plugins/com.st.stm32cube.ide.mcu.externaltools.gnu-tools-for-stm32.13.3.rel1.win32_1.0.0.202411081344/tools/bin/../lib/gcc/arm-none-eabi/13.3.1/../../../../arm-none-eabi/lib/thumb/v7e-m+fp/hard\libnosys.a
END GROUP
LOAD C:/ST/STM32CubeIDE_1.16.1/STM32CubeIDE/plugins/com.st.stm32cube.ide.mcu.externaltools.gnu-tools-for-stm32.13.3.rel1.win32_1.0.0.202411081344/tools/bin/../lib/gcc/arm-none-eabi/13.3.1/thumb/v7e-m+fp/hard/crtend.o
LOAD C:/ST/STM32CubeIDE_1.16.1/STM32CubeIDE/plugins/com.st.stm32cube.ide.mcu.externaltools.gnu-tools-for-stm32.13.3.rel1.win32_1.0.0.202411081344/tools/bin/../lib/gcc/arm-none-eabi/13.3.1/thumb/v7e-m+fp/hard/crtn.o
                0x20040000                        _estack = (ORIGIN (RAM) + LENGTH (RAM))
                0x00000200                        _Min_Heap_Size = 0x200
                0x00000400                        _Min_Stack_Size = 0x400

.isr_vector     0x08000000      0x1e0
                0x08000000                        . = ALIGN (0x4)
 *(.isr_vector)
 .isr_vector    0x08000000      0x1e0 ./Core/Startup/startup_stm32f722retx.o
                0x08000000                g_pfnVectors
                0x080001e0                        . = ALIGN (0x4)

.text           0x080001e0     0x8a58
                0x080001e0                        . = ALIGN (0x4)
 *(.text)
 .text          0x080001e0       0x40 C:/ST/STM32CubeIDE_1.16.1/STM32CubeIDE/plugins/com.st.stm32cube.ide.mcu.externaltools.gnu-tools-for-stm32.13.3.rel1.win32_1.0.0.202411081344/tools/bin/../lib/gcc/arm-none-eabi/13.3.1/thumb/v7e-m+fp/hard/crtbegin.o
 .text          0x08000220       0x30 C:/ST/STM32CubeIDE_1.16.1/STM32CubeIDE/plugins/com.st.stm32cube.ide.mcu.externaltools.gnu-tools-for-stm32.13.3.rel1.win32_1.0.0.202411081344/tools/bin/../lib/gcc/arm-none-eabi/13.3.1/thumb/v7e-m+fp/hard\libgcc.a(_aeabi_uldivmod.o)
                0x08000220                __aeabi_uldivmod
 .text          0x08000250      0x2f8 C:/ST/STM32CubeIDE_1.16.1/STM32CubeIDE/plugins/com.st.stm32cube.ide.mcu.externaltools.gnu-tools-for-stm32.13.3.rel1.win32_1.0.0.202411081344/tools/bin/../lib/gcc/arm-none-eabi/13.3.1/thumb/v7e-m+fp/hard\libgcc.a(_udivmoddi4.o)
                0x08000250                __udivmoddi4
 .text          0x08000548        0x4 C:/ST/STM32CubeIDE_1.16.1/STM32CubeIDE/plugins/com.st.stm32cube.ide.mcu.externaltools.gnu-tools-for-stm32.13.3.rel1.win32_1.0.0.202411081344/tools/bin/../lib/gcc/arm-none-eabi/13.3.1/thumb/v7e-m+fp/hard\libgcc.a(_dvmd_tls.o)
                0x08000548                __aeabi_idiv0
                0x08000548                __aeabi_ldiv0
 *(.text*)
 .text.write_enable
                0x0800054c       0x3c ./Core/Inc/Drivers/Memory_Drivers/S25FL064L.o
                0x0800054c                write_enable
 .text.write_disable
                0x08000588       0x3c ./Core/Inc/Drivers/Memory_Drivers/S25FL064L.o
                0x08000588                write_disable
 .text.S25FL064_Read
                0x080005c4       0x68 ./Core/Inc/Drivers/Memory_Drivers/S25FL064L.o
                0x080005c4                S25FL064_Read
 .text.S25FL064_Write
                0x0800062c       0xe4 ./Core/Inc/Drivers/Memory_Drivers/S25FL064L.o
                0x0800062c                S25FL064_Write
 .text.S25FL064_Erase
                0x08000710       0x60 ./Core/Inc/Drivers/Memory_Drivers/S25FL064L.o
                0x08000710                S25FL064_Erase
 .text.S25FL064_chipErase
                0x08000770       0x44 ./Core/Inc/Drivers/Memory_Drivers/S25FL064L.o
                0x08000770                S25FL064_chipErase
 .text.System_SetSystemLed
                0x080007b4       0xa0 ./Core/Inc/System/System.o
                0x080007b4                System_SetSystemLed
 .text.Actuators_setSafeValues
                0x08000854       0x68 ./Core/Inc/Tasks/Actuators/Actuators.o
                0x08000854                Actuators_setSafeValues
 .text.Actuators_InitChannels
                0x080008bc       0xa0 ./Core/Inc/Tasks/Actuators/Actuators.o
                0x080008bc                Actuators_InitChannels
 .text.Actuators_ChangeChannelValue
                0x0800095c      0x108 ./Core/Inc/Tasks/Actuators/Actuators.o
                0x0800095c                Actuators_ChangeChannelValue
 .text.Actuators_SetFrequency
                0x08000a64       0x50 ./Core/Inc/Tasks/Actuators/Actuators.o
                0x08000a64                Actuators_SetFrequency
 .text.Actuators_Init
                0x08000ab4       0x30 ./Core/Inc/Tasks/Actuators/Actuators.o
                0x08000ab4                Actuators_Init
 .text.Actuators_ChangeConfig
                0x08000ae4       0xac ./Core/Inc/Tasks/Actuators/Actuators.o
                0x08000ae4                Actuators_ChangeConfig
 .text.Actuators_buzzerNotifications
                0x08000b90      0x1c8 ./Core/Inc/Tasks/Actuators/Actuators.o
                0x08000b90                Actuators_buzzerNotifications
 .text.Actuators_Task
                0x08000d58      0x140 ./Core/Inc/Tasks/Actuators/Actuators.o
                0x08000d58                Actuators_Task
 .text.Config_Task
                0x08000e98      0x1c4 ./Core/Inc/Tasks/Config/Config.o
                0x08000e98                Config_Task
 .text.Memory_Task
                0x0800105c      0x190 ./Core/Inc/Tasks/Memory/Memory.o
                0x0800105c                Memory_Task
 .text.MissionManager_Task
                0x080011ec       0xb8 ./Core/Inc/Tasks/MissionManager/MissionManager.o
                0x080011ec                MissionManager_Task
 .text.configureTimerForRunTimeStats
                0x080012a4        0xe ./Core/Src/freertos.o
                0x080012a4                configureTimerForRunTimeStats
 .text.getRunTimeCounterValue
                0x080012b2       0x10 ./Core/Src/freertos.o
                0x080012b2                getRunTimeCounterValue
 *fill*         0x080012c2        0x2 
 .text.MX_FREERTOS_Init
                0x080012c4      0x1e8 ./Core/Src/freertos.o
                0x080012c4                MX_FREERTOS_Init
 .text.StartMissionManager
                0x080014ac       0x16 ./Core/Src/freertos.o
                0x080014ac                StartMissionManager
 .text.StartActuatorsTask
                0x080014c2       0x16 ./Core/Src/freertos.o
                0x080014c2                StartActuatorsTask
 .text.StartMemoryTask
                0x080014d8       0x16 ./Core/Src/freertos.o
                0x080014d8                StartMemoryTask
 .text.StartInitializerTask
                0x080014ee       0x10 ./Core/Src/freertos.o
                0x080014ee                StartInitializerTask
 .text.StartCommandInterfaceTask
                0x080014fe       0x10 ./Core/Src/freertos.o
                0x080014fe                StartCommandInterfaceTask
 .text.StartConfigTask
                0x0800150e       0x16 ./Core/Src/freertos.o
                0x0800150e                StartConfigTask
 .text.StartINSTask
                0x08001524       0x10 ./Core/Src/freertos.o
                0x08001524                StartINSTask
 .text.StartBlackboxTask
                0x08001534       0x10 ./Core/Src/freertos.o
                0x08001534                StartBlackboxTask
 .text.StartFaultTask
                0x08001544       0x12 ./Core/Src/freertos.o
                0x08001544                StartFaultTask
 .text.DeployParachuteFunction
                0x08001556       0x14 ./Core/Src/freertos.o
                0x08001556                DeployParachuteFunction
 .text.DisableDeplymentOutputs
                0x0800156a       0x14 ./Core/Src/freertos.o
                0x0800156a                DisableDeplymentOutputs
 *fill*         0x0800157e        0x2 
 .text.MX_GPIO_Init
                0x08001580      0x104 ./Core/Src/gpio.o
                0x08001580                MX_GPIO_Init
 .text.main     0x08001684       0x2c ./Core/Src/main.o
                0x08001684                main
 .text.SystemClock_Config
                0x080016b0       0xd8 ./Core/Src/main.o
                0x080016b0                SystemClock_Config
 .text.MPU_Config
                0x08001788       0x58 ./Core/Src/main.o
 .text.HAL_TIM_PeriodElapsedCallback
                0x080017e0       0x24 ./Core/Src/main.o
                0x080017e0                HAL_TIM_PeriodElapsedCallback
 .text.Error_Handler
                0x08001804        0xc ./Core/Src/main.o
                0x08001804                Error_Handler
 .text.MX_SPI1_Init
                0x08001810       0x7c ./Core/Src/spi.o
                0x08001810                MX_SPI1_Init
 .text.HAL_SPI_MspInit
                0x0800188c       0x88 ./Core/Src/spi.o
                0x0800188c                HAL_SPI_MspInit
 .text.HAL_MspInit
                0x08001914       0x50 ./Core/Src/stm32f7xx_hal_msp.o
                0x08001914                HAL_MspInit
 .text.HAL_InitTick
                0x08001964       0xe4 ./Core/Src/stm32f7xx_hal_timebase_tim.o
                0x08001964                HAL_InitTick
 .text.NMI_Handler
                0x08001a48        0x8 ./Core/Src/stm32f7xx_it.o
                0x08001a48                NMI_Handler
 .text.HardFault_Handler
                0x08001a50        0x8 ./Core/Src/stm32f7xx_it.o
                0x08001a50                HardFault_Handler
 .text.MemManage_Handler
                0x08001a58        0x8 ./Core/Src/stm32f7xx_it.o
                0x08001a58                MemManage_Handler
 .text.BusFault_Handler
                0x08001a60        0x8 ./Core/Src/stm32f7xx_it.o
                0x08001a60                BusFault_Handler
 .text.UsageFault_Handler
                0x08001a68        0x8 ./Core/Src/stm32f7xx_it.o
                0x08001a68                UsageFault_Handler
 .text.DebugMon_Handler
                0x08001a70        0xe ./Core/Src/stm32f7xx_it.o
                0x08001a70                DebugMon_Handler
 *fill*         0x08001a7e        0x2 
 .text.TIM1_UP_TIM10_IRQHandler
                0x08001a80       0x14 ./Core/Src/stm32f7xx_it.o
                0x08001a80                TIM1_UP_TIM10_IRQHandler
 .text.SystemInit
                0x08001a94       0x24 ./Core/Src/system_stm32f7xx.o
                0x08001a94                SystemInit
 .text.MX_TIM2_Init
                0x08001ab8       0xf4 ./Core/Src/tim.o
                0x08001ab8                MX_TIM2_Init
 .text.HAL_TIM_PWM_MspInit
                0x08001bac       0x3c ./Core/Src/tim.o
                0x08001bac                HAL_TIM_PWM_MspInit
 .text.HAL_TIM_MspPostInit
                0x08001be8       0x6c ./Core/Src/tim.o
                0x08001be8                HAL_TIM_MspPostInit
 .text.HAL_TIM_PWM_MspDeInit
                0x08001c54       0x30 ./Core/Src/tim.o
                0x08001c54                HAL_TIM_PWM_MspDeInit
 .text.Reset_Handler
                0x08001c84       0x50 ./Core/Startup/startup_stm32f722retx.o
                0x08001c84                Reset_Handler
 .text.Default_Handler
                0x08001cd4        0x2 ./Core/Startup/startup_stm32f722retx.o
                0x08001cd4                RTC_Alarm_IRQHandler
                0x08001cd4                EXTI2_IRQHandler
                0x08001cd4                TIM8_CC_IRQHandler
                0x08001cd4                UART8_IRQHandler
                0x08001cd4                SPI4_IRQHandler
                0x08001cd4                TIM1_CC_IRQHandler
                0x08001cd4                DMA2_Stream5_IRQHandler
                0x08001cd4                DMA1_Stream5_IRQHandler
                0x08001cd4                PVD_IRQHandler
                0x08001cd4                TAMP_STAMP_IRQHandler
                0x08001cd4                EXTI3_IRQHandler
                0x08001cd4                TIM8_TRG_COM_TIM14_IRQHandler
                0x08001cd4                TIM8_UP_TIM13_IRQHandler
                0x08001cd4                I2C3_ER_IRQHandler
                0x08001cd4                EXTI0_IRQHandler
                0x08001cd4                I2C2_EV_IRQHandler
                0x08001cd4                DMA1_Stream2_IRQHandler
                0x08001cd4                CAN1_RX0_IRQHandler
                0x08001cd4                FPU_IRQHandler
                0x08001cd4                OTG_HS_WKUP_IRQHandler
                0x08001cd4                DMA2_Stream2_IRQHandler
                0x08001cd4                SPI1_IRQHandler
                0x08001cd4                TIM6_DAC_IRQHandler
                0x08001cd4                TIM1_BRK_TIM9_IRQHandler
                0x08001cd4                DMA2_Stream3_IRQHandler
                0x08001cd4                SAI2_IRQHandler
                0x08001cd4                USART6_IRQHandler
                0x08001cd4                USART3_IRQHandler
                0x08001cd4                CAN1_RX1_IRQHandler
                0x08001cd4                UART5_IRQHandler
                0x08001cd4                DMA2_Stream0_IRQHandler
                0x08001cd4                TIM4_IRQHandler
                0x08001cd4                QUADSPI_IRQHandler
                0x08001cd4                I2C1_EV_IRQHandler
                0x08001cd4                DMA1_Stream6_IRQHandler
                0x08001cd4                DMA1_Stream1_IRQHandler
                0x08001cd4                UART4_IRQHandler
                0x08001cd4                TIM3_IRQHandler
                0x08001cd4                RCC_IRQHandler
                0x08001cd4                TIM8_BRK_TIM12_IRQHandler
                0x08001cd4                Default_Handler
                0x08001cd4                EXTI15_10_IRQHandler
                0x08001cd4                ADC_IRQHandler
                0x08001cd4                DMA1_Stream7_IRQHandler
                0x08001cd4                SPI5_IRQHandler
                0x08001cd4                TIM7_IRQHandler
                0x08001cd4                SDMMC1_IRQHandler
                0x08001cd4                TIM5_IRQHandler
                0x08001cd4                DMA2_Stream7_IRQHandler
                0x08001cd4                I2C3_EV_IRQHandler
                0x08001cd4                EXTI9_5_IRQHandler
                0x08001cd4                RTC_WKUP_IRQHandler
                0x08001cd4                SPI2_IRQHandler
                0x08001cd4                OTG_HS_EP1_IN_IRQHandler
                0x08001cd4                DMA1_Stream0_IRQHandler
                0x08001cd4                CAN1_TX_IRQHandler
                0x08001cd4                EXTI4_IRQHandler
                0x08001cd4                RNG_IRQHandler
                0x08001cd4                OTG_HS_EP1_OUT_IRQHandler
                0x08001cd4                WWDG_IRQHandler
                0x08001cd4                TIM2_IRQHandler
                0x08001cd4                OTG_FS_WKUP_IRQHandler
                0x08001cd4                TIM1_TRG_COM_TIM11_IRQHandler
                0x08001cd4                OTG_HS_IRQHandler
                0x08001cd4                EXTI1_IRQHandler
                0x08001cd4                SDMMC2_IRQHandler
                0x08001cd4                UART7_IRQHandler
                0x08001cd4                USART2_IRQHandler
                0x08001cd4                I2C2_ER_IRQHandler
                0x08001cd4                DMA2_Stream1_IRQHandler
                0x08001cd4                CAN1_SCE_IRQHandler
                0x08001cd4                FLASH_IRQHandler
                0x08001cd4                DMA2_Stream4_IRQHandler
                0x08001cd4                USART1_IRQHandler
                0x08001cd4                OTG_FS_IRQHandler
                0x08001cd4                SPI3_IRQHandler
                0x08001cd4                DMA1_Stream4_IRQHandler
                0x08001cd4                I2C1_ER_IRQHandler
                0x08001cd4                FMC_IRQHandler
                0x08001cd4                LPTIM1_IRQHandler
                0x08001cd4                DMA2_Stream6_IRQHandler
                0x08001cd4                SAI1_IRQHandler
                0x08001cd4                DMA1_Stream3_IRQHandler
 .text.HAL_Init
                0x08001cd6       0x1a ./Drivers/STM32F7xx_HAL_Driver/Src/stm32f7xx_hal.o
                0x08001cd6                HAL_Init
 .text.HAL_IncTick
                0x08001cf0       0x28 ./Drivers/STM32F7xx_HAL_Driver/Src/stm32f7xx_hal.o
                0x08001cf0                HAL_IncTick
 .text.HAL_GetTick
                0x08001d18       0x18 ./Drivers/STM32F7xx_HAL_Driver/Src/stm32f7xx_hal.o
                0x08001d18                HAL_GetTick
 .text.__NVIC_SetPriorityGrouping
                0x08001d30       0x48 ./Drivers/STM32F7xx_HAL_Driver/Src/stm32f7xx_hal_cortex.o
 .text.__NVIC_GetPriorityGrouping
                0x08001d78       0x1c ./Drivers/STM32F7xx_HAL_Driver/Src/stm32f7xx_hal_cortex.o
 .text.__NVIC_EnableIRQ
                0x08001d94       0x3c ./Drivers/STM32F7xx_HAL_Driver/Src/stm32f7xx_hal_cortex.o
 .text.__NVIC_SetPriority
                0x08001dd0       0x54 ./Drivers/STM32F7xx_HAL_Driver/Src/stm32f7xx_hal_cortex.o
 .text.NVIC_EncodePriority
                0x08001e24       0x66 ./Drivers/STM32F7xx_HAL_Driver/Src/stm32f7xx_hal_cortex.o
 .text.HAL_NVIC_SetPriorityGrouping
                0x08001e8a       0x16 ./Drivers/STM32F7xx_HAL_Driver/Src/stm32f7xx_hal_cortex.o
                0x08001e8a                HAL_NVIC_SetPriorityGrouping
 .text.HAL_NVIC_SetPriority
                0x08001ea0       0x38 ./Drivers/STM32F7xx_HAL_Driver/Src/stm32f7xx_hal_cortex.o
                0x08001ea0                HAL_NVIC_SetPriority
 .text.HAL_NVIC_EnableIRQ
                0x08001ed8       0x1c ./Drivers/STM32F7xx_HAL_Driver/Src/stm32f7xx_hal_cortex.o
                0x08001ed8                HAL_NVIC_EnableIRQ
 .text.HAL_MPU_Disable
                0x08001ef4       0x30 ./Drivers/STM32F7xx_HAL_Driver/Src/stm32f7xx_hal_cortex.o
                0x08001ef4                HAL_MPU_Disable
 .text.HAL_MPU_Enable
                0x08001f24       0x40 ./Drivers/STM32F7xx_HAL_Driver/Src/stm32f7xx_hal_cortex.o
                0x08001f24                HAL_MPU_Enable
 .text.HAL_MPU_ConfigRegion
                0x08001f64       0x80 ./Drivers/STM32F7xx_HAL_Driver/Src/stm32f7xx_hal_cortex.o
                0x08001f64                HAL_MPU_ConfigRegion
 .text.HAL_GPIO_Init
                0x08001fe4      0x338 ./Drivers/STM32F7xx_HAL_Driver/Src/stm32f7xx_hal_gpio.o
                0x08001fe4                HAL_GPIO_Init
 .text.HAL_GPIO_WritePin
                0x0800231c       0x32 ./Drivers/STM32F7xx_HAL_Driver/Src/stm32f7xx_hal_gpio.o
                0x0800231c                HAL_GPIO_WritePin
 .text.HAL_GPIO_TogglePin
                0x0800234e       0x34 ./Drivers/STM32F7xx_HAL_Driver/Src/stm32f7xx_hal_gpio.o
                0x0800234e                HAL_GPIO_TogglePin
 *fill*         0x08002382        0x2 
 .text.HAL_PWREx_EnableOverDrive
                0x08002384       0xa0 ./Drivers/STM32F7xx_HAL_Driver/Src/stm32f7xx_hal_pwr_ex.o
                0x08002384                HAL_PWREx_EnableOverDrive
 .text.HAL_RCC_OscConfig
                0x08002424      0x548 ./Drivers/STM32F7xx_HAL_Driver/Src/stm32f7xx_hal_rcc.o
                0x08002424                HAL_RCC_OscConfig
 .text.HAL_RCC_ClockConfig
                0x0800296c      0x1d8 ./Drivers/STM32F7xx_HAL_Driver/Src/stm32f7xx_hal_rcc.o
                0x0800296c                HAL_RCC_ClockConfig
 .text.HAL_RCC_GetSysClockFreq
                0x08002b44      0x18c ./Drivers/STM32F7xx_HAL_Driver/Src/stm32f7xx_hal_rcc.o
                0x08002b44                HAL_RCC_GetSysClockFreq
 .text.HAL_RCC_GetHCLKFreq
                0x08002cd0       0x18 ./Drivers/STM32F7xx_HAL_Driver/Src/stm32f7xx_hal_rcc.o
                0x08002cd0                HAL_RCC_GetHCLKFreq
 .text.HAL_RCC_GetPCLK2Freq
                0x08002ce8       0x28 ./Drivers/STM32F7xx_HAL_Driver/Src/stm32f7xx_hal_rcc.o
                0x08002ce8                HAL_RCC_GetPCLK2Freq
 .text.HAL_RCC_GetClockConfig
                0x08002d10       0x64 ./Drivers/STM32F7xx_HAL_Driver/Src/stm32f7xx_hal_rcc.o
                0x08002d10                HAL_RCC_GetClockConfig
 .text.HAL_SPI_Init
                0x08002d74      0x156 ./Drivers/STM32F7xx_HAL_Driver/Src/stm32f7xx_hal_spi.o
                0x08002d74                HAL_SPI_Init
 .text.HAL_SPI_Transmit
                0x08002eca      0x2ec ./Drivers/STM32F7xx_HAL_Driver/Src/stm32f7xx_hal_spi.o
                0x08002eca                HAL_SPI_Transmit
 .text.HAL_SPI_Receive
                0x080031b6      0x270 ./Drivers/STM32F7xx_HAL_Driver/Src/stm32f7xx_hal_spi.o
                0x080031b6                HAL_SPI_Receive
 .text.HAL_SPI_TransmitReceive
                0x08003426      0x43e ./Drivers/STM32F7xx_HAL_Driver/Src/stm32f7xx_hal_spi.o
                0x08003426                HAL_SPI_TransmitReceive
 .text.SPI_WaitFlagStateUntilTimeout
                0x08003864      0x110 ./Drivers/STM32F7xx_HAL_Driver/Src/stm32f7xx_hal_spi.o
 .text.SPI_WaitFifoStateUntilTimeout
                0x08003974      0x12c ./Drivers/STM32F7xx_HAL_Driver/Src/stm32f7xx_hal_spi.o
 .text.SPI_EndRxTransaction
                0x08003aa0       0xf8 ./Drivers/STM32F7xx_HAL_Driver/Src/stm32f7xx_hal_spi.o
 .text.SPI_EndRxTxTransaction
                0x08003b98       0xd4 ./Drivers/STM32F7xx_HAL_Driver/Src/stm32f7xx_hal_spi.o
 .text.HAL_TIM_Base_Init
                0x08003c6c       0xae ./Drivers/STM32F7xx_HAL_Driver/Src/stm32f7xx_hal_tim.o
                0x08003c6c                HAL_TIM_Base_Init
 .text.HAL_TIM_Base_MspInit
                0x08003d1a       0x14 ./Drivers/STM32F7xx_HAL_Driver/Src/stm32f7xx_hal_tim.o
                0x08003d1a                HAL_TIM_Base_MspInit
 *fill*         0x08003d2e        0x2 
 .text.HAL_TIM_Base_Start_IT
                0x08003d30       0xf0 ./Drivers/STM32F7xx_HAL_Driver/Src/stm32f7xx_hal_tim.o
                0x08003d30                HAL_TIM_Base_Start_IT
 .text.HAL_TIM_PWM_Init
                0x08003e20       0xae ./Drivers/STM32F7xx_HAL_Driver/Src/stm32f7xx_hal_tim.o
                0x08003e20                HAL_TIM_PWM_Init
 *fill*         0x08003ece        0x2 
 .text.HAL_TIM_PWM_DeInit
                0x08003ed0       0xbc ./Drivers/STM32F7xx_HAL_Driver/Src/stm32f7xx_hal_tim.o
                0x08003ed0                HAL_TIM_PWM_DeInit
 .text.HAL_TIM_PWM_Start
                0x08003f8c      0x1f4 ./Drivers/STM32F7xx_HAL_Driver/Src/stm32f7xx_hal_tim.o
                0x08003f8c                HAL_TIM_PWM_Start
 .text.HAL_TIM_PWM_Stop
                0x08004180      0x100 ./Drivers/STM32F7xx_HAL_Driver/Src/stm32f7xx_hal_tim.o
                0x08004180                HAL_TIM_PWM_Stop
 .text.HAL_TIM_IRQHandler
                0x08004280      0x20e ./Drivers/STM32F7xx_HAL_Driver/Src/stm32f7xx_hal_tim.o
                0x08004280                HAL_TIM_IRQHandler
 *fill*         0x0800448e        0x2 
 .text.HAL_TIM_PWM_ConfigChannel
                0x08004490      0x228 ./Drivers/STM32F7xx_HAL_Driver/Src/stm32f7xx_hal_tim.o
                0x08004490                HAL_TIM_PWM_ConfigChannel
 .text.HAL_TIM_OC_DelayElapsedCallback
                0x080046b8       0x14 ./Drivers/STM32F7xx_HAL_Driver/Src/stm32f7xx_hal_tim.o
                0x080046b8                HAL_TIM_OC_DelayElapsedCallback
 .text.HAL_TIM_IC_CaptureCallback
                0x080046cc       0x14 ./Drivers/STM32F7xx_HAL_Driver/Src/stm32f7xx_hal_tim.o
                0x080046cc                HAL_TIM_IC_CaptureCallback
 .text.HAL_TIM_PWM_PulseFinishedCallback
                0x080046e0       0x14 ./Drivers/STM32F7xx_HAL_Driver/Src/stm32f7xx_hal_tim.o
                0x080046e0                HAL_TIM_PWM_PulseFinishedCallback
 .text.HAL_TIM_TriggerCallback
                0x080046f4       0x14 ./Drivers/STM32F7xx_HAL_Driver/Src/stm32f7xx_hal_tim.o
                0x080046f4                HAL_TIM_TriggerCallback
 .text.TIM_Base_SetConfig
                0x08004708      0x14c ./Drivers/STM32F7xx_HAL_Driver/Src/stm32f7xx_hal_tim.o
                0x08004708                TIM_Base_SetConfig
 .text.TIM_OC1_SetConfig
                0x08004854       0xe4 ./Drivers/STM32F7xx_HAL_Driver/Src/stm32f7xx_hal_tim.o
 .text.TIM_OC2_SetConfig
                0x08004938       0xf0 ./Drivers/STM32F7xx_HAL_Driver/Src/stm32f7xx_hal_tim.o
                0x08004938                TIM_OC2_SetConfig
 .text.TIM_OC3_SetConfig
                0x08004a28       0xec ./Drivers/STM32F7xx_HAL_Driver/Src/stm32f7xx_hal_tim.o
 .text.TIM_OC4_SetConfig
                0x08004b14       0xb0 ./Drivers/STM32F7xx_HAL_Driver/Src/stm32f7xx_hal_tim.o
 .text.TIM_OC5_SetConfig
                0x08004bc4       0xa4 ./Drivers/STM32F7xx_HAL_Driver/Src/stm32f7xx_hal_tim.o
 .text.TIM_OC6_SetConfig
                0x08004c68       0xa8 ./Drivers/STM32F7xx_HAL_Driver/Src/stm32f7xx_hal_tim.o
 .text.TIM_CCxChannelCmd
                0x08004d10       0x4a ./Drivers/STM32F7xx_HAL_Driver/Src/stm32f7xx_hal_tim.o
                0x08004d10                TIM_CCxChannelCmd
 *fill*         0x08004d5a        0x2 
 .text.HAL_TIMEx_MasterConfigSynchronization
                0x08004d5c      0x11c ./Drivers/STM32F7xx_HAL_Driver/Src/stm32f7xx_hal_tim_ex.o
                0x08004d5c                HAL_TIMEx_MasterConfigSynchronization
 .text.HAL_TIMEx_CommutCallback
                0x08004e78       0x14 ./Drivers/STM32F7xx_HAL_Driver/Src/stm32f7xx_hal_tim_ex.o
                0x08004e78                HAL_TIMEx_CommutCallback
 .text.HAL_TIMEx_BreakCallback
                0x08004e8c       0x14 ./Drivers/STM32F7xx_HAL_Driver/Src/stm32f7xx_hal_tim_ex.o
                0x08004e8c                HAL_TIMEx_BreakCallback
 .text.HAL_TIMEx_Break2Callback
                0x08004ea0       0x14 ./Drivers/STM32F7xx_HAL_Driver/Src/stm32f7xx_hal_tim_ex.o
                0x08004ea0                HAL_TIMEx_Break2Callback
 .text.SVC_Setup
                0x08004eb4        0xe ./Middlewares/Third_Party/FreeRTOS/Source/CMSIS_RTOS_V2/cmsis_os2.o
 *fill*         0x08004ec2        0x2 
 .text.osKernelInitialize
                0x08004ec4       0x68 ./Middlewares/Third_Party/FreeRTOS/Source/CMSIS_RTOS_V2/cmsis_os2.o
                0x08004ec4                osKernelInitialize
 .text.osKernelStart
                0x08004f2c       0x6c ./Middlewares/Third_Party/FreeRTOS/Source/CMSIS_RTOS_V2/cmsis_os2.o
                0x08004f2c                osKernelStart
 .text.osThreadNew
                0x08004f98      0x14c ./Middlewares/Third_Party/FreeRTOS/Source/CMSIS_RTOS_V2/cmsis_os2.o
                0x08004f98                osThreadNew
 .text.osDelay  0x080050e4       0x5c ./Middlewares/Third_Party/FreeRTOS/Source/CMSIS_RTOS_V2/cmsis_os2.o
                0x080050e4                osDelay
 .text.TimerCallback
                0x08005140       0x2a ./Middlewares/Third_Party/FreeRTOS/Source/CMSIS_RTOS_V2/cmsis_os2.o
 *fill*         0x0800516a        0x2 
 .text.osTimerNew
                0x0800516c      0x108 ./Middlewares/Third_Party/FreeRTOS/Source/CMSIS_RTOS_V2/cmsis_os2.o
                0x0800516c                osTimerNew
 .text.osMutexNew
                0x08005274      0x134 ./Middlewares/Third_Party/FreeRTOS/Source/CMSIS_RTOS_V2/cmsis_os2.o
                0x08005274                osMutexNew
 .text.osMutexAcquire
                0x080053a8       0xbc ./Middlewares/Third_Party/FreeRTOS/Source/CMSIS_RTOS_V2/cmsis_os2.o
                0x080053a8                osMutexAcquire
 .text.osMutexRelease
                0x08005464       0xa0 ./Middlewares/Third_Party/FreeRTOS/Source/CMSIS_RTOS_V2/cmsis_os2.o
                0x08005464                osMutexRelease
 .text.osMessageQueueNew
                0x08005504      0x10c ./Middlewares/Third_Party/FreeRTOS/Source/CMSIS_RTOS_V2/cmsis_os2.o
                0x08005504                osMessageQueueNew
 .text.osMessageQueuePut
                0x08005610       0xe8 ./Middlewares/Third_Party/FreeRTOS/Source/CMSIS_RTOS_V2/cmsis_os2.o
                0x08005610                osMessageQueuePut
 .text.osMessageQueueGet
                0x080056f8       0xe4 ./Middlewares/Third_Party/FreeRTOS/Source/CMSIS_RTOS_V2/cmsis_os2.o
                0x080056f8                osMessageQueueGet
 .text.osMessageQueueGetCount
                0x080057dc       0x64 ./Middlewares/Third_Party/FreeRTOS/Source/CMSIS_RTOS_V2/cmsis_os2.o
                0x080057dc                osMessageQueueGetCount
 .text.vApplicationGetIdleTaskMemory
                0x08005840       0x34 ./Middlewares/Third_Party/FreeRTOS/Source/CMSIS_RTOS_V2/cmsis_os2.o
                0x08005840                vApplicationGetIdleTaskMemory
 .text.vApplicationGetTimerTaskMemory
                0x08005874       0x34 ./Middlewares/Third_Party/FreeRTOS/Source/CMSIS_RTOS_V2/cmsis_os2.o
                0x08005874                vApplicationGetTimerTaskMemory
 .text.vListInitialise
                0x080058a8       0x40 ./Middlewares/Third_Party/FreeRTOS/Source/list.o
                0x080058a8                vListInitialise
 .text.vListInitialiseItem
                0x080058e8       0x1a ./Middlewares/Third_Party/FreeRTOS/Source/list.o
                0x080058e8                vListInitialiseItem
 .text.vListInsertEnd
                0x08005902       0x48 ./Middlewares/Third_Party/FreeRTOS/Source/list.o
                0x08005902                vListInsertEnd
 .text.vListInsert
                0x0800594a       0x72 ./Middlewares/Third_Party/FreeRTOS/Source/list.o
                0x0800594a                vListInsert
 .text.uxListRemove
                0x080059bc       0x54 ./Middlewares/Third_Party/FreeRTOS/Source/list.o
                0x080059bc                uxListRemove
 .text.xQueueGenericReset
                0x08005a10       0xd8 ./Middlewares/Third_Party/FreeRTOS/Source/queue.o
                0x08005a10                xQueueGenericReset
 .text.xQueueGenericCreateStatic
                0x08005ae8      0x10e ./Middlewares/Third_Party/FreeRTOS/Source/queue.o
                0x08005ae8                xQueueGenericCreateStatic
 .text.xQueueGenericCreate
                0x08005bf6       0x86 ./Middlewares/Third_Party/FreeRTOS/Source/queue.o
                0x08005bf6                xQueueGenericCreate
 .text.prvInitialiseNewQueue
                0x08005c7c       0x46 ./Middlewares/Third_Party/FreeRTOS/Source/queue.o
 .text.prvInitialiseMutex
                0x08005cc2       0x34 ./Middlewares/Third_Party/FreeRTOS/Source/queue.o
 .text.xQueueCreateMutex
                0x08005cf6       0x30 ./Middlewares/Third_Party/FreeRTOS/Source/queue.o
                0x08005cf6                xQueueCreateMutex
 .text.xQueueCreateMutexStatic
                0x08005d26       0x36 ./Middlewares/Third_Party/FreeRTOS/Source/queue.o
                0x08005d26                xQueueCreateMutexStatic
 .text.xQueueGiveMutexRecursive
                0x08005d5c       0x6e ./Middlewares/Third_Party/FreeRTOS/Source/queue.o
                0x08005d5c                xQueueGiveMutexRecursive
 .text.xQueueTakeMutexRecursive
                0x08005dca       0x72 ./Middlewares/Third_Party/FreeRTOS/Source/queue.o
                0x08005dca                xQueueTakeMutexRecursive
 .text.xQueueGenericSend
                0x08005e3c      0x214 ./Middlewares/Third_Party/FreeRTOS/Source/queue.o
                0x08005e3c                xQueueGenericSend
 .text.xQueueGenericSendFromISR
                0x08006050      0x146 ./Middlewares/Third_Party/FreeRTOS/Source/queue.o
                0x08006050                xQueueGenericSendFromISR
 *fill*         0x08006196        0x2 
 .text.xQueueReceive
                0x08006198      0x1d0 ./Middlewares/Third_Party/FreeRTOS/Source/queue.o
                0x08006198                xQueueReceive
 .text.xQueueSemaphoreTake
                0x08006368      0x230 ./Middlewares/Third_Party/FreeRTOS/Source/queue.o
                0x08006368                xQueueSemaphoreTake
 .text.xQueueReceiveFromISR
                0x08006598      0x110 ./Middlewares/Third_Party/FreeRTOS/Source/queue.o
                0x08006598                xQueueReceiveFromISR
 .text.uxQueueMessagesWaiting
                0x080066a8       0x42 ./Middlewares/Third_Party/FreeRTOS/Source/queue.o
                0x080066a8                uxQueueMessagesWaiting
 .text.uxQueueMessagesWaitingFromISR
                0x080066ea       0x42 ./Middlewares/Third_Party/FreeRTOS/Source/queue.o
                0x080066ea                uxQueueMessagesWaitingFromISR
 .text.prvGetDisinheritPriorityAfterTimeout
                0x0800672c       0x30 ./Middlewares/Third_Party/FreeRTOS/Source/queue.o
 .text.prvCopyDataToQueue
                0x0800675c       0xd4 ./Middlewares/Third_Party/FreeRTOS/Source/queue.o
 .text.prvCopyDataFromQueue
                0x08006830       0x4c ./Middlewares/Third_Party/FreeRTOS/Source/queue.o
 .text.prvUnlockQueue
                0x0800687c       0xa4 ./Middlewares/Third_Party/FreeRTOS/Source/queue.o
 .text.prvIsQueueEmpty
                0x08006920       0x2c ./Middlewares/Third_Party/FreeRTOS/Source/queue.o
 .text.prvIsQueueFull
                0x0800694c       0x30 ./Middlewares/Third_Party/FreeRTOS/Source/queue.o
 .text.vQueueAddToRegistry
                0x0800697c       0x54 ./Middlewares/Third_Party/FreeRTOS/Source/queue.o
                0x0800697c                vQueueAddToRegistry
 .text.vQueueWaitForMessageRestricted
                0x080069d0       0x68 ./Middlewares/Third_Party/FreeRTOS/Source/queue.o
                0x080069d0                vQueueWaitForMessageRestricted
 .text.xTaskCreateStatic
                0x08006a38       0xcc ./Middlewares/Third_Party/FreeRTOS/Source/tasks.o
                0x08006a38                xTaskCreateStatic
 .text.xTaskCreate
                0x08006b04       0x8a ./Middlewares/Third_Party/FreeRTOS/Source/tasks.o
                0x08006b04                xTaskCreate
 .text.prvInitialiseNewTask
                0x08006b8e      0x12a ./Middlewares/Third_Party/FreeRTOS/Source/tasks.o
 .text.prvAddNewTaskToReadyList
                0x08006cb8       0xe0 ./Middlewares/Third_Party/FreeRTOS/Source/tasks.o
 .text.vTaskDelay
                0x08006d98       0x70 ./Middlewares/Third_Party/FreeRTOS/Source/tasks.o
                0x08006d98                vTaskDelay
 .text.vTaskStartScheduler
                0x08006e08       0xdc ./Middlewares/Third_Party/FreeRTOS/Source/tasks.o
                0x08006e08                vTaskStartScheduler
 .text.vTaskSuspendAll
                0x08006ee4       0x1c ./Middlewares/Third_Party/FreeRTOS/Source/tasks.o
                0x08006ee4                vTaskSuspendAll
 .text.xTaskResumeAll
                0x08006f00      0x140 ./Middlewares/Third_Party/FreeRTOS/Source/tasks.o
                0x08006f00                xTaskResumeAll
 .text.xTaskGetTickCount
                0x08007040       0x20 ./Middlewares/Third_Party/FreeRTOS/Source/tasks.o
                0x08007040                xTaskGetTickCount
 .text.xTaskIncrementTick
                0x08007060      0x178 ./Middlewares/Third_Party/FreeRTOS/Source/tasks.o
                0x08007060                xTaskIncrementTick
 .text.vTaskSwitchContext
                0x080071d8       0xf8 ./Middlewares/Third_Party/FreeRTOS/Source/tasks.o
                0x080071d8                vTaskSwitchContext
 .text.vTaskPlaceOnEventList
                0x080072d0       0x50 ./Middlewares/Third_Party/FreeRTOS/Source/tasks.o
                0x080072d0                vTaskPlaceOnEventList
 .text.vTaskPlaceOnEventListRestricted
                0x08007320       0x5c ./Middlewares/Third_Party/FreeRTOS/Source/tasks.o
                0x08007320                vTaskPlaceOnEventListRestricted
 .text.xTaskRemoveFromEventList
                0x0800737c       0xcc ./Middlewares/Third_Party/FreeRTOS/Source/tasks.o
                0x0800737c                xTaskRemoveFromEventList
 .text.vTaskInternalSetTimeOutState
                0x08007448       0x2c ./Middlewares/Third_Party/FreeRTOS/Source/tasks.o
                0x08007448                vTaskInternalSetTimeOutState
 .text.xTaskCheckForTimeOut
                0x08007474       0xd0 ./Middlewares/Third_Party/FreeRTOS/Source/tasks.o
                0x08007474                xTaskCheckForTimeOut
 .text.vTaskMissedYield
                0x08007544       0x18 ./Middlewares/Third_Party/FreeRTOS/Source/tasks.o
                0x08007544                vTaskMissedYield
 .text.prvIdleTask
                0x0800755c       0x30 ./Middlewares/Third_Party/FreeRTOS/Source/tasks.o
 .text.prvInitialiseTaskLists
                0x0800758c       0x80 ./Middlewares/Third_Party/FreeRTOS/Source/tasks.o
 .text.prvCheckTasksWaitingTermination
                0x0800760c       0x5c ./Middlewares/Third_Party/FreeRTOS/Source/tasks.o
 .text.prvDeleteTCB
                0x08007668       0x64 ./Middlewares/Third_Party/FreeRTOS/Source/tasks.o
 .text.prvResetNextTaskUnblockTime
                0x080076cc       0x40 ./Middlewares/Third_Party/FreeRTOS/Source/tasks.o
 .text.xTaskGetCurrentTaskHandle
                0x0800770c       0x20 ./Middlewares/Third_Party/FreeRTOS/Source/tasks.o
                0x0800770c                xTaskGetCurrentTaskHandle
 .text.xTaskGetSchedulerState
                0x0800772c       0x3c ./Middlewares/Third_Party/FreeRTOS/Source/tasks.o
                0x0800772c                xTaskGetSchedulerState
 .text.xTaskPriorityInherit
                0x08007768       0xd0 ./Middlewares/Third_Party/FreeRTOS/Source/tasks.o
                0x08007768                xTaskPriorityInherit
 .text.xTaskPriorityDisinherit
                0x08007838       0xe8 ./Middlewares/Third_Party/FreeRTOS/Source/tasks.o
                0x08007838                xTaskPriorityDisinherit
 .text.vTaskPriorityDisinheritAfterTimeout
                0x08007920      0x110 ./Middlewares/Third_Party/FreeRTOS/Source/tasks.o
                0x08007920                vTaskPriorityDisinheritAfterTimeout
 .text.pvTaskIncrementMutexHeldCount
                0x08007a30       0x28 ./Middlewares/Third_Party/FreeRTOS/Source/tasks.o
                0x08007a30                pvTaskIncrementMutexHeldCount
 .text.prvAddCurrentTaskToDelayedList
                0x08007a58       0xa8 ./Middlewares/Third_Party/FreeRTOS/Source/tasks.o
 .text.xTimerCreateTimerTask
                0x08007b00       0x98 ./Middlewares/Third_Party/FreeRTOS/Source/timers.o
                0x08007b00                xTimerCreateTimerTask
 .text.xTimerCreate
                0x08007b98       0x42 ./Middlewares/Third_Party/FreeRTOS/Source/timers.o
                0x08007b98                xTimerCreate
 .text.xTimerCreateStatic
                0x08007bda       0x88 ./Middlewares/Third_Party/FreeRTOS/Source/timers.o
                0x08007bda                xTimerCreateStatic
 .text.prvInitialiseNewTimer
                0x08007c62       0x7c ./Middlewares/Third_Party/FreeRTOS/Source/timers.o
 *fill*         0x08007cde        0x2 
 .text.xTimerGenericCommand
                0x08007ce0       0xa0 ./Middlewares/Third_Party/FreeRTOS/Source/timers.o
                0x08007ce0                xTimerGenericCommand
 .text.prvProcessExpiredTimer
                0x08007d80       0xa0 ./Middlewares/Third_Party/FreeRTOS/Source/timers.o
 .text.prvTimerTask
                0x08007e20       0x26 ./Middlewares/Third_Party/FreeRTOS/Source/timers.o
 *fill*         0x08007e46        0x2 
 .text.prvProcessTimerOrBlockTask
                0x08007e48       0x9c ./Middlewares/Third_Party/FreeRTOS/Source/timers.o
 .text.prvGetNextExpireTime
                0x08007ee4       0x48 ./Middlewares/Third_Party/FreeRTOS/Source/timers.o
 .text.prvSampleTimeNow
                0x08007f2c       0x40 ./Middlewares/Third_Party/FreeRTOS/Source/timers.o
 .text.prvInsertTimerInActiveList
                0x08007f6c       0x84 ./Middlewares/Third_Party/FreeRTOS/Source/timers.o
 .text.prvProcessReceivedCommands
                0x08007ff0      0x1d8 ./Middlewares/Third_Party/FreeRTOS/Source/timers.o
 .text.prvSwitchTimerLists
                0x080081c8       0xd0 ./Middlewares/Third_Party/FreeRTOS/Source/timers.o
 .text.prvCheckForValidListAndQueue
                0x08008298       0x80 ./Middlewares/Third_Party/FreeRTOS/Source/timers.o
 .text.pvTimerGetTimerID
                0x08008318       0x46 ./Middlewares/Third_Party/FreeRTOS/Source/timers.o
                0x08008318                pvTimerGetTimerID
 *fill*         0x0800835e        0x2 
 .text.pxPortInitialiseStack
                0x08008360       0x68 ./Middlewares/Third_Party/FreeRTOS/Source/portable/GCC/ARM_CM7/r0p1/port.o
                0x08008360                pxPortInitialiseStack
 .text.prvTaskExitError
                0x080083c8       0x64 ./Middlewares/Third_Party/FreeRTOS/Source/portable/GCC/ARM_CM7/r0p1/port.o
 *fill*         0x0800842c        0x4 
 .text.SVC_Handler
                0x08008430       0x28 ./Middlewares/Third_Party/FreeRTOS/Source/portable/GCC/ARM_CM7/r0p1/port.o
                0x08008430                SVC_Handler
 .text.prvPortStartFirstTask
                0x08008458       0x28 ./Middlewares/Third_Party/FreeRTOS/Source/portable/GCC/ARM_CM7/r0p1/port.o
 .text.xPortStartScheduler
                0x08008480       0xfc ./Middlewares/Third_Party/FreeRTOS/Source/portable/GCC/ARM_CM7/r0p1/port.o
                0x08008480                xPortStartScheduler
 .text.vPortEnterCritical
                0x0800857c       0x6c ./Middlewares/Third_Party/FreeRTOS/Source/portable/GCC/ARM_CM7/r0p1/port.o
                0x0800857c                vPortEnterCritical
 .text.vPortExitCritical
                0x080085e8       0x58 ./Middlewares/Third_Party/FreeRTOS/Source/portable/GCC/ARM_CM7/r0p1/port.o
                0x080085e8                vPortExitCritical
 .text.PendSV_Handler
                0x08008640       0x68 ./Middlewares/Third_Party/FreeRTOS/Source/portable/GCC/ARM_CM7/r0p1/port.o
                0x08008640                PendSV_Handler
 .text.SysTick_Handler
                0x080086a8       0x48 ./Middlewares/Third_Party/FreeRTOS/Source/portable/GCC/ARM_CM7/r0p1/port.o
                0x080086a8                SysTick_Handler
 .text.vPortSetupTimerInterrupt
                0x080086f0       0x48 ./Middlewares/Third_Party/FreeRTOS/Source/portable/GCC/ARM_CM7/r0p1/port.o
                0x080086f0                vPortSetupTimerInterrupt
 .text.vPortEnableVFP
                0x08008738       0x14 ./Middlewares/Third_Party/FreeRTOS/Source/portable/GCC/ARM_CM7/r0p1/port.o
 .text.vPortValidateInterruptPriority
                0x0800874c       0x8c ./Middlewares/Third_Party/FreeRTOS/Source/portable/GCC/ARM_CM7/r0p1/port.o
                0x0800874c                vPortValidateInterruptPriority
 .text.pvPortMalloc
                0x080087d8      0x19c ./Middlewares/Third_Party/FreeRTOS/Source/portable/MemMang/heap_4.o
                0x080087d8                pvPortMalloc
 .text.vPortFree
                0x08008974       0xc0 ./Middlewares/Third_Party/FreeRTOS/Source/portable/MemMang/heap_4.o
                0x08008974                vPortFree
 .text.prvHeapInit
                0x08008a34       0xc4 ./Middlewares/Third_Party/FreeRTOS/Source/portable/MemMang/heap_4.o
 .text.prvInsertBlockIntoFreeList
                0x08008af8       0xb4 ./Middlewares/Third_Party/FreeRTOS/Source/portable/MemMang/heap_4.o
 .text.memset   0x08008bac       0x10 C:/ST/STM32CubeIDE_1.16.1/STM32CubeIDE/plugins/com.st.stm32cube.ide.mcu.externaltools.gnu-tools-for-stm32.13.3.rel1.win32_1.0.0.202411081344/tools/bin/../lib/gcc/arm-none-eabi/13.3.1/../../../../arm-none-eabi/lib/thumb/v7e-m+fp/hard\libc_nano.a(libc_a-memset.o)
                0x08008bac                memset
 .text.__libc_init_array
                0x08008bbc       0x48 C:/ST/STM32CubeIDE_1.16.1/STM32CubeIDE/plugins/com.st.stm32cube.ide.mcu.externaltools.gnu-tools-for-stm32.13.3.rel1.win32_1.0.0.202411081344/tools/bin/../lib/gcc/arm-none-eabi/13.3.1/../../../../arm-none-eabi/lib/thumb/v7e-m+fp/hard\libc_nano.a(libc_a-init.o)
                0x08008bbc                __libc_init_array
 .text.memcpy   0x08008c04       0x1c C:/ST/STM32CubeIDE_1.16.1/STM32CubeIDE/plugins/com.st.stm32cube.ide.mcu.externaltools.gnu-tools-for-stm32.13.3.rel1.win32_1.0.0.202411081344/tools/bin/../lib/gcc/arm-none-eabi/13.3.1/../../../../arm-none-eabi/lib/thumb/v7e-m+fp/hard\libc_nano.a(libc_a-memcpy-stub.o)
                0x08008c04                memcpy
 *(.glue_7)
 .glue_7        0x08008c20        0x0 linker stubs
 *(.glue_7t)
 .glue_7t       0x08008c20        0x0 linker stubs
 *(.eh_frame)
 .eh_frame      0x08008c20        0x0 C:/ST/STM32CubeIDE_1.16.1/STM32CubeIDE/plugins/com.st.stm32cube.ide.mcu.externaltools.gnu-tools-for-stm32.13.3.rel1.win32_1.0.0.202411081344/tools/bin/../lib/gcc/arm-none-eabi/13.3.1/thumb/v7e-m+fp/hard/crtbegin.o
 *(.init)
 .init          0x08008c20        0x4 C:/ST/STM32CubeIDE_1.16.1/STM32CubeIDE/plugins/com.st.stm32cube.ide.mcu.externaltools.gnu-tools-for-stm32.13.3.rel1.win32_1.0.0.202411081344/tools/bin/../lib/gcc/arm-none-eabi/13.3.1/thumb/v7e-m+fp/hard/crti.o
                0x08008c20                _init
 .init          0x08008c24        0x8 C:/ST/STM32CubeIDE_1.16.1/STM32CubeIDE/plugins/com.st.stm32cube.ide.mcu.externaltools.gnu-tools-for-stm32.13.3.rel1.win32_1.0.0.202411081344/tools/bin/../lib/gcc/arm-none-eabi/13.3.1/thumb/v7e-m+fp/hard/crtn.o
 *(.fini)
 .fini          0x08008c2c        0x4 C:/ST/STM32CubeIDE_1.16.1/STM32CubeIDE/plugins/com.st.stm32cube.ide.mcu.externaltools.gnu-tools-for-stm32.13.3.rel1.win32_1.0.0.202411081344/tools/bin/../lib/gcc/arm-none-eabi/13.3.1/thumb/v7e-m+fp/hard/crti.o
                0x08008c2c                _fini
 .fini          0x08008c30        0x8 C:/ST/STM32CubeIDE_1.16.1/STM32CubeIDE/plugins/com.st.stm32cube.ide.mcu.externaltools.gnu-tools-for-stm32.13.3.rel1.win32_1.0.0.202411081344/tools/bin/../lib/gcc/arm-none-eabi/13.3.1/thumb/v7e-m+fp/hard/crtn.o
                0x08008c38                        . = ALIGN (0x4)
                0x08008c38                        _etext = .

.vfp11_veneer   0x08008c38        0x0
 .vfp11_veneer  0x08008c38        0x0 linker stubs

.v4_bx          0x08008c38        0x0
 .v4_bx         0x08008c38        0x0 linker stubs

.iplt           0x08008c38        0x0
 .iplt          0x08008c38        0x0 C:/ST/STM32CubeIDE_1.16.1/STM32CubeIDE/plugins/com.st.stm32cube.ide.mcu.externaltools.gnu-tools-for-stm32.13.3.rel1.win32_1.0.0.202411081344/tools/bin/../lib/gcc/arm-none-eabi/13.3.1/thumb/v7e-m+fp/hard/crtbegin.o

.rodata         0x08008c38      0x384
                0x08008c38                        . = ALIGN (0x4)
 *(.rodata)
 .rodata        0x08008c38      0x128 ./Core/Src/freertos.o
 .rodata        0x08008d60       0x30 ./Middlewares/Third_Party/FreeRTOS/Source/tasks.o
 .rodata        0x08008d90        0xd ./Middlewares/Third_Party/FreeRTOS/Source/timers.o
 *(.rodata*)
 *fill*         0x08008d9d        0x3 
 .rodata.MissionManager_attributes
                0x08008da0       0x24 ./Core/Src/freertos.o
                0x08008da0                MissionManager_attributes
 .rodata.ActuatorsTask_attributes
                0x08008dc4       0x24 ./Core/Src/freertos.o
                0x08008dc4                ActuatorsTask_attributes
 .rodata.MemoryTask_attributes
                0x08008de8       0x24 ./Core/Src/freertos.o
                0x08008de8                MemoryTask_attributes
 .rodata.InitializerTask_attributes
                0x08008e0c       0x24 ./Core/Src/freertos.o
                0x08008e0c                InitializerTask_attributes
 .rodata.CommandInterfac_attributes
                0x08008e30       0x24 ./Core/Src/freertos.o
                0x08008e30                CommandInterfac_attributes
 .rodata.ConfigTask_attributes
                0x08008e54       0x24 ./Core/Src/freertos.o
                0x08008e54                ConfigTask_attributes
 .rodata.INSTask_attributes
                0x08008e78       0x24 ./Core/Src/freertos.o
                0x08008e78                INSTask_attributes
 .rodata.BlackboxTask_attributes
                0x08008e9c       0x24 ./Core/Src/freertos.o
                0x08008e9c                BlackboxTask_attributes
 .rodata.FaultTask_attributes
                0x08008ec0       0x24 ./Core/Src/freertos.o
                0x08008ec0                FaultTask_attributes
 .rodata.System_Queue_attributes
                0x08008ee4       0x18 ./Core/Src/freertos.o
                0x08008ee4                System_Queue_attributes
 .rodata.Actuator_Queue_attributes
                0x08008efc       0x18 ./Core/Src/freertos.o
                0x08008efc                Actuator_Queue_attributes
 .rodata.Memory_writeQueue_attributes
                0x08008f14       0x18 ./Core/Src/freertos.o
                0x08008f14                Memory_writeQueue_attributes
 .rodata.Memory_readQueue_attributes
                0x08008f2c       0x18 ./Core/Src/freertos.o
                0x08008f2c                Memory_readQueue_attributes
 .rodata.Memory_requestQueue_attributes
                0x08008f44       0x18 ./Core/Src/freertos.o
                0x08008f44                Memory_requestQueue_attributes
 .rodata.Config_Request_attributes
                0x08008f5c       0x18 ./Core/Src/freertos.o
                0x08008f5c                Config_Request_attributes
 .rodata.DeployParachuteTimer_attributes
                0x08008f74       0x10 ./Core/Src/freertos.o
                0x08008f74                DeployParachuteTimer_attributes
 .rodata.ParachuteDeploymentPulse_attributes
                0x08008f84       0x10 ./Core/Src/freertos.o
                0x08008f84                ParachuteDeploymentPulse_attributes
 .rodata.MemoryMutex_attributes
                0x08008f94       0x10 ./Core/Src/freertos.o
                0x08008f94                MemoryMutex_attributes
 .rodata.AHBPrescTable
                0x08008fa4       0x10 ./Core/Src/system_stm32f7xx.o
                0x08008fa4                AHBPrescTable
 .rodata.APBPrescTable
                0x08008fb4        0x8 ./Core/Src/system_stm32f7xx.o
                0x08008fb4                APBPrescTable
                0x08008fbc                        . = ALIGN (0x4)

.ARM.extab      0x08008fbc        0x0
                0x08008fbc                        . = ALIGN (0x4)
 *(.ARM.extab* .gnu.linkonce.armextab.*)
                0x08008fbc                        . = ALIGN (0x4)

.ARM            0x08008fbc        0x8
                0x08008fbc                        . = ALIGN (0x4)
                0x08008fbc                        __exidx_start = .
 *(.ARM.exidx*)
 .ARM.exidx     0x08008fbc        0x8 C:/ST/STM32CubeIDE_1.16.1/STM32CubeIDE/plugins/com.st.stm32cube.ide.mcu.externaltools.gnu-tools-for-stm32.13.3.rel1.win32_1.0.0.202411081344/tools/bin/../lib/gcc/arm-none-eabi/13.3.1/thumb/v7e-m+fp/hard\libgcc.a(_udivmoddi4.o)
                0x08008fc4                        __exidx_end = .
                0x08008fc4                        . = ALIGN (0x4)

.preinit_array  0x08008fc4        0x0
                0x08008fc4                        . = ALIGN (0x4)
                0x08008fc4                        PROVIDE (__preinit_array_start = .)
 *(.preinit_array*)
                0x08008fc4                        PROVIDE (__preinit_array_end = .)
                0x08008fc4                        . = ALIGN (0x4)

.init_array     0x08008fc4        0x4
                0x08008fc4                        . = ALIGN (0x4)
                0x08008fc4                        PROVIDE (__init_array_start = .)
 *(SORT_BY_NAME(.init_array.*))
 *(.init_array*)
 .init_array    0x08008fc4        0x4 C:/ST/STM32CubeIDE_1.16.1/STM32CubeIDE/plugins/com.st.stm32cube.ide.mcu.externaltools.gnu-tools-for-stm32.13.3.rel1.win32_1.0.0.202411081344/tools/bin/../lib/gcc/arm-none-eabi/13.3.1/thumb/v7e-m+fp/hard/crtbegin.o
                0x08008fc8                        PROVIDE (__init_array_end = .)
                0x08008fc8                        . = ALIGN (0x4)

.fini_array     0x08008fc8        0x4
                0x08008fc8                        . = ALIGN (0x4)
                [!provide]                        PROVIDE (__fini_array_start = .)
 *(SORT_BY_NAME(.fini_array.*))
 *(.fini_array*)
 .fini_array    0x08008fc8        0x4 C:/ST/STM32CubeIDE_1.16.1/STM32CubeIDE/plugins/com.st.stm32cube.ide.mcu.externaltools.gnu-tools-for-stm32.13.3.rel1.win32_1.0.0.202411081344/tools/bin/../lib/gcc/arm-none-eabi/13.3.1/thumb/v7e-m+fp/hard/crtbegin.o
                [!provide]                        PROVIDE (__fini_array_end = .)
                0x08008fcc                        . = ALIGN (0x4)
                0x08008fcc                        _sidata = LOADADDR (.data)

.rel.dyn        0x08008fcc        0x0
 .rel.iplt      0x08008fcc        0x0 C:/ST/STM32CubeIDE_1.16.1/STM32CubeIDE/plugins/com.st.stm32cube.ide.mcu.externaltools.gnu-tools-for-stm32.13.3.rel1.win32_1.0.0.202411081344/tools/bin/../lib/gcc/arm-none-eabi/13.3.1/thumb/v7e-m+fp/hard/crtbegin.o

.data           0x20000000       0x18 load address 0x08008fcc
                0x20000000                        . = ALIGN (0x4)
                0x20000000                        _sdata = .
 *(.data)
 *(.data*)
 .data.ActualState.4
                0x20000000        0x1 ./Core/Inc/Tasks/Actuators/Actuators.o
 *fill*         0x20000001        0x3 
 .data.Actuator_RequestTest
                0x20000004        0x4 ./Core/Inc/Tasks/MissionManager/MissionManager.o
                0x20000004                Actuator_RequestTest
 .data.SystemCoreClock
                0x20000008        0x4 ./Core/Src/system_stm32f7xx.o
                0x20000008                SystemCoreClock
 .data.uwTickPrio
                0x2000000c        0x4 ./Drivers/STM32F7xx_HAL_Driver/Src/stm32f7xx_hal.o
                0x2000000c                uwTickPrio
 .data.uwTickFreq
                0x20000010        0x1 ./Drivers/STM32F7xx_HAL_Driver/Src/stm32f7xx_hal.o
                0x20000010                uwTickFreq
 *fill*         0x20000011        0x3 
 .data.uxCriticalNesting
                0x20000014        0x4 ./Middlewares/Third_Party/FreeRTOS/Source/portable/GCC/ARM_CM7/r0p1/port.o
 *(.RamFunc)
 *(.RamFunc*)
                0x20000018                        . = ALIGN (0x4)
                0x20000018                        _edata = .

.igot.plt       0x20000018        0x0 load address 0x08008fe4
 .igot.plt      0x20000018        0x0 C:/ST/STM32CubeIDE_1.16.1/STM32CubeIDE/plugins/com.st.stm32cube.ide.mcu.externaltools.gnu-tools-for-stm32.13.3.rel1.win32_1.0.0.202411081344/tools/bin/../lib/gcc/arm-none-eabi/13.3.1/thumb/v7e-m+fp/hard/crtbegin.o
                0x20000018                        . = ALIGN (0x4)

.bss            0x20000018     0x54bc load address 0x08008fe4
                0x20000018                        _sbss = .
                0x20000018                        __bss_start__ = _sbss
 *(.bss)
 .bss           0x20000018       0x1c C:/ST/STM32CubeIDE_1.16.1/STM32CubeIDE/plugins/com.st.stm32cube.ide.mcu.externaltools.gnu-tools-for-stm32.13.3.rel1.win32_1.0.0.202411081344/tools/bin/../lib/gcc/arm-none-eabi/13.3.1/thumb/v7e-m+fp/hard/crtbegin.o
 *(.bss*)
 .bss.previosTime.0
                0x20000034        0x4 ./Core/Inc/System/System.o
 .bss.previosTime.3
                0x20000038        0x4 ./Core/Inc/Tasks/Actuators/Actuators.o
 .bss.buzzerValue.2
                0x2000003c        0x1 ./Core/Inc/Tasks/Actuators/Actuators.o
 .bss.initCount.1
                0x2000003d        0x1 ./Core/Inc/Tasks/Actuators/Actuators.o
 *fill*         0x2000003e        0x2 
 .bss.System_Notification.0
                0x20000040        0x2 ./Core/Inc/Tasks/Actuators/Actuators.o
 *fill*         0x20000042        0x2 
 .bss.Config_Configuration
                0x20000044      0x106 ./Core/Inc/Tasks/Config/Config.o
                0x20000044                Config_Configuration
 .bss.ConfigRequestTest
                0x2000014a        0x1 ./Core/Inc/Tasks/MissionManager/MissionManager.o
                0x2000014a                ConfigRequestTest
 .bss.PutMessageTest
                0x2000014b        0x1 ./Core/Inc/Tasks/MissionManager/MissionManager.o
                0x2000014b                PutMessageTest
 .bss.MissionManagerHandle
                0x2000014c        0x4 ./Core/Src/freertos.o
                0x2000014c                MissionManagerHandle
 .bss.MissionManagerBuffer
                0x20000150      0x400 ./Core/Src/freertos.o
                0x20000150                MissionManagerBuffer
 .bss.MissionManagerControlBlock
                0x20000550       0x60 ./Core/Src/freertos.o
                0x20000550                MissionManagerControlBlock
 .bss.ActuatorsTaskHandle
                0x200005b0        0x4 ./Core/Src/freertos.o
                0x200005b0                ActuatorsTaskHandle
 .bss.ActuatorsTaskBuffer
                0x200005b4      0x400 ./Core/Src/freertos.o
                0x200005b4                ActuatorsTaskBuffer
 .bss.ActuatorsTaskControlBlock
                0x200009b4       0x60 ./Core/Src/freertos.o
                0x200009b4                ActuatorsTaskControlBlock
 .bss.MemoryTaskHandle
                0x20000a14        0x4 ./Core/Src/freertos.o
                0x20000a14                MemoryTaskHandle
 .bss.MemoryTaskBuffer
                0x20000a18      0x400 ./Core/Src/freertos.o
                0x20000a18                MemoryTaskBuffer
 .bss.MemoryTaskControlBlock
                0x20000e18       0x60 ./Core/Src/freertos.o
                0x20000e18                MemoryTaskControlBlock
 .bss.InitializerTaskHandle
                0x20000e78        0x4 ./Core/Src/freertos.o
                0x20000e78                InitializerTaskHandle
 .bss.InitializerTaskBuffer
                0x20000e7c      0x400 ./Core/Src/freertos.o
                0x20000e7c                InitializerTaskBuffer
 .bss.InitializerTaskControlBlock
                0x2000127c       0x60 ./Core/Src/freertos.o
                0x2000127c                InitializerTaskControlBlock
 .bss.CommandInterfacHandle
                0x200012dc        0x4 ./Core/Src/freertos.o
                0x200012dc                CommandInterfacHandle
 .bss.CommandInterfacBuffer
                0x200012e0      0x400 ./Core/Src/freertos.o
                0x200012e0                CommandInterfacBuffer
 .bss.CommandInterfacControlBlock
                0x200016e0       0x60 ./Core/Src/freertos.o
                0x200016e0                CommandInterfacControlBlock
 .bss.ConfigTaskHandle
                0x20001740        0x4 ./Core/Src/freertos.o
                0x20001740                ConfigTaskHandle
 .bss.ConfigTaskBuffer
                0x20001744      0x800 ./Core/Src/freertos.o
                0x20001744                ConfigTaskBuffer
 .bss.ConfigTaskControlBlock
                0x20001f44       0x60 ./Core/Src/freertos.o
                0x20001f44                ConfigTaskControlBlock
 .bss.INSTaskHandle
                0x20001fa4        0x4 ./Core/Src/freertos.o
                0x20001fa4                INSTaskHandle
 .bss.INSTaskBuffer
                0x20001fa8      0x400 ./Core/Src/freertos.o
                0x20001fa8                INSTaskBuffer
 .bss.INSTaskControlBlock
                0x200023a8       0x60 ./Core/Src/freertos.o
                0x200023a8                INSTaskControlBlock
 .bss.BlackboxTaskHandle
                0x20002408        0x4 ./Core/Src/freertos.o
                0x20002408                BlackboxTaskHandle
 .bss.BlackboxTaskBuffer
                0x2000240c      0x400 ./Core/Src/freertos.o
                0x2000240c                BlackboxTaskBuffer
 .bss.BlackboxTaskControlBlock
                0x2000280c       0x60 ./Core/Src/freertos.o
                0x2000280c                BlackboxTaskControlBlock
 .bss.FaultTaskHandle
                0x2000286c        0x4 ./Core/Src/freertos.o
                0x2000286c                FaultTaskHandle
 .bss.FaultTaskBuffer
                0x20002870      0x400 ./Core/Src/freertos.o
                0x20002870                FaultTaskBuffer
 .bss.FaultTaskControlBlock
                0x20002c70       0x60 ./Core/Src/freertos.o
                0x20002c70                FaultTaskControlBlock
 .bss.System_QueueHandle
                0x20002cd0        0x4 ./Core/Src/freertos.o
                0x20002cd0                System_QueueHandle
 .bss.Actuator_QueueHandle
                0x20002cd4        0x4 ./Core/Src/freertos.o
                0x20002cd4                Actuator_QueueHandle
 .bss.Memory_writeQueueHandle
                0x20002cd8        0x4 ./Core/Src/freertos.o
                0x20002cd8                Memory_writeQueueHandle
 .bss.Memory_readQueueHandle
                0x20002cdc        0x4 ./Core/Src/freertos.o
                0x20002cdc                Memory_readQueueHandle
 .bss.Memory_requestQueueHandle
                0x20002ce0        0x4 ./Core/Src/freertos.o
                0x20002ce0                Memory_requestQueueHandle
 .bss.Config_RequestHandle
                0x20002ce4        0x4 ./Core/Src/freertos.o
                0x20002ce4                Config_RequestHandle
 .bss.DeployParachuteTimerHandle
                0x20002ce8        0x4 ./Core/Src/freertos.o
                0x20002ce8                DeployParachuteTimerHandle
 .bss.ParachuteDeploymentPulseHandle
                0x20002cec        0x4 ./Core/Src/freertos.o
                0x20002cec                ParachuteDeploymentPulseHandle
 .bss.MemoryMutexHandle
                0x20002cf0        0x4 ./Core/Src/freertos.o
                0x20002cf0                MemoryMutexHandle
 .bss.hspi1     0x20002cf4       0x64 ./Core/Src/spi.o
                0x20002cf4                hspi1
 .bss.htim10    0x20002d58       0x4c ./Core/Src/stm32f7xx_hal_timebase_tim.o
                0x20002d58                htim10
 .bss.htim2     0x20002da4       0x4c ./Core/Src/tim.o
                0x20002da4                htim2
 .bss.uwTick    0x20002df0        0x4 ./Drivers/STM32F7xx_HAL_Driver/Src/stm32f7xx_hal.o
                0x20002df0                uwTick
 .bss.KernelState
                0x20002df4        0x4 ./Middlewares/Third_Party/FreeRTOS/Source/CMSIS_RTOS_V2/cmsis_os2.o
 .bss.Idle_TCB  0x20002df8       0x60 ./Middlewares/Third_Party/FreeRTOS/Source/CMSIS_RTOS_V2/cmsis_os2.o
 .bss.Idle_Stack
                0x20002e58      0x400 ./Middlewares/Third_Party/FreeRTOS/Source/CMSIS_RTOS_V2/cmsis_os2.o
 .bss.Timer_TCB
                0x20003258       0x60 ./Middlewares/Third_Party/FreeRTOS/Source/CMSIS_RTOS_V2/cmsis_os2.o
 .bss.Timer_Stack
                0x200032b8      0x800 ./Middlewares/Third_Party/FreeRTOS/Source/CMSIS_RTOS_V2/cmsis_os2.o
 .bss.xQueueRegistry
                0x20003ab8       0x40 ./Middlewares/Third_Party/FreeRTOS/Source/queue.o
                0x20003ab8                xQueueRegistry
 .bss.pxCurrentTCB
                0x20003af8        0x4 ./Middlewares/Third_Party/FreeRTOS/Source/tasks.o
                0x20003af8                pxCurrentTCB
 .bss.pxReadyTasksLists
                0x20003afc      0x460 ./Middlewares/Third_Party/FreeRTOS/Source/tasks.o
 .bss.xDelayedTaskList1
                0x20003f5c       0x14 ./Middlewares/Third_Party/FreeRTOS/Source/tasks.o
 .bss.xDelayedTaskList2
                0x20003f70       0x14 ./Middlewares/Third_Party/FreeRTOS/Source/tasks.o
 .bss.pxDelayedTaskList
                0x20003f84        0x4 ./Middlewares/Third_Party/FreeRTOS/Source/tasks.o
 .bss.pxOverflowDelayedTaskList
                0x20003f88        0x4 ./Middlewares/Third_Party/FreeRTOS/Source/tasks.o
 .bss.xPendingReadyList
                0x20003f8c       0x14 ./Middlewares/Third_Party/FreeRTOS/Source/tasks.o
 .bss.xTasksWaitingTermination
                0x20003fa0       0x14 ./Middlewares/Third_Party/FreeRTOS/Source/tasks.o
 .bss.uxDeletedTasksWaitingCleanUp
                0x20003fb4        0x4 ./Middlewares/Third_Party/FreeRTOS/Source/tasks.o
 .bss.xSuspendedTaskList
                0x20003fb8       0x14 ./Middlewares/Third_Party/FreeRTOS/Source/tasks.o
 .bss.uxCurrentNumberOfTasks
                0x20003fcc        0x4 ./Middlewares/Third_Party/FreeRTOS/Source/tasks.o
 .bss.xTickCount
                0x20003fd0        0x4 ./Middlewares/Third_Party/FreeRTOS/Source/tasks.o
 .bss.uxTopReadyPriority
                0x20003fd4        0x4 ./Middlewares/Third_Party/FreeRTOS/Source/tasks.o
 .bss.xSchedulerRunning
                0x20003fd8        0x4 ./Middlewares/Third_Party/FreeRTOS/Source/tasks.o
 .bss.uxPendedTicks
                0x20003fdc        0x4 ./Middlewares/Third_Party/FreeRTOS/Source/tasks.o
 .bss.xYieldPending
                0x20003fe0        0x4 ./Middlewares/Third_Party/FreeRTOS/Source/tasks.o
 .bss.xNumOfOverflows
                0x20003fe4        0x4 ./Middlewares/Third_Party/FreeRTOS/Source/tasks.o
 .bss.uxTaskNumber
                0x20003fe8        0x4 ./Middlewares/Third_Party/FreeRTOS/Source/tasks.o
 .bss.xNextTaskUnblockTime
                0x20003fec        0x4 ./Middlewares/Third_Party/FreeRTOS/Source/tasks.o
 .bss.xIdleTaskHandle
                0x20003ff0        0x4 ./Middlewares/Third_Party/FreeRTOS/Source/tasks.o
 .bss.uxSchedulerSuspended
                0x20003ff4        0x4 ./Middlewares/Third_Party/FreeRTOS/Source/tasks.o
 .bss.ulTaskSwitchedInTime
                0x20003ff8        0x4 ./Middlewares/Third_Party/FreeRTOS/Source/tasks.o
 .bss.ulTotalRunTime
                0x20003ffc        0x4 ./Middlewares/Third_Party/FreeRTOS/Source/tasks.o
 .bss.xActiveTimerList1
                0x20004000       0x14 ./Middlewares/Third_Party/FreeRTOS/Source/timers.o
 .bss.xActiveTimerList2
                0x20004014       0x14 ./Middlewares/Third_Party/FreeRTOS/Source/timers.o
 .bss.pxCurrentTimerList
                0x20004028        0x4 ./Middlewares/Third_Party/FreeRTOS/Source/timers.o
 .bss.pxOverflowTimerList
                0x2000402c        0x4 ./Middlewares/Third_Party/FreeRTOS/Source/timers.o
 .bss.xTimerQueue
                0x20004030        0x4 ./Middlewares/Third_Party/FreeRTOS/Source/timers.o
 .bss.xTimerTaskHandle
                0x20004034        0x4 ./Middlewares/Third_Party/FreeRTOS/Source/timers.o
 .bss.xLastTime.2
                0x20004038        0x4 ./Middlewares/Third_Party/FreeRTOS/Source/timers.o
 .bss.ucStaticTimerQueueStorage.1
                0x2000403c       0xa0 ./Middlewares/Third_Party/FreeRTOS/Source/timers.o
 .bss.xStaticTimerQueue.0
                0x200040dc       0x50 ./Middlewares/Third_Party/FreeRTOS/Source/timers.o
 .bss.ucMaxSysCallPriority
                0x2000412c        0x1 ./Middlewares/Third_Party/FreeRTOS/Source/portable/GCC/ARM_CM7/r0p1/port.o
 *fill*         0x2000412d        0x3 
 .bss.ulMaxPRIGROUPValue
                0x20004130        0x4 ./Middlewares/Third_Party/FreeRTOS/Source/portable/GCC/ARM_CM7/r0p1/port.o
 .bss.ucHeap    0x20004134     0x1388 ./Middlewares/Third_Party/FreeRTOS/Source/portable/MemMang/heap_4.o
 .bss.xStart    0x200054bc        0x8 ./Middlewares/Third_Party/FreeRTOS/Source/portable/MemMang/heap_4.o
 .bss.pxEnd     0x200054c4        0x4 ./Middlewares/Third_Party/FreeRTOS/Source/portable/MemMang/heap_4.o
 .bss.xFreeBytesRemaining
                0x200054c8        0x4 ./Middlewares/Third_Party/FreeRTOS/Source/portable/MemMang/heap_4.o
 .bss.xMinimumEverFreeBytesRemaining
                0x200054cc        0x4 ./Middlewares/Third_Party/FreeRTOS/Source/portable/MemMang/heap_4.o
 .bss.xBlockAllocatedBit
                0x200054d0        0x4 ./Middlewares/Third_Party/FreeRTOS/Source/portable/MemMang/heap_4.o
 *(COMMON)
                0x200054d4                        . = ALIGN (0x4)
                0x200054d4                        _ebss = .
                0x200054d4                        __bss_end__ = _ebss

._user_heap_stack
                0x200054d4      0x604 load address 0x08008fe4
                0x200054d8                        . = ALIGN (0x8)
 *fill*         0x200054d4        0x4 
                [!provide]                        PROVIDE (end = .)
                0x200054d8                        PROVIDE (_end = .)
                0x200056d8                        . = (. + _Min_Heap_Size)
 *fill*         0x200054d8      0x200 
                0x20005ad8                        . = (. + _Min_Stack_Size)
 *fill*         0x200056d8      0x400 
                0x20005ad8                        . = ALIGN (0x8)

/DISCARD/
 libc.a(*)
 libm.a(*)
 libgcc.a(*)

.ARM.attributes
                0x00000000       0x30
 *(.ARM.attributes)
 .ARM.attributes
                0x00000000       0x22 C:/ST/STM32CubeIDE_1.16.1/STM32CubeIDE/plugins/com.st.stm32cube.ide.mcu.externaltools.gnu-tools-for-stm32.13.3.rel1.win32_1.0.0.202411081344/tools/bin/../lib/gcc/arm-none-eabi/13.3.1/thumb/v7e-m+fp/hard/crti.o
 .ARM.attributes
                0x00000022       0x34 C:/ST/STM32CubeIDE_1.16.1/STM32CubeIDE/plugins/com.st.stm32cube.ide.mcu.externaltools.gnu-tools-for-stm32.13.3.rel1.win32_1.0.0.202411081344/tools/bin/../lib/gcc/arm-none-eabi/13.3.1/thumb/v7e-m+fp/hard/crtbegin.o
 .ARM.attributes
                0x00000056       0x34 ./Core/Inc/Drivers/Memory_Drivers/S25FL064L.o
 .ARM.attributes
                0x0000008a       0x34 ./Core/Inc/System/System.o
 .ARM.attributes
                0x000000be       0x34 ./Core/Inc/Tasks/Actuators/Actuators.o
 .ARM.attributes
                0x000000f2       0x34 ./Core/Inc/Tasks/Config/Config.o
 .ARM.attributes
                0x00000126       0x34 ./Core/Inc/Tasks/Memory/Memory.o
 .ARM.attributes
                0x0000015a       0x34 ./Core/Inc/Tasks/MissionManager/MissionManager.o
 .ARM.attributes
                0x0000018e       0x34 ./Core/Src/freertos.o
 .ARM.attributes
                0x000001c2       0x34 ./Core/Src/gpio.o
 .ARM.attributes
                0x000001f6       0x34 ./Core/Src/main.o
 .ARM.attributes
                0x0000022a       0x34 ./Core/Src/spi.o
 .ARM.attributes
                0x0000025e       0x34 ./Core/Src/stm32f7xx_hal_msp.o
 .ARM.attributes
                0x00000292       0x34 ./Core/Src/stm32f7xx_hal_timebase_tim.o
 .ARM.attributes
                0x000002c6       0x34 ./Core/Src/stm32f7xx_it.o
 .ARM.attributes
                0x000002fa       0x34 ./Core/Src/system_stm32f7xx.o
 .ARM.attributes
                0x0000032e       0x34 ./Core/Src/tim.o
 .ARM.attributes
                0x00000362       0x21 ./Core/Startup/startup_stm32f722retx.o
 .ARM.attributes
                0x00000383       0x34 ./Drivers/STM32F7xx_HAL_Driver/Src/stm32f7xx_hal.o
 .ARM.attributes
                0x000003b7       0x34 ./Drivers/STM32F7xx_HAL_Driver/Src/stm32f7xx_hal_cortex.o
 .ARM.attributes
                0x000003eb       0x34 ./Drivers/STM32F7xx_HAL_Driver/Src/stm32f7xx_hal_gpio.o
 .ARM.attributes
                0x0000041f       0x34 ./Drivers/STM32F7xx_HAL_Driver/Src/stm32f7xx_hal_pwr_ex.o
 .ARM.attributes
                0x00000453       0x34 ./Drivers/STM32F7xx_HAL_Driver/Src/stm32f7xx_hal_rcc.o
 .ARM.attributes
                0x00000487       0x34 ./Drivers/STM32F7xx_HAL_Driver/Src/stm32f7xx_hal_spi.o
 .ARM.attributes
                0x000004bb       0x34 ./Drivers/STM32F7xx_HAL_Driver/Src/stm32f7xx_hal_tim.o
 .ARM.attributes
                0x000004ef       0x34 ./Drivers/STM32F7xx_HAL_Driver/Src/stm32f7xx_hal_tim_ex.o
 .ARM.attributes
                0x00000523       0x34 ./Middlewares/Third_Party/FreeRTOS/Source/CMSIS_RTOS_V2/cmsis_os2.o
 .ARM.attributes
                0x00000557       0x34 ./Middlewares/Third_Party/FreeRTOS/Source/list.o
 .ARM.attributes
                0x0000058b       0x34 ./Middlewares/Third_Party/FreeRTOS/Source/queue.o
 .ARM.attributes
                0x000005bf       0x34 ./Middlewares/Third_Party/FreeRTOS/Source/tasks.o
 .ARM.attributes
                0x000005f3       0x34 ./Middlewares/Third_Party/FreeRTOS/Source/timers.o
 .ARM.attributes
                0x00000627       0x34 ./Middlewares/Third_Party/FreeRTOS/Source/portable/GCC/ARM_CM7/r0p1/port.o
 .ARM.attributes
                0x0000065b       0x34 ./Middlewares/Third_Party/FreeRTOS/Source/portable/MemMang/heap_4.o
 .ARM.attributes
                0x0000068f       0x34 C:/ST/STM32CubeIDE_1.16.1/STM32CubeIDE/plugins/com.st.stm32cube.ide.mcu.externaltools.gnu-tools-for-stm32.13.3.rel1.win32_1.0.0.202411081344/tools/bin/../lib/gcc/arm-none-eabi/13.3.1/../../../../arm-none-eabi/lib/thumb/v7e-m+fp/hard\libc_nano.a(libc_a-memset.o)
 .ARM.attributes
                0x000006c3       0x34 C:/ST/STM32CubeIDE_1.16.1/STM32CubeIDE/plugins/com.st.stm32cube.ide.mcu.externaltools.gnu-tools-for-stm32.13.3.rel1.win32_1.0.0.202411081344/tools/bin/../lib/gcc/arm-none-eabi/13.3.1/../../../../arm-none-eabi/lib/thumb/v7e-m+fp/hard\libc_nano.a(libc_a-init.o)
 .ARM.attributes
                0x000006f7       0x34 C:/ST/STM32CubeIDE_1.16.1/STM32CubeIDE/plugins/com.st.stm32cube.ide.mcu.externaltools.gnu-tools-for-stm32.13.3.rel1.win32_1.0.0.202411081344/tools/bin/../lib/gcc/arm-none-eabi/13.3.1/../../../../arm-none-eabi/lib/thumb/v7e-m+fp/hard\libc_nano.a(libc_a-memcpy-stub.o)
 .ARM.attributes
                0x0000072b       0x22 C:/ST/STM32CubeIDE_1.16.1/STM32CubeIDE/plugins/com.st.stm32cube.ide.mcu.externaltools.gnu-tools-for-stm32.13.3.rel1.win32_1.0.0.202411081344/tools/bin/../lib/gcc/arm-none-eabi/13.3.1/thumb/v7e-m+fp/hard\libgcc.a(_aeabi_uldivmod.o)
 .ARM.attributes
                0x0000074d       0x34 C:/ST/STM32CubeIDE_1.16.1/STM32CubeIDE/plugins/com.st.stm32cube.ide.mcu.externaltools.gnu-tools-for-stm32.13.3.rel1.win32_1.0.0.202411081344/tools/bin/../lib/gcc/arm-none-eabi/13.3.1/thumb/v7e-m+fp/hard\libgcc.a(_udivmoddi4.o)
 .ARM.attributes
                0x00000781       0x22 C:/ST/STM32CubeIDE_1.16.1/STM32CubeIDE/plugins/com.st.stm32cube.ide.mcu.externaltools.gnu-tools-for-stm32.13.3.rel1.win32_1.0.0.202411081344/tools/bin/../lib/gcc/arm-none-eabi/13.3.1/thumb/v7e-m+fp/hard\libgcc.a(_dvmd_tls.o)
 .ARM.attributes
                0x000007a3       0x22 C:/ST/STM32CubeIDE_1.16.1/STM32CubeIDE/plugins/com.st.stm32cube.ide.mcu.externaltools.gnu-tools-for-stm32.13.3.rel1.win32_1.0.0.202411081344/tools/bin/../lib/gcc/arm-none-eabi/13.3.1/thumb/v7e-m+fp/hard/crtn.o
OUTPUT(CdV_V2.elf elf32-littlearm)
LOAD linker stubs
LOAD C:/ST/STM32CubeIDE_1.16.1/STM32CubeIDE/plugins/com.st.stm32cube.ide.mcu.externaltools.gnu-tools-for-stm32.13.3.rel1.win32_1.0.0.202411081344/tools/bin/../lib/gcc/arm-none-eabi/13.3.1/../../../../arm-none-eabi/lib/thumb/v7e-m+fp/hard\libc.a
LOAD C:/ST/STM32CubeIDE_1.16.1/STM32CubeIDE/plugins/com.st.stm32cube.ide.mcu.externaltools.gnu-tools-for-stm32.13.3.rel1.win32_1.0.0.202411081344/tools/bin/../lib/gcc/arm-none-eabi/13.3.1/../../../../arm-none-eabi/lib/thumb/v7e-m+fp/hard\libm.a
LOAD C:/ST/STM32CubeIDE_1.16.1/STM32CubeIDE/plugins/com.st.stm32cube.ide.mcu.externaltools.gnu-tools-for-stm32.13.3.rel1.win32_1.0.0.202411081344/tools/bin/../lib/gcc/arm-none-eabi/13.3.1/thumb/v7e-m+fp/hard\libgcc.a

.debug_info     0x00000000    0x19a68
 .debug_info    0x00000000      0x94e ./Core/Inc/Drivers/Memory_Drivers/S25FL064L.o
 .debug_info    0x0000094e      0x444 ./Core/Inc/System/System.o
 .debug_info    0x00000d92      0xe36 ./Core/Inc/Tasks/Actuators/Actuators.o
 .debug_info    0x00001bc8      0x636 ./Core/Inc/Tasks/Config/Config.o
 .debug_info    0x000021fe      0x3fe ./Core/Inc/Tasks/Memory/Memory.o
 .debug_info    0x000025fc      0x323 ./Core/Inc/Tasks/MissionManager/MissionManager.o
 .debug_info    0x0000291f      0xc4b ./Core/Src/freertos.o
 .debug_info    0x0000356a      0x42d ./Core/Src/gpio.o
 .debug_info    0x00003997      0xcc8 ./Core/Src/main.o
 .debug_info    0x0000465f      0x998 ./Core/Src/spi.o
 .debug_info    0x00004ff7      0x4f3 ./Core/Src/stm32f7xx_hal_msp.o
 .debug_info    0x000054ea      0xc6d ./Core/Src/stm32f7xx_hal_timebase_tim.o
 .debug_info    0x00006157      0x6f6 ./Core/Src/stm32f7xx_it.o
 .debug_info    0x0000684d      0x6ed ./Core/Src/system_stm32f7xx.o
 .debug_info    0x00006f3a      0xbd7 ./Core/Src/tim.o
 .debug_info    0x00007b11       0x30 ./Core/Startup/startup_stm32f722retx.o
 .debug_info    0x00007b41      0x990 ./Drivers/STM32F7xx_HAL_Driver/Src/stm32f7xx_hal.o
 .debug_info    0x000084d1      0xf36 ./Drivers/STM32F7xx_HAL_Driver/Src/stm32f7xx_hal_cortex.o
 .debug_info    0x00009407      0x6e7 ./Drivers/STM32F7xx_HAL_Driver/Src/stm32f7xx_hal_gpio.o
 .debug_info    0x00009aee      0x8cd ./Drivers/STM32F7xx_HAL_Driver/Src/stm32f7xx_hal_pwr_ex.o
 .debug_info    0x0000a3bb      0x8fc ./Drivers/STM32F7xx_HAL_Driver/Src/stm32f7xx_hal_rcc.o
 .debug_info    0x0000acb7     0x15c0 ./Drivers/STM32F7xx_HAL_Driver/Src/stm32f7xx_hal_spi.o
 .debug_info    0x0000c277     0x2abd ./Drivers/STM32F7xx_HAL_Driver/Src/stm32f7xx_hal_tim.o
 .debug_info    0x0000ed34     0x15bb ./Drivers/STM32F7xx_HAL_Driver/Src/stm32f7xx_hal_tim_ex.o
 .debug_info    0x000102ef     0x39cd ./Middlewares/Third_Party/FreeRTOS/Source/CMSIS_RTOS_V2/cmsis_os2.o
 .debug_info    0x00013cbc      0x2af ./Middlewares/Third_Party/FreeRTOS/Source/list.o
 .debug_info    0x00013f6b     0x1b68 ./Middlewares/Third_Party/FreeRTOS/Source/queue.o
 .debug_info    0x00015ad3     0x22f7 ./Middlewares/Third_Party/FreeRTOS/Source/tasks.o
 .debug_info    0x00017dca     0x1434 ./Middlewares/Third_Party/FreeRTOS/Source/timers.o
 .debug_info    0x000191fe      0x4a7 ./Middlewares/Third_Party/FreeRTOS/Source/portable/GCC/ARM_CM7/r0p1/port.o
 .debug_info    0x000196a5      0x3c3 ./Middlewares/Third_Party/FreeRTOS/Source/portable/MemMang/heap_4.o

.debug_abbrev   0x00000000     0x41ed
 .debug_abbrev  0x00000000      0x24f ./Core/Inc/Drivers/Memory_Drivers/S25FL064L.o
 .debug_abbrev  0x0000024f      0x1cc ./Core/Inc/System/System.o
 .debug_abbrev  0x0000041b      0x271 ./Core/Inc/Tasks/Actuators/Actuators.o
 .debug_abbrev  0x0000068c      0x1a8 ./Core/Inc/Tasks/Config/Config.o
 .debug_abbrev  0x00000834      0x15d ./Core/Inc/Tasks/Memory/Memory.o
 .debug_abbrev  0x00000991      0x143 ./Core/Inc/Tasks/MissionManager/MissionManager.o
 .debug_abbrev  0x00000ad4      0x213 ./Core/Src/freertos.o
 .debug_abbrev  0x00000ce7      0x152 ./Core/Src/gpio.o
 .debug_abbrev  0x00000e39      0x291 ./Core/Src/main.o
 .debug_abbrev  0x000010ca      0x1fa ./Core/Src/spi.o
 .debug_abbrev  0x000012c4      0x119 ./Core/Src/stm32f7xx_hal_msp.o
 .debug_abbrev  0x000013dd      0x1f4 ./Core/Src/stm32f7xx_hal_timebase_tim.o
 .debug_abbrev  0x000015d1      0x17d ./Core/Src/stm32f7xx_it.o
 .debug_abbrev  0x0000174e      0x13b ./Core/Src/system_stm32f7xx.o
 .debug_abbrev  0x00001889      0x219 ./Core/Src/tim.o
 .debug_abbrev  0x00001aa2       0x24 ./Core/Startup/startup_stm32f722retx.o
 .debug_abbrev  0x00001ac6      0x213 ./Drivers/STM32F7xx_HAL_Driver/Src/stm32f7xx_hal.o
 .debug_abbrev  0x00001cd9      0x31e ./Drivers/STM32F7xx_HAL_Driver/Src/stm32f7xx_hal_cortex.o
 .debug_abbrev  0x00001ff7      0x1d4 ./Drivers/STM32F7xx_HAL_Driver/Src/stm32f7xx_hal_gpio.o
 .debug_abbrev  0x000021cb      0x1d5 ./Drivers/STM32F7xx_HAL_Driver/Src/stm32f7xx_hal_pwr_ex.o
 .debug_abbrev  0x000023a0      0x288 ./Drivers/STM32F7xx_HAL_Driver/Src/stm32f7xx_hal_rcc.o
 .debug_abbrev  0x00002628      0x25f ./Drivers/STM32F7xx_HAL_Driver/Src/stm32f7xx_hal_spi.o
 .debug_abbrev  0x00002887      0x278 ./Drivers/STM32F7xx_HAL_Driver/Src/stm32f7xx_hal_tim.o
 .debug_abbrev  0x00002aff      0x283 ./Drivers/STM32F7xx_HAL_Driver/Src/stm32f7xx_hal_tim_ex.o
 .debug_abbrev  0x00002d82      0x46d ./Middlewares/Third_Party/FreeRTOS/Source/CMSIS_RTOS_V2/cmsis_os2.o
 .debug_abbrev  0x000031ef       0xf5 ./Middlewares/Third_Party/FreeRTOS/Source/list.o
 .debug_abbrev  0x000032e4      0x3b6 ./Middlewares/Third_Party/FreeRTOS/Source/queue.o
 .debug_abbrev  0x0000369a      0x38d ./Middlewares/Third_Party/FreeRTOS/Source/tasks.o
 .debug_abbrev  0x00003a27      0x352 ./Middlewares/Third_Party/FreeRTOS/Source/timers.o
 .debug_abbrev  0x00003d79      0x26f ./Middlewares/Third_Party/FreeRTOS/Source/portable/GCC/ARM_CM7/r0p1/port.o
 .debug_abbrev  0x00003fe8      0x205 ./Middlewares/Third_Party/FreeRTOS/Source/portable/MemMang/heap_4.o

.debug_aranges  0x00000000     0x15d0
 .debug_aranges
                0x00000000       0x60 ./Core/Inc/Drivers/Memory_Drivers/S25FL064L.o
 .debug_aranges
                0x00000060       0x28 ./Core/Inc/System/System.o
 .debug_aranges
                0x00000088       0x58 ./Core/Inc/Tasks/Actuators/Actuators.o
 .debug_aranges
                0x000000e0       0x20 ./Core/Inc/Tasks/Config/Config.o
 .debug_aranges
                0x00000100       0x20 ./Core/Inc/Tasks/Memory/Memory.o
 .debug_aranges
                0x00000120       0x30 ./Core/Inc/Tasks/MissionManager/MissionManager.o
 .debug_aranges
                0x00000150       0x88 ./Core/Src/freertos.o
 .debug_aranges
                0x000001d8       0x20 ./Core/Src/gpio.o
 .debug_aranges
                0x000001f8       0x40 ./Core/Src/main.o
 .debug_aranges
                0x00000238       0x30 ./Core/Src/spi.o
 .debug_aranges
                0x00000268       0x20 ./Core/Src/stm32f7xx_hal_msp.o
 .debug_aranges
                0x00000288       0x30 ./Core/Src/stm32f7xx_hal_timebase_tim.o
 .debug_aranges
                0x000002b8       0x50 ./Core/Src/stm32f7xx_it.o
 .debug_aranges
                0x00000308       0x28 ./Core/Src/system_stm32f7xx.o
 .debug_aranges
                0x00000330       0x38 ./Core/Src/tim.o
 .debug_aranges
                0x00000368       0x28 ./Core/Startup/startup_stm32f722retx.o
 .debug_aranges
                0x00000390      0x100 ./Drivers/STM32F7xx_HAL_Driver/Src/stm32f7xx_hal.o
 .debug_aranges
                0x00000490      0x128 ./Drivers/STM32F7xx_HAL_Driver/Src/stm32f7xx_hal_cortex.o
 .debug_aranges
                0x000005b8       0x58 ./Drivers/STM32F7xx_HAL_Driver/Src/stm32f7xx_hal_gpio.o
 .debug_aranges
                0x00000610       0x80 ./Drivers/STM32F7xx_HAL_Driver/Src/stm32f7xx_hal_pwr_ex.o
 .debug_aranges
                0x00000690       0x88 ./Drivers/STM32F7xx_HAL_Driver/Src/stm32f7xx_hal_rcc.o
 .debug_aranges
                0x00000718      0x1d8 ./Drivers/STM32F7xx_HAL_Driver/Src/stm32f7xx_hal_spi.o
 .debug_aranges
                0x000008f0      0x3e0 ./Drivers/STM32F7xx_HAL_Driver/Src/stm32f7xx_hal_tim.o
 .debug_aranges
                0x00000cd0      0x178 ./Drivers/STM32F7xx_HAL_Driver/Src/stm32f7xx_hal_tim_ex.o
 .debug_aranges
                0x00000e48      0x228 ./Middlewares/Third_Party/FreeRTOS/Source/CMSIS_RTOS_V2/cmsis_os2.o
 .debug_aranges
                0x00001070       0x40 ./Middlewares/Third_Party/FreeRTOS/Source/list.o
 .debug_aranges
                0x000010b0      0x158 ./Middlewares/Third_Party/FreeRTOS/Source/queue.o
 .debug_aranges
                0x00001208      0x210 ./Middlewares/Third_Party/FreeRTOS/Source/tasks.o
 .debug_aranges
                0x00001418       0xe8 ./Middlewares/Third_Party/FreeRTOS/Source/timers.o
 .debug_aranges
                0x00001500       0x80 ./Middlewares/Third_Party/FreeRTOS/Source/portable/GCC/ARM_CM7/r0p1/port.o
 .debug_aranges
                0x00001580       0x50 ./Middlewares/Third_Party/FreeRTOS/Source/portable/MemMang/heap_4.o

.debug_rnglists
                0x00000000     0x10c4
 .debug_rnglists
                0x00000000       0x44 ./Core/Inc/Drivers/Memory_Drivers/S25FL064L.o
 .debug_rnglists
                0x00000044       0x1a ./Core/Inc/System/System.o
 .debug_rnglists
                0x0000005e       0x42 ./Core/Inc/Tasks/Actuators/Actuators.o
 .debug_rnglists
                0x000000a0       0x23 ./Core/Inc/Tasks/Config/Config.o
 .debug_rnglists
                0x000000c3       0x14 ./Core/Inc/Tasks/Memory/Memory.o
 .debug_rnglists
                0x000000d7       0x20 ./Core/Inc/Tasks/MissionManager/MissionManager.o
 .debug_rnglists
                0x000000f7       0x62 ./Core/Src/freertos.o
 .debug_rnglists
                0x00000159       0x14 ./Core/Src/gpio.o
 .debug_rnglists
                0x0000016d       0x2c ./Core/Src/main.o
 .debug_rnglists
                0x00000199       0x20 ./Core/Src/spi.o
 .debug_rnglists
                0x000001b9       0x13 ./Core/Src/stm32f7xx_hal_msp.o
 .debug_rnglists
                0x000001cc       0x20 ./Core/Src/stm32f7xx_hal_timebase_tim.o
 .debug_rnglists
                0x000001ec       0x37 ./Core/Src/stm32f7xx_it.o
 .debug_rnglists
                0x00000223       0x1a ./Core/Src/system_stm32f7xx.o
 .debug_rnglists
                0x0000023d       0x26 ./Core/Src/tim.o
 .debug_rnglists
                0x00000263       0x19 ./Core/Startup/startup_stm32f722retx.o
 .debug_rnglists
                0x0000027c       0xbb ./Drivers/STM32F7xx_HAL_Driver/Src/stm32f7xx_hal.o
 .debug_rnglists
                0x00000337       0xda ./Drivers/STM32F7xx_HAL_Driver/Src/stm32f7xx_hal_cortex.o
 .debug_rnglists
                0x00000411       0x3f ./Drivers/STM32F7xx_HAL_Driver/Src/stm32f7xx_hal_gpio.o
 .debug_rnglists
                0x00000450       0x5f ./Drivers/STM32F7xx_HAL_Driver/Src/stm32f7xx_hal_pwr_ex.o
 .debug_rnglists
                0x000004af       0x67 ./Drivers/STM32F7xx_HAL_Driver/Src/stm32f7xx_hal_rcc.o
 .debug_rnglists
                0x00000516      0x178 ./Drivers/STM32F7xx_HAL_Driver/Src/stm32f7xx_hal_spi.o
 .debug_rnglists
                0x0000068e      0x328 ./Drivers/STM32F7xx_HAL_Driver/Src/stm32f7xx_hal_tim.o
 .debug_rnglists
                0x000009b6      0x131 ./Drivers/STM32F7xx_HAL_Driver/Src/stm32f7xx_hal_tim_ex.o
 .debug_rnglists
                0x00000ae7      0x1b5 ./Middlewares/Third_Party/FreeRTOS/Source/CMSIS_RTOS_V2/cmsis_os2.o
 .debug_rnglists
                0x00000c9c       0x2b ./Middlewares/Third_Party/FreeRTOS/Source/list.o
 .debug_rnglists
                0x00000cc7      0x10a ./Middlewares/Third_Party/FreeRTOS/Source/queue.o
 .debug_rnglists
                0x00000dd1      0x1a9 ./Middlewares/Third_Party/FreeRTOS/Source/tasks.o
 .debug_rnglists
                0x00000f7a       0xb2 ./Middlewares/Third_Party/FreeRTOS/Source/timers.o
 .debug_rnglists
                0x0000102c       0x5d ./Middlewares/Third_Party/FreeRTOS/Source/portable/GCC/ARM_CM7/r0p1/port.o
 .debug_rnglists
                0x00001089       0x3b ./Middlewares/Third_Party/FreeRTOS/Source/portable/MemMang/heap_4.o

.debug_macro    0x00000000    0x24880
 .debug_macro   0x00000000      0x22a ./Core/Inc/Drivers/Memory_Drivers/S25FL064L.o
 .debug_macro   0x0000022a      0xad8 ./Core/Inc/Drivers/Memory_Drivers/S25FL064L.o
 .debug_macro   0x00000d02      0x28d ./Core/Inc/Drivers/Memory_Drivers/S25FL064L.o
 .debug_macro   0x00000f8f       0x2e ./Core/Inc/Drivers/Memory_Drivers/S25FL064L.o
 .debug_macro   0x00000fbd       0x3b ./Core/Inc/Drivers/Memory_Drivers/S25FL064L.o
 .debug_macro   0x00000ff8       0x22 ./Core/Inc/Drivers/Memory_Drivers/S25FL064L.o
 .debug_macro   0x0000101a       0x8e ./Core/Inc/Drivers/Memory_Drivers/S25FL064L.o
 .debug_macro   0x000010a8       0x51 ./Core/Inc/Drivers/Memory_Drivers/S25FL064L.o
 .debug_macro   0x000010f9      0x103 ./Core/Inc/Drivers/Memory_Drivers/S25FL064L.o
 .debug_macro   0x000011fc       0x6a ./Core/Inc/Drivers/Memory_Drivers/S25FL064L.o
 .debug_macro   0x00001266      0x1df ./Core/Inc/Drivers/Memory_Drivers/S25FL064L.o
 .debug_macro   0x00001445       0x1c ./Core/Inc/Drivers/Memory_Drivers/S25FL064L.o
 .debug_macro   0x00001461       0x22 ./Core/Inc/Drivers/Memory_Drivers/S25FL064L.o
 .debug_macro   0x00001483       0xd9 ./Core/Inc/Drivers/Memory_Drivers/S25FL064L.o
 .debug_macro   0x0000155c     0x12cd ./Core/Inc/Drivers/Memory_Drivers/S25FL064L.o
 .debug_macro   0x00002829      0x11f ./Core/Inc/Drivers/Memory_Drivers/S25FL064L.o
 .debug_macro   0x00002948       0x19 ./Core/Inc/Drivers/Memory_Drivers/S25FL064L.o
 .debug_macro   0x00002961    0x15c67 ./Core/Inc/Drivers/Memory_Drivers/S25FL064L.o
 .debug_macro   0x000185c8       0x6d ./Core/Inc/Drivers/Memory_Drivers/S25FL064L.o
 .debug_macro   0x00018635     0x375e ./Core/Inc/Drivers/Memory_Drivers/S25FL064L.o
 .debug_macro   0x0001bd93      0x190 ./Core/Inc/Drivers/Memory_Drivers/S25FL064L.o
 .debug_macro   0x0001bf23       0x63 ./Core/Inc/Drivers/Memory_Drivers/S25FL064L.o
 .debug_macro   0x0001bf86     0x155e ./Core/Inc/Drivers/Memory_Drivers/S25FL064L.o
 .debug_macro   0x0001d4e4      0x6c4 ./Core/Inc/Drivers/Memory_Drivers/S25FL064L.o
 .debug_macro   0x0001dba8      0x17e ./Core/Inc/Drivers/Memory_Drivers/S25FL064L.o
 .debug_macro   0x0001dd26      0x115 ./Core/Inc/Drivers/Memory_Drivers/S25FL064L.o
 .debug_macro   0x0001de3b      0x1d8 ./Core/Inc/Drivers/Memory_Drivers/S25FL064L.o
 .debug_macro   0x0001e013       0xa5 ./Core/Inc/Drivers/Memory_Drivers/S25FL064L.o
 .debug_macro   0x0001e0b8      0x24f ./Core/Inc/Drivers/Memory_Drivers/S25FL064L.o
 .debug_macro   0x0001e307       0x71 ./Core/Inc/Drivers/Memory_Drivers/S25FL064L.o
 .debug_macro   0x0001e378       0x58 ./Core/Inc/Drivers/Memory_Drivers/S25FL064L.o
 .debug_macro   0x0001e3d0      0x236 ./Core/Inc/Drivers/Memory_Drivers/S25FL064L.o