Archive member included to satisfy reference by file (symbol)

C:/ST/STM32CubeIDE_1.16.1/STM32CubeIDE/plugins/com.st.stm32cube.ide.mcu.externaltools.gnu-tools-for-stm32.13.3.rel1.win32_1.0.0.202411081344/tools/bin/../lib/gcc/arm-none-eabi/13.3.1/../../../../arm-none-eabi/lib/thumb/v7e-m+fp/hard\libc_nano.a(libc_a-exit.o)
                              C:/ST/STM32CubeIDE_1.16.1/STM32CubeIDE/plugins/com.st.stm32cube.ide.mcu.externaltools.gnu-tools-for-stm32.13.3.rel1.win32_1.0.0.202411081344/tools/bin/../lib/gcc/arm-none-eabi/13.3.1/../../../../arm-none-eabi/lib/thumb/v7e-m+fp/hard/crt0.o (exit)
C:/ST/STM32CubeIDE_1.16.1/STM32CubeIDE/plugins/com.st.stm32cube.ide.mcu.externaltools.gnu-tools-for-stm32.13.3.rel1.win32_1.0.0.202411081344/tools/bin/../lib/gcc/arm-none-eabi/13.3.1/../../../../arm-none-eabi/lib/thumb/v7e-m+fp/hard\libc_nano.a(libc_a-findfp.o)
                              C:/ST/STM32CubeIDE_1.16.1/STM32CubeIDE/plugins/com.st.stm32cube.ide.mcu.externaltools.gnu-tools-for-stm32.13.3.rel1.win32_1.0.0.202411081344/tools/bin/../lib/gcc/arm-none-eabi/13.3.1/../../../../arm-none-eabi/lib/thumb/v7e-m+fp/hard\libc_nano.a(libc_a-exit.o) (__stdio_exit_handler)
C:/ST/STM32CubeIDE_1.16.1/STM32CubeIDE/plugins/com.st.stm32cube.ide.mcu.externaltools.gnu-tools-for-stm32.13.3.rel1.win32_1.0.0.202411081344/tools/bin/../lib/gcc/arm-none-eabi/13.3.1/../../../../arm-none-eabi/lib/thumb/v7e-m+fp/hard\libc_nano.a(libc_a-fwalk.o)
                              C:/ST/STM32CubeIDE_1.16.1/STM32CubeIDE/plugins/com.st.stm32cube.ide.mcu.externaltools.gnu-tools-for-stm32.13.3.rel1.win32_1.0.0.202411081344/tools/bin/../lib/gcc/arm-none-eabi/13.3.1/../../../../arm-none-eabi/lib/thumb/v7e-m+fp/hard\libc_nano.a(libc_a-findfp.o) (_fwalk_sglue)
C:/ST/STM32CubeIDE_1.16.1/STM32CubeIDE/plugins/com.st.stm32cube.ide.mcu.externaltools.gnu-tools-for-stm32.13.3.rel1.win32_1.0.0.202411081344/tools/bin/../lib/gcc/arm-none-eabi/13.3.1/../../../../arm-none-eabi/lib/thumb/v7e-m+fp/hard\libc_nano.a(libc_a-sprintf.o)
                              ./Middlewares/Third_Party/FreeRTOS/Source/tasks.o (sprintf)
C:/ST/STM32CubeIDE_1.16.1/STM32CubeIDE/plugins/com.st.stm32cube.ide.mcu.externaltools.gnu-tools-for-stm32.13.3.rel1.win32_1.0.0.202411081344/tools/bin/../lib/gcc/arm-none-eabi/13.3.1/../../../../arm-none-eabi/lib/thumb/v7e-m+fp/hard\libc_nano.a(libc_a-stdio.o)
                              C:/ST/STM32CubeIDE_1.16.1/STM32CubeIDE/plugins/com.st.stm32cube.ide.mcu.externaltools.gnu-tools-for-stm32.13.3.rel1.win32_1.0.0.202411081344/tools/bin/../lib/gcc/arm-none-eabi/13.3.1/../../../../arm-none-eabi/lib/thumb/v7e-m+fp/hard\libc_nano.a(libc_a-findfp.o) (__sread)
C:/ST/STM32CubeIDE_1.16.1/STM32CubeIDE/plugins/com.st.stm32cube.ide.mcu.externaltools.gnu-tools-for-stm32.13.3.rel1.win32_1.0.0.202411081344/tools/bin/../lib/gcc/arm-none-eabi/13.3.1/../../../../arm-none-eabi/lib/thumb/v7e-m+fp/hard\libc_nano.a(libc_a-memset.o)
                              C:/ST/STM32CubeIDE_1.16.1/STM32CubeIDE/plugins/com.st.stm32cube.ide.mcu.externaltools.gnu-tools-for-stm32.13.3.rel1.win32_1.0.0.202411081344/tools/bin/../lib/gcc/arm-none-eabi/13.3.1/../../../../arm-none-eabi/lib/thumb/v7e-m+fp/hard/crt0.o (memset)
C:/ST/STM32CubeIDE_1.16.1/STM32CubeIDE/plugins/com.st.stm32cube.ide.mcu.externaltools.gnu-tools-for-stm32.13.3.rel1.win32_1.0.0.202411081344/tools/bin/../lib/gcc/arm-none-eabi/13.3.1/../../../../arm-none-eabi/lib/thumb/v7e-m+fp/hard\libc_nano.a(libc_a-closer.o)
                              C:/ST/STM32CubeIDE_1.16.1/STM32CubeIDE/plugins/com.st.stm32cube.ide.mcu.externaltools.gnu-tools-for-stm32.13.3.rel1.win32_1.0.0.202411081344/tools/bin/../lib/gcc/arm-none-eabi/13.3.1/../../../../arm-none-eabi/lib/thumb/v7e-m+fp/hard\libc_nano.a(libc_a-stdio.o) (_close_r)
C:/ST/STM32CubeIDE_1.16.1/STM32CubeIDE/plugins/com.st.stm32cube.ide.mcu.externaltools.gnu-tools-for-stm32.13.3.rel1.win32_1.0.0.202411081344/tools/bin/../lib/gcc/arm-none-eabi/13.3.1/../../../../arm-none-eabi/lib/thumb/v7e-m+fp/hard\libc_nano.a(libc_a-reent.o)
                              C:/ST/STM32CubeIDE_1.16.1/STM32CubeIDE/plugins/com.st.stm32cube.ide.mcu.externaltools.gnu-tools-for-stm32.13.3.rel1.win32_1.0.0.202411081344/tools/bin/../lib/gcc/arm-none-eabi/13.3.1/../../../../arm-none-eabi/lib/thumb/v7e-m+fp/hard\libc_nano.a(libc_a-closer.o) (errno)
C:/ST/STM32CubeIDE_1.16.1/STM32CubeIDE/plugins/com.st.stm32cube.ide.mcu.externaltools.gnu-tools-for-stm32.13.3.rel1.win32_1.0.0.202411081344/tools/bin/../lib/gcc/arm-none-eabi/13.3.1/../../../../arm-none-eabi/lib/thumb/v7e-m+fp/hard\libc_nano.a(libc_a-impure.o)
                              C:/ST/STM32CubeIDE_1.16.1/STM32CubeIDE/plugins/com.st.stm32cube.ide.mcu.externaltools.gnu-tools-for-stm32.13.3.rel1.win32_1.0.0.202411081344/tools/bin/../lib/gcc/arm-none-eabi/13.3.1/../../../../arm-none-eabi/lib/thumb/v7e-m+fp/hard\libc_nano.a(libc_a-sprintf.o) (_impure_ptr)
[...]
Memory Configuration

Name             Origin             Length             Attributes
RAM              0x20000000         0x00040000         xrw
FLASH            0x08000000         0x00080000         xr
*default*        0x00000000         0xffffffff

Linker script and memory map

LOAD C:/ST/STM32CubeIDE_1.16.1/STM32CubeIDE/plugins/com.st.stm32cube.ide.mcu.externaltools.gnu-tools-for-stm32.13.3.rel1.win32_1.0.0.202411081344/tools/bin/../lib/gcc/arm-none-eabi/13.3.1/thumb/v7e-m+fp/hard/crti.o
LOAD C:/ST/STM32CubeIDE_1.16.1/STM32CubeIDE/plugins/com.st.stm32cube.ide.mcu.externaltools.gnu-tools-for-stm32.13.3.rel1.win32_1.0.0.202411081344/tools/bin/../lib/gcc/arm-none-eabi/13.3.1/thumb/v7e-m+fp/hard/crtbegin.o
LOAD C:/ST/STM32CubeIDE_1.16.1/STM32CubeIDE/plugins/com.st.stm32cube.ide.mcu.externaltools.gnu-tools-for-stm32.13.3.rel1.win32_1.0.0.202411081344/tools/bin/../lib/gcc/arm-none-eabi/13.3.1/../../../../arm-none-eabi/lib/thumb/v7e-m+fp/hard/crt0.o
LOAD ./Core/Inc/Drivers/INS_Drivers/BMP280/BMP280.o
LOAD ./Core/Inc/Drivers/INS_Drivers/IMU/ICM42670.o
LOAD ./Core/Inc/Drivers/INS_Drivers/IMU/MPU6050.o
LOAD ./Core/Inc/Drivers/Memory_Drivers/S25FL064L.o
LOAD ./Core/Inc/System/System.o
LOAD ./Core/Inc/Tasks/Actuators/Actuators.o
LOAD ./Core/Inc/Tasks/Blackbox/Blackbox.o
LOAD ./Core/Inc/Tasks/CommandInterface/CommandInterface.o
LOAD ./Core/Inc/Tasks/Config/Config.o
LOAD ./Core/Inc/Tasks/Fault/Fault.o
LOAD ./Core/Inc/Tasks/INS/INS.o
LOAD ./Core/Inc/Tasks/Initializer/Initializer.o
LOAD ./Core/Inc/Tasks/Memory/Memory.o
LOAD ./Core/Inc/Tasks/MissionManager/MissionManager.o
LOAD ./Core/Src/freertos.o
LOAD ./Core/Src/gpio.o
LOAD ./Core/Src/i2c.o
LOAD ./Core/Src/main.o
LOAD ./Core/Src/spi.o
LOAD ./Core/Src/stm32f7xx_hal_msp.o
LOAD ./Core/Src/stm32f7xx_hal_timebase_tim.o
LOAD ./Core/Src/stm32f7xx_it.o
LOAD ./Core/Src/syscalls.o
LOAD ./Core/Src/sysmem.o
LOAD ./Core/Src/system_stm32f7xx.o
LOAD ./Core/Src/tim.o
LOAD ./Core/Src/usart.o
LOAD ./Core/Startup/startup_stm32f722retx.o
LOAD ./Drivers/STM32F7xx_HAL_Driver/Src/stm32f7xx_hal.o
LOAD ./Drivers/STM32F7xx_HAL_Driver/Src/stm32f7xx_hal_cortex.o
LOAD ./Drivers/STM32F7xx_HAL_Driver/Src/stm32f7xx_hal_dma.o
LOAD ./Drivers/STM32F7xx_HAL_Driver/Src/stm32f7xx_hal_dma_ex.o
LOAD ./Drivers/STM32F7xx_HAL_Driver/Src/stm32f7xx_hal_exti.o
LOAD ./Drivers/STM32F7xx_HAL_Driver/Src/stm32f7xx_hal_flash.o
LOAD ./Drivers/STM32F7xx_HAL_Driver/Src/stm32f7xx_hal_flash_ex.o
LOAD ./Drivers/STM32F7xx_HAL_Driver/Src/stm32f7xx_hal_gpio.o
LOAD ./Drivers/STM32F7xx_HAL_Driver/Src/stm32f7xx_hal_i2c.o
LOAD ./Drivers/STM32F7xx_HAL_Driver/Src/stm32f7xx_hal_i2c_ex.o
LOAD ./Drivers/STM32F7xx_HAL_Driver/Src/stm32f7xx_hal_pwr.o
LOAD ./Drivers/STM32F7xx_HAL_Driver/Src/stm32f7xx_hal_pwr_ex.o
LOAD ./Drivers/STM32F7xx_HAL_Driver/Src/stm32f7xx_hal_rcc.o
LOAD ./Drivers/STM32F7xx_HAL_Driver/Src/stm32f7xx_hal_rcc_ex.o
LOAD ./Drivers/STM32F7xx_HAL_Driver/Src/stm32f7xx_hal_spi.o
LOAD ./Drivers/STM32F7xx_HAL_Driver/Src/stm32f7xx_hal_spi_ex.o
LOAD ./Drivers/STM32F7xx_HAL_Driver/Src/stm32f7xx_hal_tim.o
LOAD ./Drivers/STM32F7xx_HAL_Driver/Src/stm32f7xx_hal_tim_ex.o
LOAD ./Drivers/STM32F7xx_HAL_Driver/Src/stm32f7xx_hal_uart.o
LOAD ./Drivers/STM32F7xx_HAL_Driver/Src/stm32f7xx_hal_uart_ex.o
LOAD ./Middlewares/Third_Party/FreeRTOS/Source/CMSIS_RTOS_V2/cmsis_os2.o
LOAD ./Middlewares/Third_Party/FreeRTOS/Source/croutine.o
LOAD ./Middlewares/Third_Party/FreeRTOS/Source/event_groups.o
LOAD ./Middlewares/Third_Party/FreeRTOS/Source/list.o
LOAD ./Middlewares/Third_Party/FreeRTOS/Source/queue.o
LOAD ./Middlewares/Third_Party/FreeRTOS/Source/stream_buffer.o
LOAD ./Middlewares/Third_Party/FreeRTOS/Source/tasks.o
LOAD ./Middlewares/Third_Party/FreeRTOS/Source/timers.o
LOAD ./Middlewares/Third_Party/FreeRTOS/Source/portable/GCC/ARM_CM7/r0p1/port.o
LOAD ./Middlewares/Third_Party/FreeRTOS/Source/portable/MemMang/heap_4.o
START GROUP
LOAD C:/ST/STM32CubeIDE_1.16.1/STM32CubeIDE/plugins/com.st.stm32cube.ide.mcu.externaltools.gnu-tools-for-stm32.13.3.rel1.win32_1.0.0.202411081344/tools/bin/../lib/gcc/arm-none-eabi/13.3.1/../../../../arm-none-eabi/lib/thumb/v7e-m+fp/hard\libc_nano.a
LOAD C:/ST/STM32CubeIDE_1.16.1/STM32CubeIDE/plugins/com.st.stm32cube.ide.mcu.externaltools.gnu-tools-for-stm32.13.3.rel1.win32_1.0.0.202411081344/tools/bin/../lib/gcc/arm-none-eabi/13.3.1/../../../../arm-none-eabi/lib/thumb/v7e-m+fp/hard\libm.a
END GROUP
START GROUP
LOAD C:/ST/STM32CubeIDE_1.16.1/STM32CubeIDE/plugins/com.st.stm32cube.ide.mcu.externaltools.gnu-tools-for-stm32.13.3.rel1.win32_1.0.0.202411081344/tools/bin/../lib/gcc/arm-none-eabi/13.3.1/thumb/v7e-m+fp/hard\libgcc.a
LOAD C:/ST/STM32CubeIDE_1.16.1/STM32CubeIDE/plugins/com.st.stm32cube.ide.mcu.externaltools.gnu-tools-for-stm32.13.3.rel1.win32_1.0.0.202411081344/tools/bin/../lib/gcc/arm-none-eabi/13.3.1/../../../../arm-none-eabi/lib/thumb/v7e-m+fp/hard\libc_nano.a
END GROUP
START GROUP
LOAD C:/ST/STM32CubeIDE_1.16.1/STM32CubeIDE/plugins/com.st.stm32cube.ide.mcu.externaltools.gnu-tools-for-stm32.13.3.rel1.win32_1.0.0.202411081344/tools/bin/../lib/gcc/arm-none-eabi/13.3.1/thumb/v7e-m+fp/hard\libgcc.a
LOAD C:/ST/STM32CubeIDE_1.16.1/STM32CubeIDE/plugins/com.st.stm32cube.ide.mcu.externaltools.gnu-tools-for-stm32.13.3.rel1.win32_1.0.0.202411081344/tools/bin/../lib/gcc/arm-none-eabi/13.3.1/../../../../arm-none-eabi/lib/thumb/v7e-m+fp/hard\libc_nano.a
LOAD C:/ST/STM32CubeIDE_1.16.1/STM32CubeIDE/plugins/com.st.stm32cube.ide.mcu.externaltools.gnu-tools-for-stm32.13.3.rel1.win32_1.0.0.202411081344/tools/bin/../lib/gcc/arm-none-eabi/13.3.1/../../../../arm-none-eabi/lib/thumb/v7e-m+fp/hard\libnosys.a
END GROUP
START GROUP
LOAD C:/ST/STM32CubeIDE_1.16.1/STM32CubeIDE/plugins/com.st.stm32cube.ide.mcu.externaltools.gnu-tools-for-stm32.13.3.rel1.win32_1.0.0.202411081344/tools/bin/../lib/gcc/arm-none-eabi/13.3.1/thumb/v7e-m+fp/hard\libgcc.a
LOAD C:/ST/STM32CubeIDE_1.16.1/STM32CubeIDE/plugins/com.st.stm32cube.ide.mcu.externaltools.gnu-tools-for-stm32.13.3.rel1.win32_1.0.0.202411081344/tools/bin/../lib/gcc/arm-none-eabi/13.3.1/../../../../arm-none-eabi/lib/thumb/v7e-m+fp/hard\libc_nano.a
LOAD C:/ST/STM32CubeIDE_1.16.1/STM32CubeIDE/plugins/com.st.stm32cube.ide.mcu.externaltools.gnu-tools-for-stm32.13.3.rel1.win32_1.0.0.202411081344/tools/bin/../lib/gcc/arm-none-eabi/13.3.1/../../../../arm-none-eabi/lib/thumb/v7e-m+fp/hard\libnosys.a
END GROUP
LOAD C:/ST/STM32CubeIDE_1.16.1/STM32CubeIDE/plugins/com.st.stm32cube.ide.mcu.externaltools.gnu-tools-for-stm32.13.3.rel1.win32_1.0.0.202411081344/tools/bin/../lib/gcc/arm-none-eabi/13.3.1/thumb/v7e-m+fp/hard/crtend.o
LOAD C:/ST/STM32CubeIDE_1.16.1/STM32CubeIDE/plugins/com.st.stm32cube.ide.mcu.externaltools.gnu-tools-for-stm32.13.3.rel1.win32_1.0.0.202411081344/tools/bin/../lib/gcc/arm-none-eabi/13.3.1/thumb/v7e-m+fp/hard/crtn.o
                0x20040000                        _estack = (ORIGIN (RAM) + LENGTH (RAM))
                0x00000200                        _Min_Heap_Size = 0x200
                0x00000400                        _Min_Stack_Size = 0x400

.isr_vector     0x08000000      0x1e0
                0x08000000                        . = ALIGN (0x4)
 *(.isr_vector)
 .isr_vector    0x08000000      0x1e0 ./Core/Startup/startup_stm32f722retx.o
                0x08000000                g_pfnVectors
                0x080001e0                        . = ALIGN (0x4)

.text           0x080001e0     0xd254
                0x080001e0                        . = ALIGN (0x4)
 *(.text)
 .text          0x080001e0       0x40 C:/ST/STM32CubeIDE_1.16.1/STM32CubeIDE/plugins/com.st.stm32cube.ide.mcu.externaltools.gnu-tools-for-stm32.13.3.rel1.win32_1.0.0.202411081344/tools/bin/../lib/gcc/arm-none-eabi/13.3.1/thumb/v7e-m+fp/hard/crtbegin.o
 .text          0x08000220      0x378 C:/ST/STM32CubeIDE_1.16.1/STM32CubeIDE/plugins/com.st.stm32cube.ide.mcu.externaltools.gnu-tools-for-stm32.13.3.rel1.win32_1.0.0.202411081344/tools/bin/../lib/gcc/arm-none-eabi/13.3.1/thumb/v7e-m+fp/hard\libgcc.a(_arm_addsubdf3.o)
                0x08000220                __aeabi_drsub
                0x08000228                __aeabi_dsub
                0x08000228                __subdf3
                0x0800022c                __aeabi_dadd
                0x0800022c                __adddf3
                0x080004a4                __floatunsidf
                0x080004a4                __aeabi_ui2d
                0x080004c4                __floatsidf
                0x080004c4                __aeabi_i2d
                0x080004e8                __aeabi_f2d
                0x080004e8                __extendsfdf2
                0x0800052c                __floatundidf
                0x0800052c                __aeabi_ul2d
                0x0800053c                __floatdidf
                0x0800053c                __aeabi_l2d
 .text          0x08000598      0x424 C:/ST/STM32CubeIDE_1.16.1/STM32CubeIDE/plugins/com.st.stm32cube.ide.mcu.externaltools.gnu-tools-for-stm32.13.3.rel1.win32_1.0.0.202411081344/tools/bin/../lib/gcc/arm-none-eabi/13.3.1/thumb/v7e-m+fp/hard\libgcc.a(_arm_muldivdf3.o)
                0x08000598                __aeabi_dmul
                0x08000598                __muldf3
                0x080007ec                __divdf3
                0x080007ec                __aeabi_ddiv
 .text          0x080009bc      0x110 C:/ST/STM32CubeIDE_1.16.1/STM32CubeIDE/plugins/com.st.stm32cube.ide.mcu.externaltools.gnu-tools-for-stm32.13.3.rel1.win32_1.0.0.202411081344/tools/bin/../lib/gcc/arm-none-eabi/13.3.1/thumb/v7e-m+fp/hard\libgcc.a(_arm_cmpdf2.o)
                0x080009bc                __gtdf2
                0x080009bc                __gedf2
                0x080009c4                __ltdf2
                0x080009c4                __ledf2
                0x080009cc                __nedf2
                0x080009cc                __eqdf2
                0x080009cc                __cmpdf2
                0x08000a48                __aeabi_cdrcmple
                0x08000a58                __aeabi_cdcmpeq
                0x08000a58                __aeabi_cdcmple
                0x08000a68                __aeabi_dcmpeq
                0x08000a7c                __aeabi_dcmplt
                0x08000a90                __aeabi_dcmple
                0x08000aa4                __aeabi_dcmpge
                0x08000ab8                __aeabi_dcmpgt
 .text          0x08000acc       0x2c C:/ST/STM32CubeIDE_1.16.1/STM32CubeIDE/plugins/com.st.stm32cube.ide.mcu.externaltools.gnu-tools-for-stm32.13.3.rel1.win32_1.0.0.202411081344/tools/bin/../lib/gcc/arm-none-eabi/13.3.1/thumb/v7e-m+fp/hard\libgcc.a(_arm_unorddf2.o)
                0x08000acc                __unorddf2
                0x08000acc                __aeabi_dcmpun
 .text          0x08000af8       0x40 C:/ST/STM32CubeIDE_1.16.1/STM32CubeIDE/plugins/com.st.stm32cube.ide.mcu.externaltools.gnu-tools-for-stm32.13.3.rel1.win32_1.0.0.202411081344/tools/bin/../lib/gcc/arm-none-eabi/13.3.1/thumb/v7e-m+fp/hard\libgcc.a(_arm_fixunsdfsi.o)
                0x08000af8                __aeabi_d2uiz
                0x08000af8                __fixunsdfsi
 .text          0x08000b38       0xa0 C:/ST/STM32CubeIDE_1.16.1/STM32CubeIDE/plugins/com.st.stm32cube.ide.mcu.externaltools.gnu-tools-for-stm32.13.3.rel1.win32_1.0.0.202411081344/tools/bin/../lib/gcc/arm-none-eabi/13.3.1/thumb/v7e-m+fp/hard\libgcc.a(_arm_truncdfsf2.o)
                0x08000b38                __truncdfsf2
                0x08000b38                __aeabi_d2f
 .text          0x08000bd8       0xa0 C:/ST/STM32CubeIDE_1.16.1/STM32CubeIDE/plugins/com.st.stm32cube.ide.mcu.externaltools.gnu-tools-for-stm32.13.3.rel1.win32_1.0.0.202411081344/tools/bin/../lib/gcc/arm-none-eabi/13.3.1/thumb/v7e-m+fp/hard\libgcc.a(_aeabi_ldivmod.o)
                0x08000bd8                __aeabi_ldivmod
 .text          0x08000c78       0x30 C:/ST/STM32CubeIDE_1.16.1/STM32CubeIDE/plugins/com.st.stm32cube.ide.mcu.externaltools.gnu-tools-for-stm32.13.3.rel1.win32_1.0.0.202411081344/tools/bin/../lib/gcc/arm-none-eabi/13.3.1/thumb/v7e-m+fp/hard\libgcc.a(_aeabi_uldivmod.o)
                0x08000c78                __aeabi_uldivmod
 .text          0x08000ca8      0x2f8 C:/ST/STM32CubeIDE_1.16.1/STM32CubeIDE/plugins/com.st.stm32cube.ide.mcu.externaltools.gnu-tools-for-stm32.13.3.rel1.win32_1.0.0.202411081344/tools/bin/../lib/gcc/arm-none-eabi/13.3.1/thumb/v7e-m+fp/hard\libgcc.a(_udivmoddi4.o)
                0x08000ca8                __udivmoddi4
 .text          0x08000fa0        0x4 C:/ST/STM32CubeIDE_1.16.1/STM32CubeIDE/plugins/com.st.stm32cube.ide.mcu.externaltools.gnu-tools-for-stm32.13.3.rel1.win32_1.0.0.202411081344/tools/bin/../lib/gcc/arm-none-eabi/13.3.1/thumb/v7e-m+fp/hard\libgcc.a(_dvmd_tls.o)
                0x08000fa0                __aeabi_idiv0
                0x08000fa0                __aeabi_ldiv0
 *(.text*)
 .text.BMP280_write
                0x08000fa4       0x5c ./Core/Inc/Drivers/INS_Drivers/BMP280/BMP280.o
                0x08000fa4                BMP280_write
 .text.BMP280_read
                0x08001000       0x68 ./Core/Inc/Drivers/INS_Drivers/BMP280/BMP280.o
                0x08001000                BMP280_read
 .text.BMP280_config
                0x08001068       0x18 ./Core/Inc/Drivers/INS_Drivers/BMP280/BMP280.o
                0x08001068                BMP280_config
 .text.BMP280_calibrationData
                0x08001080      0x180 ./Core/Inc/Drivers/INS_Drivers/BMP280/BMP280.o
                0x08001080                BMP280_calibrationData
 .text.BMP280_readRawValues
                0x08001200       0x88 ./Core/Inc/Drivers/INS_Drivers/BMP280/BMP280.o
                0x08001200                BMP280_readRawValues
 .text.BMP280_measureT
                0x08001288       0x88 ./Core/Inc/Drivers/INS_Drivers/BMP280/BMP280.o
                0x08001288                BMP280_measureT
 .text.BMP280_measureP
                0x08001310      0x58c ./Core/Inc/Drivers/INS_Drivers/BMP280/BMP280.o
                0x08001310                BMP280_measureP
 *fill*         0x0800189c        0x4 
 .text.BMP280_measureH
                0x080018a0       0xdc ./Core/Inc/Drivers/INS_Drivers/BMP280/BMP280.o
                0x080018a0                BMP280_measureH
 .text.BMP280_init
                0x0800197c       0x50 ./Core/Inc/Drivers/INS_Drivers/BMP280/BMP280.o
                0x0800197c                BMP280_init
 .text.BMP280_calculate
                0x080019cc       0x68 ./Core/Inc/Drivers/INS_Drivers/BMP280/BMP280.o
                0x080019cc                BMP280_calculate
 .text.ICM42670_init
                0x08001a34       0x30 ./Core/Inc/Drivers/INS_Drivers/IMU/ICM42670.o
                0x08001a34                ICM42670_init
 .text.ICM44670_getData
                0x08001a64       0xe4 ./Core/Inc/Drivers/INS_Drivers/IMU/ICM42670.o
                0x08001a64                ICM44670_getData
 .text.ICM42670_ID_Verify
                0x08001b48       0x44 ./Core/Inc/Drivers/INS_Drivers/IMU/ICM42670.o
                0x08001b48                ICM42670_ID_Verify
 .text.ICM42670_Set_Accelerometer
                0x08001b8c       0x96 ./Core/Inc/Drivers/INS_Drivers/IMU/ICM42670.o
                0x08001b8c                ICM42670_Set_Accelerometer
 .text.ICM42670_Set_Gyrometer
                0x08001c22       0x96 ./Core/Inc/Drivers/INS_Drivers/IMU/ICM42670.o
                0x08001c22                ICM42670_Set_Gyrometer
 .text.ICM42670_A_Data_Read
                0x08001cb8       0xf4 ./Core/Inc/Drivers/INS_Drivers/IMU/ICM42670.o
                0x08001cb8                ICM42670_A_Data_Read
 .text.ICM42670_G_Data_Read
                0x08001dac       0xf4 ./Core/Inc/Drivers/INS_Drivers/IMU/ICM42670.o
                0x08001dac                ICM42670_G_Data_Read
 .text.ICM42670_T_Data_Read
                0x08001ea0       0xa4 ./Core/Inc/Drivers/INS_Drivers/IMU/ICM42670.o
                0x08001ea0                ICM42670_T_Data_Read
 .text.ICM42670_SingleRegister_Write
                0x08001f44       0x94 ./Core/Inc/Drivers/INS_Drivers/IMU/ICM42670.o
                0x08001f44                ICM42670_SingleRegister_Write
 .text.ICM42670_SingleRegister_Read
                0x08001fd8       0x98 ./Core/Inc/Drivers/INS_Drivers/IMU/ICM42670.o
                0x08001fd8                ICM42670_SingleRegister_Read
 .text.enableCS_ICM42670
                0x08002070       0x20 ./Core/Inc/Drivers/INS_Drivers/IMU/ICM42670.o
                0x08002070                enableCS_ICM42670
 .text.disableCS_ICM42670
                0x08002090       0x20 ./Core/Inc/Drivers/INS_Drivers/IMU/ICM42670.o
                0x08002090                disableCS_ICM42670
 .text.MPU6050_Init
                0x080020b0       0xa8 ./Core/Inc/Drivers/INS_Drivers/IMU/MPU6050.o
                0x080020b0                MPU6050_Init
 .text.MPU6050_Read_All
                0x08002158      0x210 ./Core/Inc/Drivers/INS_Drivers/IMU/MPU6050.o
                0x08002158                MPU6050_Read_All
 .text.write_enable
                0x08002368       0x3c ./Core/Inc/Drivers/Memory_Drivers/S25FL064L.o
                0x08002368                write_enable
 .text.write_disable
                0x080023a4       0x3c ./Core/Inc/Drivers/Memory_Drivers/S25FL064L.o
                0x080023a4                write_disable
 .text.S25FL064_Read
                0x080023e0       0x68 ./Core/Inc/Drivers/Memory_Drivers/S25FL064L.o
                0x080023e0                S25FL064_Read
 .text.S25FL064_Write
                0x08002448       0xe4 ./Core/Inc/Drivers/Memory_Drivers/S25FL064L.o
                0x08002448                S25FL064_Write
 .text.S25FL064_Erase
                0x0800252c       0x60 ./Core/Inc/Drivers/Memory_Drivers/S25FL064L.o
                0x0800252c                S25FL064_Erase
 .text.S25FL064_chipErase
                0x0800258c       0x44 ./Core/Inc/Drivers/Memory_Drivers/S25FL064L.o
                0x0800258c                S25FL064_chipErase
 .text.System_SetSystemLed
                0x080025d0       0xa0 ./Core/Inc/System/System.o
                0x080025d0                System_SetSystemLed
 .text.Actuators_setSafeValues
                0x08002670       0x68 ./Core/Inc/Tasks/Actuators/Actuators.o
                0x08002670                Actuators_setSafeValues
 .text.Actuators_InitChannels
                0x080026d8       0xa0 ./Core/Inc/Tasks/Actuators/Actuators.o
                0x080026d8                Actuators_InitChannels
 .text.Actuators_ChangeChannelValue
                0x08002778      0x108 ./Core/Inc/Tasks/Actuators/Actuators.o
                0x08002778                Actuators_ChangeChannelValue
 .text.Actuators_SetFrequency
                0x08002880       0x50 ./Core/Inc/Tasks/Actuators/Actuators.o
                0x08002880                Actuators_SetFrequency
 .text.Actuators_Init
                0x080028d0       0x30 ./Core/Inc/Tasks/Actuators/Actuators.o
                0x080028d0                Actuators_Init
 .text.Actuators_ChangeConfig
                0x08002900       0xac ./Core/Inc/Tasks/Actuators/Actuators.o
                0x08002900                Actuators_ChangeConfig
 .text.Actuators_buzzerNotifications
                0x080029ac      0x1c8 ./Core/Inc/Tasks/Actuators/Actuators.o
                0x080029ac                Actuators_buzzerNotifications
 .text.Actuators_Task
                0x08002b74      0x140 ./Core/Inc/Tasks/Actuators/Actuators.o
                0x08002b74                Actuators_Task
 .text.Config_PyroDefault
                0x08002cb4       0x44 ./Core/Inc/Tasks/Config/Config.o
                0x08002cb4                Config_PyroDefault
 .text.Config_SystemDefault
                0x08002cf8       0x18 ./Core/Inc/Tasks/Config/Config.o
                0x08002cf8                Config_SystemDefault
 .text.Config_ActuatorsDefault
                0x08002d10       0x40 ./Core/Inc/Tasks/Config/Config.o
                0x08002d10                Config_ActuatorsDefault
 .text.Config_INSDefault
                0x08002d50       0x28 ./Core/Inc/Tasks/Config/Config.o
                0x08002d50                Config_INSDefault
 .text.Config_Default
                0x08002d78       0x18 ./Core/Inc/Tasks/Config/Config.o
                0x08002d78                Config_Default
 .text.Config_Task
                0x08002d90      0x1d4 ./Core/Inc/Tasks/Config/Config.o
                0x08002d90                Config_Task
 .text.INS_BMP280Task
                0x08002f64       0x54 ./Core/Inc/Tasks/INS/INS.o
                0x08002f64                INS_BMP280Task
 .text.INS_MPU6050Task
                0x08002fb8       0x50 ./Core/Inc/Tasks/INS/INS.o
                0x08002fb8                INS_MPU6050Task
 .text.INS_ICM42670Task
                0x08003008       0x54 ./Core/Inc/Tasks/INS/INS.o
                0x08003008                INS_ICM42670Task
 .text.INS_Task
                0x0800305c       0x14 ./Core/Inc/Tasks/INS/INS.o
                0x0800305c                INS_Task
 .text.Initializer_Task
                0x08003070      0x14c ./Core/Inc/Tasks/Initializer/Initializer.o
                0x08003070                Initializer_Task
 .text.Memory_Task
                0x080031bc      0x190 ./Core/Inc/Tasks/Memory/Memory.o
                0x080031bc                Memory_Task
 .text.MissionManager_ActuatorsNotifications
                0x0800334c       0x44 ./Core/Inc/Tasks/MissionManager/MissionManager.o
                0x0800334c                MissionManager_ActuatorsNotifications
 .text.MissionManager_InitializerNotifications
                0x08003390       0x6c ./Core/Inc/Tasks/MissionManager/MissionManager.o
                0x08003390                MissionManager_InitializerNotifications
 .text.MissionManager_Task
                0x080033fc       0x84 ./Core/Inc/Tasks/MissionManager/MissionManager.o
                0x080033fc                MissionManager_Task
 .text.configureTimerForRunTimeStats
                0x08003480        0xe ./Core/Src/freertos.o
                0x08003480                configureTimerForRunTimeStats
 .text.getRunTimeCounterValue
                0x0800348e       0x10 ./Core/Src/freertos.o
                0x0800348e                getRunTimeCounterValue
 *fill*         0x0800349e        0x2 
 .text.MX_FREERTOS_Init
                0x080034a0      0x1e8 ./Core/Src/freertos.o
                0x080034a0                MX_FREERTOS_Init
 .text.StartMissionManager
                0x08003688       0x16 ./Core/Src/freertos.o
                0x08003688                StartMissionManager
 .text.StartActuatorsTask
                0x0800369e       0x16 ./Core/Src/freertos.o
                0x0800369e                StartActuatorsTask
 .text.StartMemoryTask
                0x080036b4       0x16 ./Core/Src/freertos.o
                0x080036b4                StartMemoryTask
 .text.StartInitializerTask
                0x080036ca       0x16 ./Core/Src/freertos.o
                0x080036ca                StartInitializerTask
 .text.StartCommandInterfaceTask
                0x080036e0       0x10 ./Core/Src/freertos.o
                0x080036e0                StartCommandInterfaceTask
 .text.StartConfigTask
                0x080036f0       0x16 ./Core/Src/freertos.o
                0x080036f0                StartConfigTask
 .text.StartINSTask
                0x08003706       0x16 ./Core/Src/freertos.o
                0x08003706                StartINSTask
 .text.StartBlackboxTask
                0x0800371c       0x10 ./Core/Src/freertos.o
                0x0800371c                StartBlackboxTask
 .text.StartFaultTask
                0x0800372c       0x12 ./Core/Src/freertos.o
                0x0800372c                StartFaultTask
 .text.DeployParachuteFunction
                0x0800373e       0x14 ./Core/Src/freertos.o
                0x0800373e                DeployParachuteFunction
 .text.DisableDeplymentOutputs
                0x08003752       0x14 ./Core/Src/freertos.o
                0x08003752                DisableDeplymentOutputs
 *fill*         0x08003766        0x2 
 .text.MX_GPIO_Init
                0x08003768      0x13c ./Core/Src/gpio.o
                0x08003768                MX_GPIO_Init
 .text.MX_I2C2_Init
                0x080038a4       0x80 ./Core/Src/i2c.o
                0x080038a4                MX_I2C2_Init
 .text.HAL_I2C_MspInit
                0x08003924       0xc0 ./Core/Src/i2c.o
                0x08003924                HAL_I2C_MspInit
 .text.main     0x080039e4       0x38 ./Core/Src/main.o
                0x080039e4                main
 .text.SystemClock_Config
                0x08003a1c       0xd8 ./Core/Src/main.o
                0x08003a1c                SystemClock_Config
 .text.MPU_Config
                0x08003af4       0x58 ./Core/Src/main.o
 .text.HAL_TIM_PeriodElapsedCallback
                0x08003b4c       0x24 ./Core/Src/main.o
                0x08003b4c                HAL_TIM_PeriodElapsedCallback
 .text.Error_Handler
                0x08003b70        0xc ./Core/Src/main.o
                0x08003b70                Error_Handler
 .text.MX_SPI1_Init
                0x08003b7c       0x7c ./Core/Src/spi.o
                0x08003b7c                MX_SPI1_Init
 .text.MX_SPI2_Init
                0x08003bf8       0x7c ./Core/Src/spi.o
                0x08003bf8                MX_SPI2_Init
 .text.HAL_SPI_MspInit
                0x08003c74       0xec ./Core/Src/spi.o
                0x08003c74                HAL_SPI_MspInit
 .text.HAL_MspInit
                0x08003d60       0x50 ./Core/Src/stm32f7xx_hal_msp.o
                0x08003d60                HAL_MspInit
 .text.HAL_InitTick
                0x08003db0       0xe4 ./Core/Src/stm32f7xx_hal_timebase_tim.o
                0x08003db0                HAL_InitTick
 .text.NMI_Handler
                0x08003e94        0x8 ./Core/Src/stm32f7xx_it.o
                0x08003e94                NMI_Handler
 .text.HardFault_Handler
                0x08003e9c        0x8 ./Core/Src/stm32f7xx_it.o
                0x08003e9c                HardFault_Handler
 .text.MemManage_Handler
                0x08003ea4        0x8 ./Core/Src/stm32f7xx_it.o
                0x08003ea4                MemManage_Handler
 .text.BusFault_Handler
                0x08003eac        0x8 ./Core/Src/stm32f7xx_it.o
                0x08003eac                BusFault_Handler
 .text.UsageFault_Handler
                0x08003eb4        0x8 ./Core/Src/stm32f7xx_it.o
                0x08003eb4                UsageFault_Handler
 .text.DebugMon_Handler
                0x08003ebc        0xe ./Core/Src/stm32f7xx_it.o
                0x08003ebc                DebugMon_Handler
 *fill*         0x08003eca        0x2 
 .text.TIM1_UP_TIM10_IRQHandler
                0x08003ecc       0x14 ./Core/Src/stm32f7xx_it.o
                0x08003ecc                TIM1_UP_TIM10_IRQHandler
 .text.SystemInit
                0x08003ee0       0x24 ./Core/Src/system_stm32f7xx.o
                0x08003ee0                SystemInit
 .text.MX_TIM2_Init
                0x08003f04       0xf4 ./Core/Src/tim.o
                0x08003f04                MX_TIM2_Init
 .text.HAL_TIM_PWM_MspInit
                0x08003ff8       0x3c ./Core/Src/tim.o
                0x08003ff8                HAL_TIM_PWM_MspInit
 .text.HAL_TIM_MspPostInit
                0x08004034       0x6c ./Core/Src/tim.o
                0x08004034                HAL_TIM_MspPostInit
 .text.HAL_TIM_PWM_MspDeInit
                0x080040a0       0x30 ./Core/Src/tim.o
                0x080040a0                HAL_TIM_PWM_MspDeInit
 .text.MX_USART1_UART_Init
                0x080040d0       0x68 ./Core/Src/usart.o
                0x080040d0                MX_USART1_UART_Init
 .text.HAL_UART_MspInit
                0x08004138       0xbc ./Core/Src/usart.o
                0x08004138                HAL_UART_MspInit
 .text.Reset_Handler
                0x080041f4       0x50 ./Core/Startup/startup_stm32f722retx.o
                0x080041f4                Reset_Handler
 .text.Default_Handler
                0x08004244        0x2 ./Core/Startup/startup_stm32f722retx.o
                0x08004244                RTC_Alarm_IRQHandler
                0x08004244                EXTI2_IRQHandler
                0x08004244                TIM8_CC_IRQHandler
                0x08004244                UART8_IRQHandler
                0x08004244                SPI4_IRQHandler
                0x08004244                TIM1_CC_IRQHandler
                0x08004244                DMA2_Stream5_IRQHandler
                0x08004244                DMA1_Stream5_IRQHandler
                0x08004244                PVD_IRQHandler
                0x08004244                TAMP_STAMP_IRQHandler
                0x08004244                EXTI3_IRQHandler
                0x08004244                TIM8_TRG_COM_TIM14_IRQHandler
                0x08004244                TIM8_UP_TIM13_IRQHandler
                0x08004244                I2C3_ER_IRQHandler
                0x08004244                EXTI0_IRQHandler
                0x08004244                I2C2_EV_IRQHandler
                0x08004244                DMA1_Stream2_IRQHandler
                0x08004244                CAN1_RX0_IRQHandler
                0x08004244                FPU_IRQHandler
                0x08004244                OTG_HS_WKUP_IRQHandler
                0x08004244                DMA2_Stream2_IRQHandler
                0x08004244                SPI1_IRQHandler
                0x08004244                TIM6_DAC_IRQHandler
                0x08004244                TIM1_BRK_TIM9_IRQHandler
                0x08004244                DMA2_Stream3_IRQHandler
                0x08004244                SAI2_IRQHandler
                0x08004244                USART6_IRQHandler
                0x08004244                USART3_IRQHandler
                0x08004244                CAN1_RX1_IRQHandler
                0x08004244                UART5_IRQHandler
                0x08004244                DMA2_Stream0_IRQHandler
                0x08004244                TIM4_IRQHandler
                0x08004244                QUADSPI_IRQHandler
                0x08004244                I2C1_EV_IRQHandler
                0x08004244                DMA1_Stream6_IRQHandler
                0x08004244                DMA1_Stream1_IRQHandler
                0x08004244                UART4_IRQHandler
                0x08004244                TIM3_IRQHandler
                0x08004244                RCC_IRQHandler
                0x08004244                TIM8_BRK_TIM12_IRQHandler
                0x08004244                Default_Handler
                0x08004244                EXTI15_10_IRQHandler
                0x08004244                ADC_IRQHandler
                0x08004244                DMA1_Stream7_IRQHandler
                0x08004244                SPI5_IRQHandler
                0x08004244                TIM7_IRQHandler
                0x08004244                SDMMC1_IRQHandler
                0x08004244                TIM5_IRQHandler
                0x08004244                DMA2_Stream7_IRQHandler
                0x08004244                I2C3_EV_IRQHandler
                0x08004244                EXTI9_5_IRQHandler
                0x08004244                RTC_WKUP_IRQHandler
                0x08004244                SPI2_IRQHandler
                0x08004244                OTG_HS_EP1_IN_IRQHandler
                0x08004244                DMA1_Stream0_IRQHandler
                0x08004244                CAN1_TX_IRQHandler
                0x08004244                EXTI4_IRQHandler
                0x08004244                RNG_IRQHandler
                0x08004244                OTG_HS_EP1_OUT_IRQHandler
                0x08004244                WWDG_IRQHandler
                0x08004244                TIM2_IRQHandler
                0x08004244                OTG_FS_WKUP_IRQHandler
                0x08004244                TIM1_TRG_COM_TIM11_IRQHandler
                0x08004244                OTG_HS_IRQHandler
                0x08004244                EXTI1_IRQHandler
                0x08004244                SDMMC2_IRQHandler
                0x08004244                UART7_IRQHandler
                0x08004244                USART2_IRQHandler
                0x08004244                I2C2_ER_IRQHandler
                0x08004244                DMA2_Stream1_IRQHandler
                0x08004244                CAN1_SCE_IRQHandler
                0x08004244                FLASH_IRQHandler
                0x08004244                DMA2_Stream4_IRQHandler
                0x08004244                USART1_IRQHandler
                0x08004244                OTG_FS_IRQHandler
                0x08004244                SPI3_IRQHandler
                0x08004244                DMA1_Stream4_IRQHandler
                0x08004244                I2C1_ER_IRQHandler
                0x08004244                FMC_IRQHandler
                0x08004244                LPTIM1_IRQHandler
                0x08004244                DMA2_Stream6_IRQHandler
                0x08004244                SAI1_IRQHandler
                0x08004244                DMA1_Stream3_IRQHandler
 .text.HAL_Init
                0x08004246       0x1a ./Drivers/STM32F7xx_HAL_Driver/Src/stm32f7xx_hal.o
                0x08004246                HAL_Init
 .text.HAL_IncTick
                0x08004260       0x28 ./Drivers/STM32F7xx_HAL_Driver/Src/stm32f7xx_hal.o
                0x08004260                HAL_IncTick
 .text.HAL_GetTick
                0x08004288       0x18 ./Drivers/STM32F7xx_HAL_Driver/Src/stm32f7xx_hal.o
                0x08004288                HAL_GetTick
 .text.HAL_Delay
                0x080042a0       0x48 ./Drivers/STM32F7xx_HAL_Driver/Src/stm32f7xx_hal.o
                0x080042a0                HAL_Delay
 .text.__NVIC_SetPriorityGrouping
                0x080042e8       0x48 ./Drivers/STM32F7xx_HAL_Driver/Src/stm32f7xx_hal_cortex.o
 .text.__NVIC_GetPriorityGrouping
                0x08004330       0x1c ./Drivers/STM32F7xx_HAL_Driver/Src/stm32f7xx_hal_cortex.o
 .text.__NVIC_EnableIRQ
                0x0800434c       0x3c ./Drivers/STM32F7xx_HAL_Driver/Src/stm32f7xx_hal_cortex.o
 .text.__NVIC_SetPriority
                0x08004388       0x54 ./Drivers/STM32F7xx_HAL_Driver/Src/stm32f7xx_hal_cortex.o
 .text.NVIC_EncodePriority
                0x080043dc       0x66 ./Drivers/STM32F7xx_HAL_Driver/Src/stm32f7xx_hal_cortex.o
 .text.HAL_NVIC_SetPriorityGrouping
                0x08004442       0x16 ./Drivers/STM32F7xx_HAL_Driver/Src/stm32f7xx_hal_cortex.o
                0x08004442                HAL_NVIC_SetPriorityGrouping
 .text.HAL_NVIC_SetPriority
                0x08004458       0x38 ./Drivers/STM32F7xx_HAL_Driver/Src/stm32f7xx_hal_cortex.o
                0x08004458                HAL_NVIC_SetPriority
 .text.HAL_NVIC_EnableIRQ
                0x08004490       0x1c ./Drivers/STM32F7xx_HAL_Driver/Src/stm32f7xx_hal_cortex.o
                0x08004490                HAL_NVIC_EnableIRQ
 .text.HAL_MPU_Disable
                0x080044ac       0x30 ./Drivers/STM32F7xx_HAL_Driver/Src/stm32f7xx_hal_cortex.o
                0x080044ac                HAL_MPU_Disable
 .text.HAL_MPU_Enable
                0x080044dc       0x40 ./Drivers/STM32F7xx_HAL_Driver/Src/stm32f7xx_hal_cortex.o
                0x080044dc                HAL_MPU_Enable
 .text.HAL_MPU_ConfigRegion
                0x0800451c       0x80 ./Drivers/STM32F7xx_HAL_Driver/Src/stm32f7xx_hal_cortex.o
                0x0800451c                HAL_MPU_ConfigRegion
 .text.HAL_GPIO_Init
                0x0800459c      0x338 ./Drivers/STM32F7xx_HAL_Driver/Src/stm32f7xx_hal_gpio.o
                0x0800459c                HAL_GPIO_Init
 .text.HAL_GPIO_WritePin
                0x080048d4       0x32 ./Drivers/STM32F7xx_HAL_Driver/Src/stm32f7xx_hal_gpio.o
                0x080048d4                HAL_GPIO_WritePin
 .text.HAL_GPIO_TogglePin
                0x08004906       0x34 ./Drivers/STM32F7xx_HAL_Driver/Src/stm32f7xx_hal_gpio.o
                0x08004906                HAL_GPIO_TogglePin
 *fill*         0x0800493a        0x2 
 .text.HAL_I2C_Init
                0x0800493c      0x138 ./Drivers/STM32F7xx_HAL_Driver/Src/stm32f7xx_hal_i2c.o
                0x0800493c                HAL_I2C_Init
 .text.HAL_I2C_Mem_Write
                0x08004a74      0x228 ./Drivers/STM32F7xx_HAL_Driver/Src/stm32f7xx_hal_i2c.o
                0x08004a74                HAL_I2C_Mem_Write
 .text.HAL_I2C_Mem_Read
                0x08004c9c      0x234 ./Drivers/STM32F7xx_HAL_Driver/Src/stm32f7xx_hal_i2c.o
                0x08004c9c                HAL_I2C_Mem_Read
 .text.I2C_RequestMemoryWrite
                0x08004ed0       0xa8 ./Drivers/STM32F7xx_HAL_Driver/Src/stm32f7xx_hal_i2c.o
 .text.I2C_RequestMemoryRead
                0x08004f78       0xa8 ./Drivers/STM32F7xx_HAL_Driver/Src/stm32f7xx_hal_i2c.o
 .text.I2C_Flush_TXDR
                0x08005020       0x48 ./Drivers/STM32F7xx_HAL_Driver/Src/stm32f7xx_hal_i2c.o
 .text.I2C_WaitOnFlagUntilTimeout
                0x08005068       0xb2 ./Drivers/STM32F7xx_HAL_Driver/Src/stm32f7xx_hal_i2c.o
 .text.I2C_WaitOnTXISFlagUntilTimeout
                0x0800511a       0x8e ./Drivers/STM32F7xx_HAL_Driver/Src/stm32f7xx_hal_i2c.o
 .text.I2C_WaitOnSTOPFlagUntilTimeout
                0x080051a8       0x86 ./Drivers/STM32F7xx_HAL_Driver/Src/stm32f7xx_hal_i2c.o
 *fill*         0x0800522e        0x2 
 .text.I2C_IsErrorOccurred
                0x08005230      0x1c0 ./Drivers/STM32F7xx_HAL_Driver/Src/stm32f7xx_hal_i2c.o
 .text.I2C_TransferConfig
                0x080053f0       0x64 ./Drivers/STM32F7xx_HAL_Driver/Src/stm32f7xx_hal_i2c.o
 .text.HAL_I2CEx_ConfigAnalogFilter
                0x08005454       0x96 ./Drivers/STM32F7xx_HAL_Driver/Src/stm32f7xx_hal_i2c_ex.o
                0x08005454                HAL_I2CEx_ConfigAnalogFilter
 .text.HAL_I2CEx_ConfigDigitalFilter
                0x080054ea       0x98 ./Drivers/STM32F7xx_HAL_Driver/Src/stm32f7xx_hal_i2c_ex.o
                0x080054ea                HAL_I2CEx_ConfigDigitalFilter
 *fill*         0x08005582        0x2 
 .text.HAL_PWREx_EnableOverDrive
                0x08005584       0xa0 ./Drivers/STM32F7xx_HAL_Driver/Src/stm32f7xx_hal_pwr_ex.o
                0x08005584                HAL_PWREx_EnableOverDrive
 .text.HAL_RCC_OscConfig
                0x08005624      0x548 ./Drivers/STM32F7xx_HAL_Driver/Src/stm32f7xx_hal_rcc.o
                0x08005624                HAL_RCC_OscConfig
 .text.HAL_RCC_ClockConfig
                0x08005b6c      0x1d8 ./Drivers/STM32F7xx_HAL_Driver/Src/stm32f7xx_hal_rcc.o
                0x08005b6c                HAL_RCC_ClockConfig
 .text.HAL_RCC_GetSysClockFreq
                0x08005d44      0x18c ./Drivers/STM32F7xx_HAL_Driver/Src/stm32f7xx_hal_rcc.o
                0x08005d44                HAL_RCC_GetSysClockFreq
 .text.HAL_RCC_GetHCLKFreq
                0x08005ed0       0x18 ./Drivers/STM32F7xx_HAL_Driver/Src/stm32f7xx_hal_rcc.o
                0x08005ed0                HAL_RCC_GetHCLKFreq
 .text.HAL_RCC_GetPCLK1Freq
                0x08005ee8       0x28 ./Drivers/STM32F7xx_HAL_Driver/Src/stm32f7xx_hal_rcc.o
                0x08005ee8                HAL_RCC_GetPCLK1Freq
 .text.HAL_RCC_GetPCLK2Freq
                0x08005f10       0x28 ./Drivers/STM32F7xx_HAL_Driver/Src/stm32f7xx_hal_rcc.o
                0x08005f10                HAL_RCC_GetPCLK2Freq
 .text.HAL_RCC_GetClockConfig
                0x08005f38       0x64 ./Drivers/STM32F7xx_HAL_Driver/Src/stm32f7xx_hal_rcc.o
                0x08005f38                HAL_RCC_GetClockConfig
 .text.HAL_RCCEx_PeriphCLKConfig
                0x08005f9c      0x694 ./Drivers/STM32F7xx_HAL_Driver/Src/stm32f7xx_hal_rcc_ex.o
                0x08005f9c                HAL_RCCEx_PeriphCLKConfig
 .text.HAL_SPI_Init
                0x08006630      0x156 ./Drivers/STM32F7xx_HAL_Driver/Src/stm32f7xx_hal_spi.o
                0x08006630                HAL_SPI_Init
 .text.HAL_SPI_Transmit
                0x08006786      0x2ec ./Drivers/STM32F7xx_HAL_Driver/Src/stm32f7xx_hal_spi.o
                0x08006786                HAL_SPI_Transmit
 .text.HAL_SPI_Receive
                0x08006a72      0x270 ./Drivers/STM32F7xx_HAL_Driver/Src/stm32f7xx_hal_spi.o
                0x08006a72                HAL_SPI_Receive
 .text.HAL_SPI_TransmitReceive
                0x08006ce2      0x43e ./Drivers/STM32F7xx_HAL_Driver/Src/stm32f7xx_hal_spi.o
                0x08006ce2                HAL_SPI_TransmitReceive
 .text.SPI_WaitFlagStateUntilTimeout
                0x08007120      0x110 ./Drivers/STM32F7xx_HAL_Driver/Src/stm32f7xx_hal_spi.o
 .text.SPI_WaitFifoStateUntilTimeout
                0x08007230      0x12c ./Drivers/STM32F7xx_HAL_Driver/Src/stm32f7xx_hal_spi.o
 .text.SPI_EndRxTransaction
                0x0800735c       0xf8 ./Drivers/STM32F7xx_HAL_Driver/Src/stm32f7xx_hal_spi.o
 .text.SPI_EndRxTxTransaction
                0x08007454       0xd4 ./Drivers/STM32F7xx_HAL_Driver/Src/stm32f7xx_hal_spi.o
 .text.HAL_TIM_Base_Init
                0x08007528       0xae ./Drivers/STM32F7xx_HAL_Driver/Src/stm32f7xx_hal_tim.o
                0x08007528                HAL_TIM_Base_Init
 .text.HAL_TIM_Base_MspInit
                0x080075d6       0x14 ./Drivers/STM32F7xx_HAL_Driver/Src/stm32f7xx_hal_tim.o
                0x080075d6                HAL_TIM_Base_MspInit
 *fill*         0x080075ea        0x2 
 .text.HAL_TIM_Base_Start_IT
                0x080075ec       0xf0 ./Drivers/STM32F7xx_HAL_Driver/Src/stm32f7xx_hal_tim.o
                0x080075ec                HAL_TIM_Base_Start_IT
 .text.HAL_TIM_PWM_Init
                0x080076dc       0xae ./Drivers/STM32F7xx_HAL_Driver/Src/stm32f7xx_hal_tim.o
                0x080076dc                HAL_TIM_PWM_Init
 *fill*         0x0800778a        0x2 
 .text.HAL_TIM_PWM_DeInit
                0x0800778c       0xbc ./Drivers/STM32F7xx_HAL_Driver/Src/stm32f7xx_hal_tim.o
                0x0800778c                HAL_TIM_PWM_DeInit
 .text.HAL_TIM_PWM_Start
                0x08007848      0x1f4 ./Drivers/STM32F7xx_HAL_Driver/Src/stm32f7xx_hal_tim.o
                0x08007848                HAL_TIM_PWM_Start
 .text.HAL_TIM_PWM_Stop
                0x08007a3c      0x100 ./Drivers/STM32F7xx_HAL_Driver/Src/stm32f7xx_hal_tim.o
                0x08007a3c                HAL_TIM_PWM_Stop
 .text.HAL_TIM_IRQHandler
                0x08007b3c      0x20e ./Drivers/STM32F7xx_HAL_Driver/Src/stm32f7xx_hal_tim.o
                0x08007b3c                HAL_TIM_IRQHandler
 *fill*         0x08007d4a        0x2 
 .text.HAL_TIM_PWM_ConfigChannel
                0x08007d4c      0x228 ./Drivers/STM32F7xx_HAL_Driver/Src/stm32f7xx_hal_tim.o
                0x08007d4c                HAL_TIM_PWM_ConfigChannel
 .text.HAL_TIM_OC_DelayElapsedCallback
                0x08007f74       0x14 ./Drivers/STM32F7xx_HAL_Driver/Src/stm32f7xx_hal_tim.o
                0x08007f74                HAL_TIM_OC_DelayElapsedCallback
 .text.HAL_TIM_IC_CaptureCallback
                0x08007f88       0x14 ./Drivers/STM32F7xx_HAL_Driver/Src/stm32f7xx_hal_tim.o
                0x08007f88                HAL_TIM_IC_CaptureCallback
 .text.HAL_TIM_PWM_PulseFinishedCallback
                0x08007f9c       0x14 ./Drivers/STM32F7xx_HAL_Driver/Src/stm32f7xx_hal_tim.o
                0x08007f9c                HAL_TIM_PWM_PulseFinishedCallback
 .text.HAL_TIM_TriggerCallback
                0x08007fb0       0x14 ./Drivers/STM32F7xx_HAL_Driver/Src/stm32f7xx_hal_tim.o
                0x08007fb0                HAL_TIM_TriggerCallback
 .text.TIM_Base_SetConfig
                0x08007fc4      0x14c ./Drivers/STM32F7xx_HAL_Driver/Src/stm32f7xx_hal_tim.o
                0x08007fc4                TIM_Base_SetConfig
 .text.TIM_OC1_SetConfig
                0x08008110       0xe4 ./Drivers/STM32F7xx_HAL_Driver/Src/stm32f7xx_hal_tim.o
 .text.TIM_OC2_SetConfig
                0x080081f4       0xf0 ./Drivers/STM32F7xx_HAL_Driver/Src/stm32f7xx_hal_tim.o
                0x080081f4                TIM_OC2_SetConfig
 .text.TIM_OC3_SetConfig
                0x080082e4       0xec ./Drivers/STM32F7xx_HAL_Driver/Src/stm32f7xx_hal_tim.o
 .text.TIM_OC4_SetConfig
                0x080083d0       0xb0 ./Drivers/STM32F7xx_HAL_Driver/Src/stm32f7xx_hal_tim.o
 .text.TIM_OC5_SetConfig
                0x08008480       0xa4 ./Drivers/STM32F7xx_HAL_Driver/Src/stm32f7xx_hal_tim.o
 .text.TIM_OC6_SetConfig
                0x08008524       0xa8 ./Drivers/STM32F7xx_HAL_Driver/Src/stm32f7xx_hal_tim.o
 .text.TIM_CCxChannelCmd
                0x080085cc       0x4a ./Drivers/STM32F7xx_HAL_Driver/Src/stm32f7xx_hal_tim.o
                0x080085cc                TIM_CCxChannelCmd
 *fill*         0x08008616        0x2 
 .text.HAL_TIMEx_MasterConfigSynchronization
                0x08008618      0x11c ./Drivers/STM32F7xx_HAL_Driver/Src/stm32f7xx_hal_tim_ex.o
                0x08008618                HAL_TIMEx_MasterConfigSynchronization
 .text.HAL_TIMEx_CommutCallback
                0x08008734       0x14 ./Drivers/STM32F7xx_HAL_Driver/Src/stm32f7xx_hal_tim_ex.o
                0x08008734                HAL_TIMEx_CommutCallback
 .text.HAL_TIMEx_BreakCallback
                0x08008748       0x14 ./Drivers/STM32F7xx_HAL_Driver/Src/stm32f7xx_hal_tim_ex.o
                0x08008748                HAL_TIMEx_BreakCallback
 .text.HAL_TIMEx_Break2Callback
                0x0800875c       0x14 ./Drivers/STM32F7xx_HAL_Driver/Src/stm32f7xx_hal_tim_ex.o
                0x0800875c                HAL_TIMEx_Break2Callback
 .text.HAL_UART_Init
                0x08008770       0x9c ./Drivers/STM32F7xx_HAL_Driver/Src/stm32f7xx_hal_uart.o
                0x08008770                HAL_UART_Init
 .text.UART_SetConfig
                0x0800880c      0x4c8 ./Drivers/STM32F7xx_HAL_Driver/Src/stm32f7xx_hal_uart.o
                0x0800880c                UART_SetConfig
 .text.UART_AdvFeatureConfig
                0x08008cd4      0x144 ./Drivers/STM32F7xx_HAL_Driver/Src/stm32f7xx_hal_uart.o
                0x08008cd4                UART_AdvFeatureConfig
 .text.UART_CheckIdleState
                0x08008e18       0xae ./Drivers/STM32F7xx_HAL_Driver/Src/stm32f7xx_hal_uart.o
                0x08008e18                UART_CheckIdleState
 .text.UART_WaitOnFlagUntilTimeout
                0x08008ec6       0xda ./Drivers/STM32F7xx_HAL_Driver/Src/stm32f7xx_hal_uart.o
                0x08008ec6                UART_WaitOnFlagUntilTimeout
 .text.UART_EndRxTransfer
                0x08008fa0       0xc8 ./Drivers/STM32F7xx_HAL_Driver/Src/stm32f7xx_hal_uart.o
 .text.SVC_Setup
                0x08009068        0xe ./Middlewares/Third_Party/FreeRTOS/Source/CMSIS_RTOS_V2/cmsis_os2.o
 *fill*         0x08009076        0x2 
 .text.osKernelInitialize
                0x08009078       0x68 ./Middlewares/Third_Party/FreeRTOS/Source/CMSIS_RTOS_V2/cmsis_os2.o
                0x08009078                osKernelInitialize
 .text.osKernelStart
                0x080090e0       0x6c ./Middlewares/Third_Party/FreeRTOS/Source/CMSIS_RTOS_V2/cmsis_os2.o
                0x080090e0                osKernelStart
 .text.osThreadNew
                0x0800914c      0x14c ./Middlewares/Third_Party/FreeRTOS/Source/CMSIS_RTOS_V2/cmsis_os2.o
                0x0800914c                osThreadNew
 .text.osThreadTerminate
                0x08009298       0x80 ./Middlewares/Third_Party/FreeRTOS/Source/CMSIS_RTOS_V2/cmsis_os2.o
                0x08009298                osThreadTerminate
 .text.osDelay  0x08009318       0x5c ./Middlewares/Third_Party/FreeRTOS/Source/CMSIS_RTOS_V2/cmsis_os2.o
                0x08009318                osDelay
 .text.TimerCallback
                0x08009374       0x2a ./Middlewares/Third_Party/FreeRTOS/Source/CMSIS_RTOS_V2/cmsis_os2.o
 *fill*         0x0800939e        0x2 
 .text.osTimerNew
                0x080093a0      0x108 ./Middlewares/Third_Party/FreeRTOS/Source/CMSIS_RTOS_V2/cmsis_os2.o
                0x080093a0                osTimerNew
 .text.osMutexNew
                0x080094a8      0x134 ./Middlewares/Third_Party/FreeRTOS/Source/CMSIS_RTOS_V2/cmsis_os2.o
                0x080094a8                osMutexNew
 .text.osMutexAcquire
                0x080095dc       0xbc ./Middlewares/Third_Party/FreeRTOS/Source/CMSIS_RTOS_V2/cmsis_os2.o
                0x080095dc                osMutexAcquire
 .text.osMutexRelease
                0x08009698       0xa0 ./Middlewares/Third_Party/FreeRTOS/Source/CMSIS_RTOS_V2/cmsis_os2.o
                0x08009698                osMutexRelease
 .text.osMessageQueueNew
                0x08009738      0x10c ./Middlewares/Third_Party/FreeRTOS/Source/CMSIS_RTOS_V2/cmsis_os2.o
                0x08009738                osMessageQueueNew
 .text.osMessageQueuePut
                0x08009844       0xe8 ./Middlewares/Third_Party/FreeRTOS/Source/CMSIS_RTOS_V2/cmsis_os2.o
                0x08009844                osMessageQueuePut
 .text.osMessageQueueGet
                0x0800992c       0xe4 ./Middlewares/Third_Party/FreeRTOS/Source/CMSIS_RTOS_V2/cmsis_os2.o
                0x0800992c                osMessageQueueGet
 .text.osMessageQueueGetCount
                0x08009a10       0x64 ./Middlewares/Third_Party/FreeRTOS/Source/CMSIS_RTOS_V2/cmsis_os2.o
                0x08009a10                osMessageQueueGetCount
 .text.vApplicationGetIdleTaskMemory
                0x08009a74       0x34 ./Middlewares/Third_Party/FreeRTOS/Source/CMSIS_RTOS_V2/cmsis_os2.o
                0x08009a74                vApplicationGetIdleTaskMemory
 .text.vApplicationGetTimerTaskMemory
                0x08009aa8       0x34 ./Middlewares/Third_Party/FreeRTOS/Source/CMSIS_RTOS_V2/cmsis_os2.o
                0x08009aa8                vApplicationGetTimerTaskMemory
 .text.vListInitialise
                0x08009adc       0x40 ./Middlewares/Third_Party/FreeRTOS/Source/list.o
                0x08009adc                vListInitialise
 .text.vListInitialiseItem
                0x08009b1c       0x1a ./Middlewares/Third_Party/FreeRTOS/Source/list.o
                0x08009b1c                vListInitialiseItem
 .text.vListInsertEnd
                0x08009b36       0x48 ./Middlewares/Third_Party/FreeRTOS/Source/list.o
                0x08009b36                vListInsertEnd
 .text.vListInsert
                0x08009b7e       0x72 ./Middlewares/Third_Party/FreeRTOS/Source/list.o
                0x08009b7e                vListInsert
 .text.uxListRemove
                0x08009bf0       0x54 ./Middlewares/Third_Party/FreeRTOS/Source/list.o
                0x08009bf0                uxListRemove
 .text.xQueueGenericReset
                0x08009c44       0xd8 ./Middlewares/Third_Party/FreeRTOS/Source/queue.o
                0x08009c44                xQueueGenericReset
 .text.xQueueGenericCreateStatic
                0x08009d1c      0x10e ./Middlewares/Third_Party/FreeRTOS/Source/queue.o
                0x08009d1c                xQueueGenericCreateStatic
 .text.xQueueGenericCreate
                0x08009e2a       0x86 ./Middlewares/Third_Party/FreeRTOS/Source/queue.o
                0x08009e2a                xQueueGenericCreate
 .text.prvInitialiseNewQueue
                0x08009eb0       0x46 ./Middlewares/Third_Party/FreeRTOS/Source/queue.o
 .text.prvInitialiseMutex
                0x08009ef6       0x34 ./Middlewares/Third_Party/FreeRTOS/Source/queue.o
 .text.xQueueCreateMutex
                0x08009f2a       0x30 ./Middlewares/Third_Party/FreeRTOS/Source/queue.o
                0x08009f2a                xQueueCreateMutex
 .text.xQueueCreateMutexStatic
                0x08009f5a       0x36 ./Middlewares/Third_Party/FreeRTOS/Source/queue.o
                0x08009f5a                xQueueCreateMutexStatic
 .text.xQueueGiveMutexRecursive
                0x08009f90       0x6e ./Middlewares/Third_Party/FreeRTOS/Source/queue.o
                0x08009f90                xQueueGiveMutexRecursive
 .text.xQueueTakeMutexRecursive
                0x08009ffe       0x72 ./Middlewares/Third_Party/FreeRTOS/Source/queue.o
                0x08009ffe                xQueueTakeMutexRecursive
 .text.xQueueGenericSend
                0x0800a070      0x214 ./Middlewares/Third_Party/FreeRTOS/Source/queue.o
                0x0800a070                xQueueGenericSend
 .text.xQueueGenericSendFromISR
                0x0800a284      0x146 ./Middlewares/Third_Party/FreeRTOS/Source/queue.o
                0x0800a284                xQueueGenericSendFromISR
 *fill*         0x0800a3ca        0x2 
 .text.xQueueReceive
                0x0800a3cc      0x1d0 ./Middlewares/Third_Party/FreeRTOS/Source/queue.o
                0x0800a3cc                xQueueReceive
 .text.xQueueSemaphoreTake
                0x0800a59c      0x230 ./Middlewares/Third_Party/FreeRTOS/Source/queue.o
                0x0800a59c                xQueueSemaphoreTake
 .text.xQueueReceiveFromISR
                0x0800a7cc      0x110 ./Middlewares/Third_Party/FreeRTOS/Source/queue.o
                0x0800a7cc                xQueueReceiveFromISR
 .text.uxQueueMessagesWaiting
                0x0800a8dc       0x42 ./Middlewares/Third_Party/FreeRTOS/Source/queue.o
                0x0800a8dc                uxQueueMessagesWaiting
 .text.uxQueueMessagesWaitingFromISR
                0x0800a91e       0x42 ./Middlewares/Third_Party/FreeRTOS/Source/queue.o
                0x0800a91e                uxQueueMessagesWaitingFromISR
 .text.prvGetDisinheritPriorityAfterTimeout
                0x0800a960       0x30 ./Middlewares/Third_Party/FreeRTOS/Source/queue.o
 .text.prvCopyDataToQueue
                0x0800a990       0xd4 ./Middlewares/Third_Party/FreeRTOS/Source/queue.o
 .text.prvCopyDataFromQueue
                0x0800aa64       0x4c ./Middlewares/Third_Party/FreeRTOS/Source/queue.o
 .text.prvUnlockQueue
                0x0800aab0       0xa4 ./Middlewares/Third_Party/FreeRTOS/Source/queue.o
 .text.prvIsQueueEmpty
                0x0800ab54       0x2c ./Middlewares/Third_Party/FreeRTOS/Source/queue.o
 .text.prvIsQueueFull
                0x0800ab80       0x30 ./Middlewares/Third_Party/FreeRTOS/Source/queue.o
 .text.vQueueAddToRegistry
                0x0800abb0       0x54 ./Middlewares/Third_Party/FreeRTOS/Source/queue.o
                0x0800abb0                vQueueAddToRegistry
 .text.vQueueWaitForMessageRestricted
                0x0800ac04       0x68 ./Middlewares/Third_Party/FreeRTOS/Source/queue.o
                0x0800ac04                vQueueWaitForMessageRestricted
 .text.xTaskCreateStatic
                0x0800ac6c       0xcc ./Middlewares/Third_Party/FreeRTOS/Source/tasks.o
                0x0800ac6c                xTaskCreateStatic
 .text.xTaskCreate
                0x0800ad38       0x8a ./Middlewares/Third_Party/FreeRTOS/Source/tasks.o
                0x0800ad38                xTaskCreate
 .text.prvInitialiseNewTask
                0x0800adc2      0x12a ./Middlewares/Third_Party/FreeRTOS/Source/tasks.o
 .text.prvAddNewTaskToReadyList
                0x0800aeec       0xe0 ./Middlewares/Third_Party/FreeRTOS/Source/tasks.o
 .text.vTaskDelete
                0x0800afcc       0xec ./Middlewares/Third_Party/FreeRTOS/Source/tasks.o
                0x0800afcc                vTaskDelete
 .text.vTaskDelay
                0x0800b0b8       0x70 ./Middlewares/Third_Party/FreeRTOS/Source/tasks.o
                0x0800b0b8                vTaskDelay
 .text.eTaskGetState
                0x0800b128       0xd4 ./Middlewares/Third_Party/FreeRTOS/Source/tasks.o
                0x0800b128                eTaskGetState
 .text.vTaskStartScheduler
                0x0800b1fc       0xdc ./Middlewares/Third_Party/FreeRTOS/Source/tasks.o
                0x0800b1fc                vTaskStartScheduler
 .text.vTaskSuspendAll
                0x0800b2d8       0x1c ./Middlewares/Third_Party/FreeRTOS/Source/tasks.o
                0x0800b2d8                vTaskSuspendAll
 .text.xTaskResumeAll
                0x0800b2f4      0x140 ./Middlewares/Third_Party/FreeRTOS/Source/tasks.o
                0x0800b2f4                xTaskResumeAll
 .text.xTaskGetTickCount
                0x0800b434       0x20 ./Middlewares/Third_Party/FreeRTOS/Source/tasks.o
                0x0800b434                xTaskGetTickCount
 .text.xTaskIncrementTick
                0x0800b454      0x178 ./Middlewares/Third_Party/FreeRTOS/Source/tasks.o
                0x0800b454                xTaskIncrementTick
 .text.vTaskSwitchContext
                0x0800b5cc       0xf8 ./Middlewares/Third_Party/FreeRTOS/Source/tasks.o
                0x0800b5cc                vTaskSwitchContext
 .text.vTaskPlaceOnEventList
                0x0800b6c4       0x50 ./Middlewares/Third_Party/FreeRTOS/Source/tasks.o
                0x0800b6c4                vTaskPlaceOnEventList
 .text.vTaskPlaceOnEventListRestricted
                0x0800b714       0x5c ./Middlewares/Third_Party/FreeRTOS/Source/tasks.o
                0x0800b714                vTaskPlaceOnEventListRestricted
 .text.xTaskRemoveFromEventList
                0x0800b770       0xcc ./Middlewares/Third_Party/FreeRTOS/Source/tasks.o
                0x0800b770                xTaskRemoveFromEventList
 .text.vTaskInternalSetTimeOutState
                0x0800b83c       0x2c ./Middlewares/Third_Party/FreeRTOS/Source/tasks.o
                0x0800b83c                vTaskInternalSetTimeOutState
 .text.xTaskCheckForTimeOut
                0x0800b868       0xd0 ./Middlewares/Third_Party/FreeRTOS/Source/tasks.o
                0x0800b868                xTaskCheckForTimeOut
 .text.vTaskMissedYield
                0x0800b938       0x18 ./Middlewares/Third_Party/FreeRTOS/Source/tasks.o
                0x0800b938                vTaskMissedYield
 .text.prvIdleTask
                0x0800b950       0x30 ./Middlewares/Third_Party/FreeRTOS/Source/tasks.o
 .text.prvInitialiseTaskLists
                0x0800b980       0x80 ./Middlewares/Third_Party/FreeRTOS/Source/tasks.o
 .text.prvCheckTasksWaitingTermination
                0x0800ba00       0x5c ./Middlewares/Third_Party/FreeRTOS/Source/tasks.o
 .text.prvDeleteTCB
                0x0800ba5c       0x64 ./Middlewares/Third_Party/FreeRTOS/Source/tasks.o
 .text.prvResetNextTaskUnblockTime
                0x0800bac0       0x40 ./Middlewares/Third_Party/FreeRTOS/Source/tasks.o
 .text.xTaskGetCurrentTaskHandle
                0x0800bb00       0x20 ./Middlewares/Third_Party/FreeRTOS/Source/tasks.o
                0x0800bb00                xTaskGetCurrentTaskHandle
 .text.xTaskGetSchedulerState
                0x0800bb20       0x3c ./Middlewares/Third_Party/FreeRTOS/Source/tasks.o
                0x0800bb20                xTaskGetSchedulerState
 .text.xTaskPriorityInherit
                0x0800bb5c       0xd0 ./Middlewares/Third_Party/FreeRTOS/Source/tasks.o
                0x0800bb5c                xTaskPriorityInherit
 .text.xTaskPriorityDisinherit
                0x0800bc2c       0xe8 ./Middlewares/Third_Party/FreeRTOS/Source/tasks.o
                0x0800bc2c                xTaskPriorityDisinherit
 .text.vTaskPriorityDisinheritAfterTimeout
                0x0800bd14      0x110 ./Middlewares/Third_Party/FreeRTOS/Source/tasks.o
                0x0800bd14                vTaskPriorityDisinheritAfterTimeout
 .text.pvTaskIncrementMutexHeldCount
                0x0800be24       0x28 ./Middlewares/Third_Party/FreeRTOS/Source/tasks.o
                0x0800be24                pvTaskIncrementMutexHeldCount
 .text.prvAddCurrentTaskToDelayedList
                0x0800be4c       0xa8 ./Middlewares/Third_Party/FreeRTOS/Source/tasks.o
 .text.xTimerCreateTimerTask
                0x0800bef4       0x98 ./Middlewares/Third_Party/FreeRTOS/Source/timers.o
                0x0800bef4                xTimerCreateTimerTask
 .text.xTimerCreate
                0x0800bf8c       0x42 ./Middlewares/Third_Party/FreeRTOS/Source/timers.o
                0x0800bf8c                xTimerCreate
 .text.xTimerCreateStatic
                0x0800bfce       0x88 ./Middlewares/Third_Party/FreeRTOS/Source/timers.o
                0x0800bfce                xTimerCreateStatic
 .text.prvInitialiseNewTimer
                0x0800c056       0x7c ./Middlewares/Third_Party/FreeRTOS/Source/timers.o
 *fill*         0x0800c0d2        0x2 
 .text.xTimerGenericCommand
                0x0800c0d4       0xa0 ./Middlewares/Third_Party/FreeRTOS/Source/timers.o
                0x0800c0d4                xTimerGenericCommand
 .text.prvProcessExpiredTimer
                0x0800c174       0xa0 ./Middlewares/Third_Party/FreeRTOS/Source/timers.o
 .text.prvTimerTask
                0x0800c214       0x26 ./Middlewares/Third_Party/FreeRTOS/Source/timers.o
 *fill*         0x0800c23a        0x2 
 .text.prvProcessTimerOrBlockTask
                0x0800c23c       0x9c ./Middlewares/Third_Party/FreeRTOS/Source/timers.o
 .text.prvGetNextExpireTime
                0x0800c2d8       0x48 ./Middlewares/Third_Party/FreeRTOS/Source/timers.o
 .text.prvSampleTimeNow
                0x0800c320       0x40 ./Middlewares/Third_Party/FreeRTOS/Source/timers.o
 .text.prvInsertTimerInActiveList
                0x0800c360       0x84 ./Middlewares/Third_Party/FreeRTOS/Source/timers.o
 .text.prvProcessReceivedCommands
                0x0800c3e4      0x1d8 ./Middlewares/Third_Party/FreeRTOS/Source/timers.o
 .text.prvSwitchTimerLists
                0x0800c5bc       0xd0 ./Middlewares/Third_Party/FreeRTOS/Source/timers.o
 .text.prvCheckForValidListAndQueue
                0x0800c68c       0x80 ./Middlewares/Third_Party/FreeRTOS/Source/timers.o
 .text.pvTimerGetTimerID
                0x0800c70c       0x46 ./Middlewares/Third_Party/FreeRTOS/Source/timers.o
                0x0800c70c                pvTimerGetTimerID
 *fill*         0x0800c752        0x2 
 .text.pxPortInitialiseStack
                0x0800c754       0x68 ./Middlewares/Third_Party/FreeRTOS/Source/portable/GCC/ARM_CM7/r0p1/port.o
                0x0800c754                pxPortInitialiseStack
 .text.prvTaskExitError
                0x0800c7bc       0x64 ./Middlewares/Third_Party/FreeRTOS/Source/portable/GCC/ARM_CM7/r0p1/port.o
 .text.SVC_Handler
                0x0800c820       0x28 ./Middlewares/Third_Party/FreeRTOS/Source/portable/GCC/ARM_CM7/r0p1/port.o
                0x0800c820                SVC_Handler
 .text.prvPortStartFirstTask
                0x0800c848       0x28 ./Middlewares/Third_Party/FreeRTOS/Source/portable/GCC/ARM_CM7/r0p1/port.o
 .text.xPortStartScheduler
                0x0800c870       0xfc ./Middlewares/Third_Party/FreeRTOS/Source/portable/GCC/ARM_CM7/r0p1/port.o
                0x0800c870                xPortStartScheduler
 .text.vPortEnterCritical
                0x0800c96c       0x6c ./Middlewares/Third_Party/FreeRTOS/Source/portable/GCC/ARM_CM7/r0p1/port.o
                0x0800c96c                vPortEnterCritical
 .text.vPortExitCritical
                0x0800c9d8       0x58 ./Middlewares/Third_Party/FreeRTOS/Source/portable/GCC/ARM_CM7/r0p1/port.o
                0x0800c9d8                vPortExitCritical
 .text.PendSV_Handler
                0x0800ca30       0x68 ./Middlewares/Third_Party/FreeRTOS/Source/portable/GCC/ARM_CM7/r0p1/port.o
                0x0800ca30                PendSV_Handler
 .text.SysTick_Handler
                0x0800ca98       0x48 ./Middlewares/Third_Party/FreeRTOS/Source/portable/GCC/ARM_CM7/r0p1/port.o
                0x0800ca98                SysTick_Handler
 .text.vPortSetupTimerInterrupt
                0x0800cae0       0x48 ./Middlewares/Third_Party/FreeRTOS/Source/portable/GCC/ARM_CM7/r0p1/port.o
                0x0800cae0                vPortSetupTimerInterrupt
 .text.vPortEnableVFP
                0x0800cb28       0x14 ./Middlewares/Third_Party/FreeRTOS/Source/portable/GCC/ARM_CM7/r0p1/port.o
 .text.vPortValidateInterruptPriority
                0x0800cb3c       0x8c ./Middlewares/Third_Party/FreeRTOS/Source/portable/GCC/ARM_CM7/r0p1/port.o
                0x0800cb3c                vPortValidateInterruptPriority
 .text.pvPortMalloc
                0x0800cbc8      0x19c ./Middlewares/Third_Party/FreeRTOS/Source/portable/MemMang/heap_4.o
                0x0800cbc8                pvPortMalloc
 .text.vPortFree
                0x0800cd64       0xc0 ./Middlewares/Third_Party/FreeRTOS/Source/portable/MemMang/heap_4.o
                0x0800cd64                vPortFree
 .text.prvHeapInit
                0x0800ce24       0xc4 ./Middlewares/Third_Party/FreeRTOS/Source/portable/MemMang/heap_4.o
 .text.prvInsertBlockIntoFreeList
                0x0800cee8       0xb4 ./Middlewares/Third_Party/FreeRTOS/Source/portable/MemMang/heap_4.o
 .text.memset   0x0800cf9c       0x10 C:/ST/STM32CubeIDE_1.16.1/STM32CubeIDE/plugins/com.st.stm32cube.ide.mcu.externaltools.gnu-tools-for-stm32.13.3.rel1.win32_1.0.0.202411081344/tools/bin/../lib/gcc/arm-none-eabi/13.3.1/../../../../arm-none-eabi/lib/thumb/v7e-m+fp/hard\libc_nano.a(libc_a-memset.o)
                0x0800cf9c                memset
 .text.__errno  0x0800cfac        0xc C:/ST/STM32CubeIDE_1.16.1/STM32CubeIDE/plugins/com.st.stm32cube.ide.mcu.externaltools.gnu-tools-for-stm32.13.3.rel1.win32_1.0.0.202411081344/tools/bin/../lib/gcc/arm-none-eabi/13.3.1/../../../../arm-none-eabi/lib/thumb/v7e-m+fp/hard\libc_nano.a(libc_a-errno.o)
                0x0800cfac                __errno
 .text.__libc_init_array
                0x0800cfb8       0x48 C:/ST/STM32CubeIDE_1.16.1/STM32CubeIDE/plugins/com.st.stm32cube.ide.mcu.externaltools.gnu-tools-for-stm32.13.3.rel1.win32_1.0.0.202411081344/tools/bin/../lib/gcc/arm-none-eabi/13.3.1/../../../../arm-none-eabi/lib/thumb/v7e-m+fp/hard\libc_nano.a(libc_a-init.o)
                0x0800cfb8                __libc_init_array
 .text.memcpy   0x0800d000       0x1c C:/ST/STM32CubeIDE_1.16.1/STM32CubeIDE/plugins/com.st.stm32cube.ide.mcu.externaltools.gnu-tools-for-stm32.13.3.rel1.win32_1.0.0.202411081344/tools/bin/../lib/gcc/arm-none-eabi/13.3.1/../../../../arm-none-eabi/lib/thumb/v7e-m+fp/hard\libc_nano.a(libc_a-memcpy-stub.o)
                0x0800d000                memcpy
 *fill*         0x0800d01c        0x4 
 .text.log      0x0800d020       0x7c C:/ST/STM32CubeIDE_1.16.1/STM32CubeIDE/plugins/com.st.stm32cube.ide.mcu.externaltools.gnu-tools-for-stm32.13.3.rel1.win32_1.0.0.202411081344/tools/bin/../lib/gcc/arm-none-eabi/13.3.1/../../../../arm-none-eabi/lib/thumb/v7e-m+fp/hard\libm.a(libm_a-w_log.o)
                0x0800d020                log
 *fill*         0x0800d09c        0x4 
 .text.nan      0x0800d0a0       0x10 C:/ST/STM32CubeIDE_1.16.1/STM32CubeIDE/plugins/com.st.stm32cube.ide.mcu.externaltools.gnu-tools-for-stm32.13.3.rel1.win32_1.0.0.202411081344/tools/bin/../lib/gcc/arm-none-eabi/13.3.1/../../../../arm-none-eabi/lib/thumb/v7e-m+fp/hard\libm.a(libm_a-s_nan.o)
                0x0800d0a0                nan
 .text.__ieee754_log
                0x0800d0b0      0x36c C:/ST/STM32CubeIDE_1.16.1/STM32CubeIDE/plugins/com.st.stm32cube.ide.mcu.externaltools.gnu-tools-for-stm32.13.3.rel1.win32_1.0.0.202411081344/tools/bin/../lib/gcc/arm-none-eabi/13.3.1/../../../../arm-none-eabi/lib/thumb/v7e-m+fp/hard\libm.a(libm_a-e_log.o)
                0x0800d0b0                __ieee754_log
 *(.glue_7)
 .glue_7        0x0800d41c        0x0 linker stubs
 *(.glue_7t)
 .glue_7t       0x0800d41c        0x0 linker stubs
 *(.eh_frame)
 .eh_frame      0x0800d41c        0x0 C:/ST/STM32CubeIDE_1.16.1/STM32CubeIDE/plugins/com.st.stm32cube.ide.mcu.externaltools.gnu-tools-for-stm32.13.3.rel1.win32_1.0.0.202411081344/tools/bin/../lib/gcc/arm-none-eabi/13.3.1/thumb/v7e-m+fp/hard/crtbegin.o
 *(.init)
 .init          0x0800d41c        0x4 C:/ST/STM32CubeIDE_1.16.1/STM32CubeIDE/plugins/com.st.stm32cube.ide.mcu.externaltools.gnu-tools-for-stm32.13.3.rel1.win32_1.0.0.202411081344/tools/bin/../lib/gcc/arm-none-eabi/13.3.1/thumb/v7e-m+fp/hard/crti.o
                0x0800d41c                _init
 .init          0x0800d420        0x8 C:/ST/STM32CubeIDE_1.16.1/STM32CubeIDE/plugins/com.st.stm32cube.ide.mcu.externaltools.gnu-tools-for-stm32.13.3.rel1.win32_1.0.0.202411081344/tools/bin/../lib/gcc/arm-none-eabi/13.3.1/thumb/v7e-m+fp/hard/crtn.o
 *(.fini)
 .fini          0x0800d428        0x4 C:/ST/STM32CubeIDE_1.16.1/STM32CubeIDE/plugins/com.st.stm32cube.ide.mcu.externaltools.gnu-tools-for-stm32.13.3.rel1.win32_1.0.0.202411081344/tools/bin/../lib/gcc/arm-none-eabi/13.3.1/thumb/v7e-m+fp/hard/crti.o
                0x0800d428                _fini
 .fini          0x0800d42c        0x8 C:/ST/STM32CubeIDE_1.16.1/STM32CubeIDE/plugins/com.st.stm32cube.ide.mcu.externaltools.gnu-tools-for-stm32.13.3.rel1.win32_1.0.0.202411081344/tools/bin/../lib/gcc/arm-none-eabi/13.3.1/thumb/v7e-m+fp/hard/crtn.o
                0x0800d434                        . = ALIGN (0x4)
                0x0800d434                        _etext = .

.vfp11_veneer   0x0800d434        0x0
 .vfp11_veneer  0x0800d434        0x0 linker stubs

.v4_bx          0x0800d434        0x0
 .v4_bx         0x0800d434        0x0 linker stubs

.iplt           0x0800d434        0x0
 .iplt          0x0800d434        0x0 C:/ST/STM32CubeIDE_1.16.1/STM32CubeIDE/plugins/com.st.stm32cube.ide.mcu.externaltools.gnu-tools-for-stm32.13.3.rel1.win32_1.0.0.202411081344/tools/bin/../lib/gcc/arm-none-eabi/13.3.1/thumb/v7e-m+fp/hard/crtbegin.o

.rodata         0x0800d434      0x388
                0x0800d434                        . = ALIGN (0x4)
 *(.rodata)
 .rodata        0x0800d434      0x128 ./Core/Src/freertos.o
 .rodata        0x0800d55c       0x30 ./Middlewares/Third_Party/FreeRTOS/Source/tasks.o
 .rodata        0x0800d58c        0xd ./Middlewares/Third_Party/FreeRTOS/Source/timers.o
 *(.rodata*)
 *fill*         0x0800d599        0x3 
 .rodata.MissionManager_attributes
                0x0800d59c       0x24 ./Core/Src/freertos.o
                0x0800d59c                MissionManager_attributes
 .rodata.ActuatorsTask_attributes
                0x0800d5c0       0x24 ./Core/Src/freertos.o
                0x0800d5c0                ActuatorsTask_attributes
 .rodata.MemoryTask_attributes
                0x0800d5e4       0x24 ./Core/Src/freertos.o
                0x0800d5e4                MemoryTask_attributes
 .rodata.InitializerTask_attributes
                0x0800d608       0x24 ./Core/Src/freertos.o
                0x0800d608                InitializerTask_attributes
 .rodata.CommandInterfac_attributes
                0x0800d62c       0x24 ./Core/Src/freertos.o
                0x0800d62c                CommandInterfac_attributes
 .rodata.ConfigTask_attributes
                0x0800d650       0x24 ./Core/Src/freertos.o
                0x0800d650                ConfigTask_attributes
 .rodata.INSTask_attributes
                0x0800d674       0x24 ./Core/Src/freertos.o
                0x0800d674                INSTask_attributes
 .rodata.BlackboxTask_attributes
                0x0800d698       0x24 ./Core/Src/freertos.o
                0x0800d698                BlackboxTask_attributes
 .rodata.FaultTask_attributes
                0x0800d6bc       0x24 ./Core/Src/freertos.o
                0x0800d6bc                FaultTask_attributes
 .rodata.System_Queue_attributes
                0x0800d6e0       0x18 ./Core/Src/freertos.o
                0x0800d6e0                System_Queue_attributes
 .rodata.Actuator_Queue_attributes
                0x0800d6f8       0x18 ./Core/Src/freertos.o
                0x0800d6f8                Actuator_Queue_attributes
 .rodata.Memory_writeQueue_attributes
                0x0800d710       0x18 ./Core/Src/freertos.o
                0x0800d710                Memory_writeQueue_attributes
 .rodata.Memory_readQueue_attributes
                0x0800d728       0x18 ./Core/Src/freertos.o
                0x0800d728                Memory_readQueue_attributes
 .rodata.Memory_requestQueue_attributes
                0x0800d740       0x18 ./Core/Src/freertos.o
                0x0800d740                Memory_requestQueue_attributes
 .rodata.Config_Request_attributes
                0x0800d758       0x18 ./Core/Src/freertos.o
                0x0800d758                Config_Request_attributes
 .rodata.DeployParachuteTimer_attributes
                0x0800d770       0x10 ./Core/Src/freertos.o
                0x0800d770                DeployParachuteTimer_attributes
 .rodata.ParachuteDeploymentPulse_attributes
                0x0800d780       0x10 ./Core/Src/freertos.o
                0x0800d780                ParachuteDeploymentPulse_attributes
 .rodata.MemoryMutex_attributes
                0x0800d790       0x10 ./Core/Src/freertos.o
                0x0800d790                MemoryMutex_attributes
 .rodata.AHBPrescTable
                0x0800d7a0       0x10 ./Core/Src/system_stm32f7xx.o
                0x0800d7a0                AHBPrescTable
 .rodata.APBPrescTable
                0x0800d7b0        0x8 ./Core/Src/system_stm32f7xx.o
                0x0800d7b0                APBPrescTable
 .rodata.log.str1.1
                0x0800d7b8        0x1 C:/ST/STM32CubeIDE_1.16.1/STM32CubeIDE/plugins/com.st.stm32cube.ide.mcu.externaltools.gnu-tools-for-stm32.13.3.rel1.win32_1.0.0.202411081344/tools/bin/../lib/gcc/arm-none-eabi/13.3.1/../../../../arm-none-eabi/lib/thumb/v7e-m+fp/hard\libm.a(libm_a-w_log.o)
                0x0800d7bc                        . = ALIGN (0x4)
 *fill*         0x0800d7b9        0x3 

.ARM.extab      0x0800d7bc        0x0
                0x0800d7bc                        . = ALIGN (0x4)
 *(.ARM.extab* .gnu.linkonce.armextab.*)
                0x0800d7bc                        . = ALIGN (0x4)

.ARM            0x0800d7bc        0x8
                0x0800d7bc                        . = ALIGN (0x4)
                0x0800d7bc                        __exidx_start = .
 *(.ARM.exidx*)
 .ARM.exidx     0x0800d7bc        0x8 C:/ST/STM32CubeIDE_1.16.1/STM32CubeIDE/plugins/com.st.stm32cube.ide.mcu.externaltools.gnu-tools-for-stm32.13.3.rel1.win32_1.0.0.202411081344/tools/bin/../lib/gcc/arm-none-eabi/13.3.1/thumb/v7e-m+fp/hard\libgcc.a(_udivmoddi4.o)
                0x0800d7c4                        __exidx_end = .
                0x0800d7c4                        . = ALIGN (0x4)

.preinit_array  0x0800d7c4        0x0
                0x0800d7c4                        . = ALIGN (0x4)
                0x0800d7c4                        PROVIDE (__preinit_array_start = .)
 *(.preinit_array*)
                0x0800d7c4                        PROVIDE (__preinit_array_end = .)
                0x0800d7c4                        . = ALIGN (0x4)

.init_array     0x0800d7c4        0x4
                0x0800d7c4                        . = ALIGN (0x4)
                0x0800d7c4                        PROVIDE (__init_array_start = .)
 *(SORT_BY_NAME(.init_array.*))
 *(.init_array*)
 .init_array    0x0800d7c4        0x4 C:/ST/STM32CubeIDE_1.16.1/STM32CubeIDE/plugins/com.st.stm32cube.ide.mcu.externaltools.gnu-tools-for-stm32.13.3.rel1.win32_1.0.0.202411081344/tools/bin/../lib/gcc/arm-none-eabi/13.3.1/thumb/v7e-m+fp/hard/crtbegin.o
                0x0800d7c8                        PROVIDE (__init_array_end = .)
                0x0800d7c8                        . = ALIGN (0x4)

.fini_array     0x0800d7c8        0x4
                0x0800d7c8                        . = ALIGN (0x4)
                [!provide]                        PROVIDE (__fini_array_start = .)
 *(SORT_BY_NAME(.fini_array.*))
 *(.fini_array*)
 .fini_array    0x0800d7c8        0x4 C:/ST/STM32CubeIDE_1.16.1/STM32CubeIDE/plugins/com.st.stm32cube.ide.mcu.externaltools.gnu-tools-for-stm32.13.3.rel1.win32_1.0.0.202411081344/tools/bin/../lib/gcc/arm-none-eabi/13.3.1/thumb/v7e-m+fp/hard/crtbegin.o
                [!provide]                        PROVIDE (__fini_array_end = .)
                0x0800d7cc                        . = ALIGN (0x4)
                0x0800d7cc                        _sidata = LOADADDR (.data)

.rel.dyn        0x0800d7cc        0x0
 .rel.iplt      0x0800d7cc        0x0 C:/ST/STM32CubeIDE_1.16.1/STM32CubeIDE/plugins/com.st.stm32cube.ide.mcu.externaltools.gnu-tools-for-stm32.13.3.rel1.win32_1.0.0.202411081344/tools/bin/../lib/gcc/arm-none-eabi/13.3.1/thumb/v7e-m+fp/hard/crtbegin.o

.data           0x20000000       0x70 load address 0x0800d7cc
                0x20000000                        . = ALIGN (0x4)
                0x20000000                        _sdata = .
 *(.data)
 *(.data*)
 .data.ICM42670_Handle
                0x20000000        0xc ./Core/Inc/Drivers/INS_Drivers/IMU/ICM42670.o
                0x20000000                ICM42670_Handle
 .data.ActualState.4
                0x2000000c        0x1 ./Core/Inc/Tasks/Actuators/Actuators.o
 *fill*         0x2000000d        0x3 
 .data.SystemCoreClock
                0x20000010        0x4 ./Core/Src/system_stm32f7xx.o
                0x20000010                SystemCoreClock
 .data.uwTickPrio
                0x20000014        0x4 ./Drivers/STM32F7xx_HAL_Driver/Src/stm32f7xx_hal.o
                0x20000014                uwTickPrio
 .data.uwTickFreq
                0x20000018        0x1 ./Drivers/STM32F7xx_HAL_Driver/Src/stm32f7xx_hal.o
                0x20000018                uwTickFreq
 *fill*         0x20000019        0x3 
 .data.uxCriticalNesting
                0x2000001c        0x4 ./Middlewares/Third_Party/FreeRTOS/Source/portable/GCC/ARM_CM7/r0p1/port.o
 .data._impure_ptr
                0x20000020        0x4 C:/ST/STM32CubeIDE_1.16.1/STM32CubeIDE/plugins/com.st.stm32cube.ide.mcu.externaltools.gnu-tools-for-stm32.13.3.rel1.win32_1.0.0.202411081344/tools/bin/../lib/gcc/arm-none-eabi/13.3.1/../../../../arm-none-eabi/lib/thumb/v7e-m+fp/hard\libc_nano.a(libc_a-impure.o)
                0x20000020                _impure_ptr
 .data._impure_data
                0x20000024       0x4c C:/ST/STM32CubeIDE_1.16.1/STM32CubeIDE/plugins/com.st.stm32cube.ide.mcu.externaltools.gnu-tools-for-stm32.13.3.rel1.win32_1.0.0.202411081344/tools/bin/../lib/gcc/arm-none-eabi/13.3.1/../../../../arm-none-eabi/lib/thumb/v7e-m+fp/hard\libc_nano.a(libc_a-impure.o)
                0x20000024                _impure_data
 *(.RamFunc)
 *(.RamFunc*)
                0x20000070                        . = ALIGN (0x4)
                0x20000070                        _edata = .

.igot.plt       0x20000070        0x0 load address 0x0800d83c
 .igot.plt      0x20000070        0x0 C:/ST/STM32CubeIDE_1.16.1/STM32CubeIDE/plugins/com.st.stm32cube.ide.mcu.externaltools.gnu-tools-for-stm32.13.3.rel1.win32_1.0.0.202411081344/tools/bin/../lib/gcc/arm-none-eabi/13.3.1/thumb/v7e-m+fp/hard/crtbegin.o
                0x20000070                        . = ALIGN (0x4)

.bss            0x20000070     0x57dc load address 0x0800d83c
                0x20000070                        _sbss = .
                0x20000070                        __bss_start__ = _sbss
 *(.bss)
 .bss           0x20000070       0x1c C:/ST/STM32CubeIDE_1.16.1/STM32CubeIDE/plugins/com.st.stm32cube.ide.mcu.externaltools.gnu-tools-for-stm32.13.3.rel1.win32_1.0.0.202411081344/tools/bin/../lib/gcc/arm-none-eabi/13.3.1/thumb/v7e-m+fp/hard/crtbegin.o
 *(.bss*)
 .bss.BMP280    0x2000008c       0x18 ./Core/Inc/Drivers/INS_Drivers/BMP280/BMP280.o
                0x2000008c                BMP280
 .bss.dig_T1    0x200000a4        0x2 ./Core/Inc/Drivers/INS_Drivers/BMP280/BMP280.o
                0x200000a4                dig_T1
 .bss.dig_P1    0x200000a6        0x2 ./Core/Inc/Drivers/INS_Drivers/BMP280/BMP280.o
                0x200000a6                dig_P1
 .bss.dig_T2    0x200000a8        0x2 ./Core/Inc/Drivers/INS_Drivers/BMP280/BMP280.o
                0x200000a8                dig_T2
 .bss.dig_T3    0x200000aa        0x2 ./Core/Inc/Drivers/INS_Drivers/BMP280/BMP280.o
                0x200000aa                dig_T3
 .bss.dig_P2    0x200000ac        0x2 ./Core/Inc/Drivers/INS_Drivers/BMP280/BMP280.o
                0x200000ac                dig_P2
 .bss.dig_P3    0x200000ae        0x2 ./Core/Inc/Drivers/INS_Drivers/BMP280/BMP280.o
                0x200000ae                dig_P3
 .bss.dig_P4    0x200000b0        0x2 ./Core/Inc/Drivers/INS_Drivers/BMP280/BMP280.o
                0x200000b0                dig_P4
 .bss.dig_P5    0x200000b2        0x2 ./Core/Inc/Drivers/INS_Drivers/BMP280/BMP280.o
                0x200000b2                dig_P5
 .bss.dig_P6    0x200000b4        0x2 ./Core/Inc/Drivers/INS_Drivers/BMP280/BMP280.o
                0x200000b4                dig_P6
 .bss.dig_P7    0x200000b6        0x2 ./Core/Inc/Drivers/INS_Drivers/BMP280/BMP280.o
                0x200000b6                dig_P7
 .bss.dig_P8    0x200000b8        0x2 ./Core/Inc/Drivers/INS_Drivers/BMP280/BMP280.o
                0x200000b8                dig_P8
 .bss.dig_P9    0x200000ba        0x2 ./Core/Inc/Drivers/INS_Drivers/BMP280/BMP280.o
                0x200000ba                dig_P9
 .bss.T_raw     0x200000bc        0x4 ./Core/Inc/Drivers/INS_Drivers/BMP280/BMP280.o
                0x200000bc                T_raw
 .bss.P_raw     0x200000c0        0x4 ./Core/Inc/Drivers/INS_Drivers/BMP280/BMP280.o
                0x200000c0                P_raw
 .bss.t_fine    0x200000c4        0x4 ./Core/Inc/Drivers/INS_Drivers/BMP280/BMP280.o
                0x200000c4                t_fine
 .bss.ICM42670  0x200000c8       0x28 ./Core/Inc/Drivers/INS_Drivers/IMU/ICM42670.o
                0x200000c8                ICM42670
 .bss.MPU6050   0x200000f0       0x28 ./Core/Inc/Drivers/INS_Drivers/IMU/MPU6050.o
                0x200000f0                MPU6050
 .bss.MissionState
                0x20000118        0x1 ./Core/Inc/System/System.o
                0x20000118                MissionState
 *fill*         0x20000119        0x3 
 .bss.previosTime.0
                0x2000011c        0x4 ./Core/Inc/System/System.o
 .bss.previosTime.3
                0x20000120        0x4 ./Core/Inc/Tasks/Actuators/Actuators.o
 .bss.buzzerValue.2
                0x20000124        0x1 ./Core/Inc/Tasks/Actuators/Actuators.o
 .bss.initCount.1
                0x20000125        0x1 ./Core/Inc/Tasks/Actuators/Actuators.o
 *fill*         0x20000126        0x2 
 .bss.System_Notification.0
                0x20000128        0x2 ./Core/Inc/Tasks/Actuators/Actuators.o
 *fill*         0x2000012a        0x2 
 .bss.Config_Configuration
                0x2000012c      0x106 ./Core/Inc/Tasks/Config/Config.o
                0x2000012c                Config_Configuration
 *fill*         0x20000232        0x2 
 .bss.BMP280_time.2
                0x20000234        0x4 ./Core/Inc/Tasks/INS/INS.o
 .bss.MPU6050_time.1
                0x20000238        0x4 ./Core/Inc/Tasks/INS/INS.o
 .bss.ICM42670_time.0
                0x2000023c        0x4 ./Core/Inc/Tasks/INS/INS.o
 .bss.Initcounter.1
                0x20000240        0x1 ./Core/Inc/Tasks/Initializer/Initializer.o
 *fill*         0x20000241        0x3 
 .bss.AuxiliarCounter.0
                0x20000244        0x4 ./Core/Inc/Tasks/Initializer/Initializer.o
 .bss.System_LedStatus.0
                0x20000248        0x1 ./Core/Inc/Tasks/MissionManager/MissionManager.o
 *fill*         0x20000249        0x3 
 .bss.MissionManagerHandle
                0x2000024c        0x4 ./Core/Src/freertos.o
                0x2000024c                MissionManagerHandle
 .bss.MissionManagerBuffer
                0x20000250      0x400 ./Core/Src/freertos.o
                0x20000250                MissionManagerBuffer
 .bss.MissionManagerControlBlock
                0x20000650       0x60 ./Core/Src/freertos.o
                0x20000650                MissionManagerControlBlock
 .bss.ActuatorsTaskHandle
                0x200006b0        0x4 ./Core/Src/freertos.o
                0x200006b0                ActuatorsTaskHandle
 .bss.ActuatorsTaskBuffer
                0x200006b4      0x400 ./Core/Src/freertos.o
                0x200006b4                ActuatorsTaskBuffer
 .bss.ActuatorsTaskControlBlock
                0x20000ab4       0x60 ./Core/Src/freertos.o
                0x20000ab4                ActuatorsTaskControlBlock
 .bss.MemoryTaskHandle
                0x20000b14        0x4 ./Core/Src/freertos.o
                0x20000b14                MemoryTaskHandle
 .bss.MemoryTaskBuffer
                0x20000b18      0x400 ./Core/Src/freertos.o
                0x20000b18                MemoryTaskBuffer
 .bss.MemoryTaskControlBlock
                0x20000f18       0x60 ./Core/Src/freertos.o
                0x20000f18                MemoryTaskControlBlock
 .bss.InitializerTaskHandle
                0x20000f78        0x4 ./Core/Src/freertos.o
                0x20000f78                InitializerTaskHandle
 .bss.InitializerTaskBuffer
                0x20000f7c      0x400 ./Core/Src/freertos.o
                0x20000f7c                InitializerTaskBuffer
 .bss.InitializerTaskControlBlock
                0x2000137c       0x60 ./Core/Src/freertos.o
                0x2000137c                InitializerTaskControlBlock
 .bss.CommandInterfacHandle
                0x200013dc        0x4 ./Core/Src/freertos.o
                0x200013dc                CommandInterfacHandle
 .bss.CommandInterfacBuffer
                0x200013e0      0x400 ./Core/Src/freertos.o
                0x200013e0                CommandInterfacBuffer
 .bss.CommandInterfacControlBlock
                0x200017e0       0x60 ./Core/Src/freertos.o
                0x200017e0                CommandInterfacControlBlock
 .bss.ConfigTaskHandle
                0x20001840        0x4 ./Core/Src/freertos.o
                0x20001840                ConfigTaskHandle
 .bss.ConfigTaskBuffer
                0x20001844      0x800 ./Core/Src/freertos.o
                0x20001844                ConfigTaskBuffer
 .bss.ConfigTaskControlBlock
                0x20002044       0x60 ./Core/Src/freertos.o
                0x20002044                ConfigTaskControlBlock
 .bss.INSTaskHandle
                0x200020a4        0x4 ./Core/Src/freertos.o
                0x200020a4                INSTaskHandle
 .bss.INSTaskBuffer
                0x200020a8      0x400 ./Core/Src/freertos.o
                0x200020a8                INSTaskBuffer
 .bss.INSTaskControlBlock
                0x200024a8       0x60 ./Core/Src/freertos.o
                0x200024a8                INSTaskControlBlock
 .bss.BlackboxTaskHandle
                0x20002508        0x4 ./Core/Src/freertos.o
                0x20002508                BlackboxTaskHandle
 .bss.BlackboxTaskBuffer
                0x2000250c      0x400 ./Core/Src/freertos.o
                0x2000250c                BlackboxTaskBuffer
 .bss.BlackboxTaskControlBlock
                0x2000290c       0x60 ./Core/Src/freertos.o
                0x2000290c                BlackboxTaskControlBlock
 .bss.FaultTaskHandle
                0x2000296c        0x4 ./Core/Src/freertos.o
                0x2000296c                FaultTaskHandle
 .bss.FaultTaskBuffer
                0x20002970      0x400 ./Core/Src/freertos.o
                0x20002970                FaultTaskBuffer
 .bss.FaultTaskControlBlock
                0x20002d70       0x60 ./Core/Src/freertos.o
                0x20002d70                FaultTaskControlBlock
 .bss.System_QueueHandle
                0x20002dd0        0x4 ./Core/Src/freertos.o
                0x20002dd0                System_QueueHandle
 .bss.Actuator_QueueHandle
                0x20002dd4        0x4 ./Core/Src/freertos.o
                0x20002dd4                Actuator_QueueHandle
 .bss.Memory_writeQueueHandle
                0x20002dd8        0x4 ./Core/Src/freertos.o
                0x20002dd8                Memory_writeQueueHandle
 .bss.Memory_readQueueHandle
                0x20002ddc        0x4 ./Core/Src/freertos.o
                0x20002ddc                Memory_readQueueHandle
 .bss.Memory_requestQueueHandle
                0x20002de0        0x4 ./Core/Src/freertos.o
                0x20002de0                Memory_requestQueueHandle
 .bss.Config_RequestHandle
                0x20002de4        0x4 ./Core/Src/freertos.o
                0x20002de4                Config_RequestHandle
 .bss.DeployParachuteTimerHandle
                0x20002de8        0x4 ./Core/Src/freertos.o
                0x20002de8                DeployParachuteTimerHandle
 .bss.ParachuteDeploymentPulseHandle
                0x20002dec        0x4 ./Core/Src/freertos.o
                0x20002dec                ParachuteDeploymentPulseHandle
 .bss.MemoryMutexHandle
                0x20002df0        0x4 ./Core/Src/freertos.o
                0x20002df0                MemoryMutexHandle
 .bss.hi2c2     0x20002df4       0x54 ./Core/Src/i2c.o
                0x20002df4                hi2c2
 .bss.hspi1     0x20002e48       0x64 ./Core/Src/spi.o
                0x20002e48                hspi1
 .bss.hspi2     0x20002eac       0x64 ./Core/Src/spi.o
                0x20002eac                hspi2
 .bss.htim10    0x20002f10       0x4c ./Core/Src/stm32f7xx_hal_timebase_tim.o
                0x20002f10                htim10
 .bss.htim2     0x20002f5c       0x4c ./Core/Src/tim.o
                0x20002f5c                htim2
 .bss.huart1    0x20002fa8       0x88 ./Core/Src/usart.o
                0x20002fa8                huart1
 .bss.uwTick    0x20003030        0x4 ./Drivers/STM32F7xx_HAL_Driver/Src/stm32f7xx_hal.o
                0x20003030                uwTick
 .bss.KernelState
                0x20003034        0x4 ./Middlewares/Third_Party/FreeRTOS/Source/CMSIS_RTOS_V2/cmsis_os2.o
 .bss.Idle_TCB  0x20003038       0x60 ./Middlewares/Third_Party/FreeRTOS/Source/CMSIS_RTOS_V2/cmsis_os2.o
 .bss.Idle_Stack
                0x20003098      0x400 ./Middlewares/Third_Party/FreeRTOS/Source/CMSIS_RTOS_V2/cmsis_os2.o
 .bss.Timer_TCB
                0x20003498       0x60 ./Middlewares/Third_Party/FreeRTOS/Source/CMSIS_RTOS_V2/cmsis_os2.o
 .bss.Timer_Stack
                0x200034f8      0x800 ./Middlewares/Third_Party/FreeRTOS/Source/CMSIS_RTOS_V2/cmsis_os2.o
 .bss.xQueueRegistry
                0x20003cf8       0x40 ./Middlewares/Third_Party/FreeRTOS/Source/queue.o
                0x20003cf8                xQueueRegistry
 .bss.pxCurrentTCB
                0x20003d38        0x4 ./Middlewares/Third_Party/FreeRTOS/Source/tasks.o
                0x20003d38                pxCurrentTCB
 .bss.pxReadyTasksLists
                0x20003d3c      0x460 ./Middlewares/Third_Party/FreeRTOS/Source/tasks.o
 .bss.xDelayedTaskList1
                0x2000419c       0x14 ./Middlewares/Third_Party/FreeRTOS/Source/tasks.o
 .bss.xDelayedTaskList2
                0x200041b0       0x14 ./Middlewares/Third_Party/FreeRTOS/Source/tasks.o
 .bss.pxDelayedTaskList
                0x200041c4        0x4 ./Middlewares/Third_Party/FreeRTOS/Source/tasks.o
 .bss.pxOverflowDelayedTaskList
                0x200041c8        0x4 ./Middlewares/Third_Party/FreeRTOS/Source/tasks.o
 .bss.xPendingReadyList
                0x200041cc       0x14 ./Middlewares/Third_Party/FreeRTOS/Source/tasks.o
 .bss.xTasksWaitingTermination
                0x200041e0       0x14 ./Middlewares/Third_Party/FreeRTOS/Source/tasks.o
 .bss.uxDeletedTasksWaitingCleanUp
                0x200041f4        0x4 ./Middlewares/Third_Party/FreeRTOS/Source/tasks.o
 .bss.xSuspendedTaskList
                0x200041f8       0x14 ./Middlewares/Third_Party/FreeRTOS/Source/tasks.o
 .bss.uxCurrentNumberOfTasks
                0x2000420c        0x4 ./Middlewares/Third_Party/FreeRTOS/Source/tasks.o
 .bss.xTickCount
                0x20004210        0x4 ./Middlewares/Third_Party/FreeRTOS/Source/tasks.o
 .bss.uxTopReadyPriority
                0x20004214        0x4 ./Middlewares/Third_Party/FreeRTOS/Source/tasks.o
 .bss.xSchedulerRunning
                0x20004218        0x4 ./Middlewares/Third_Party/FreeRTOS/Source/tasks.o
 .bss.uxPendedTicks
                0x2000421c        0x4 ./Middlewares/Third_Party/FreeRTOS/Source/tasks.o
 .bss.xYieldPending
                0x20004220        0x4 ./Middlewares/Third_Party/FreeRTOS/Source/tasks.o
 .bss.xNumOfOverflows
                0x20004224        0x4 ./Middlewares/Third_Party/FreeRTOS/Source/tasks.o
 .bss.uxTaskNumber
                0x20004228        0x4 ./Middlewares/Third_Party/FreeRTOS/Source/tasks.o
 .bss.xNextTaskUnblockTime
                0x2000422c        0x4 ./Middlewares/Third_Party/FreeRTOS/Source/tasks.o
 .bss.xIdleTaskHandle
                0x20004230        0x4 ./Middlewares/Third_Party/FreeRTOS/Source/tasks.o
 .bss.uxSchedulerSuspended
                0x20004234        0x4 ./Middlewares/Third_Party/FreeRTOS/Source/tasks.o
 .bss.ulTaskSwitchedInTime
                0x20004238        0x4 ./Middlewares/Third_Party/FreeRTOS/Source/tasks.o
 .bss.ulTotalRunTime
                0x2000423c        0x4 ./Middlewares/Third_Party/FreeRTOS/Source/tasks.o
 .bss.xActiveTimerList1
                0x20004240       0x14 ./Middlewares/Third_Party/FreeRTOS/Source/timers.o
 .bss.xActiveTimerList2
                0x20004254       0x14 ./Middlewares/Third_Party/FreeRTOS/Source/timers.o
 .bss.pxCurrentTimerList
                0x20004268        0x4 ./Middlewares/Third_Party/FreeRTOS/Source/timers.o
 .bss.pxOverflowTimerList
                0x2000426c        0x4 ./Middlewares/Third_Party/FreeRTOS/Source/timers.o
 .bss.xTimerQueue
                0x20004270        0x4 ./Middlewares/Third_Party/FreeRTOS/Source/timers.o
 .bss.xTimerTaskHandle
                0x20004274        0x4 ./Middlewares/Third_Party/FreeRTOS/Source/timers.o
 .bss.xLastTime.2
                0x20004278        0x4 ./Middlewares/Third_Party/FreeRTOS/Source/timers.o
 .bss.ucStaticTimerQueueStorage.1
                0x2000427c       0xa0 ./Middlewares/Third_Party/FreeRTOS/Source/timers.o
 .bss.xStaticTimerQueue.0
                0x2000431c       0x50 ./Middlewares/Third_Party/FreeRTOS/Source/timers.o
 .bss.ucMaxSysCallPriority
                0x2000436c        0x1 ./Middlewares/Third_Party/FreeRTOS/Source/portable/GCC/ARM_CM7/r0p1/port.o
 *fill*         0x2000436d        0x3 
 .bss.ulMaxPRIGROUPValue
                0x20004370        0x4 ./Middlewares/Third_Party/FreeRTOS/Source/portable/GCC/ARM_CM7/r0p1/port.o
 .bss.ucHeap    0x20004374     0x1388 ./Middlewares/Third_Party/FreeRTOS/Source/portable/MemMang/heap_4.o
 .bss.xStart    0x200056fc        0x8 ./Middlewares/Third_Party/FreeRTOS/Source/portable/MemMang/heap_4.o
 .bss.pxEnd     0x20005704        0x4 ./Middlewares/Third_Party/FreeRTOS/Source/portable/MemMang/heap_4.o
 .bss.xFreeBytesRemaining
                0x20005708        0x4 ./Middlewares/Third_Party/FreeRTOS/Source/portable/MemMang/heap_4.o
 .bss.xMinimumEverFreeBytesRemaining
                0x2000570c        0x4 ./Middlewares/Third_Party/FreeRTOS/Source/portable/MemMang/heap_4.o
 .bss.xBlockAllocatedBit
                0x20005710        0x4 ./Middlewares/Third_Party/FreeRTOS/Source/portable/MemMang/heap_4.o
 .bss.__sf      0x20005714      0x138 C:/ST/STM32CubeIDE_1.16.1/STM32CubeIDE/plugins/com.st.stm32cube.ide.mcu.externaltools.gnu-tools-for-stm32.13.3.rel1.win32_1.0.0.202411081344/tools/bin/../lib/gcc/arm-none-eabi/13.3.1/../../../../arm-none-eabi/lib/thumb/v7e-m+fp/hard\libc_nano.a(libc_a-findfp.o)
                0x20005714                __sf
 *(COMMON)