../Core/Src/freertos.c:228:13:configureTimerForRunTimeStats	4	static
../Core/Src/freertos.c:233:22:getRunTimeCounterValue	4	static
../Core/Src/freertos.c:244:6:MX_FREERTOS_Init	8	static
../Core/Src/freertos.c:336:6:StartMissionManager	16	static
../Core/Src/freertos.c:356:6:StartActuatorsTask	16	static
../Core/Src/freertos.c:375:6:StartMemoryTask	16	static
../Core/Src/freertos.c:394:6:StartInitializerTask	16	static
../Core/Src/freertos.c:412:6:StartCommandInterfaceTask	16	static
../Core/Src/freertos.c:430:6:StartConfigTask	16	static
../Core/Src/freertos.c:448:6:StartINSTask	16	static
../Core/Src/freertos.c:466:6:StartBlackboxTask	16	static
../Core/Src/freertos.c:484:6:StartFaultTask	16	static
../Core/Src/freertos.c:496:6:DeployParachuteFunction	16	static
../Core/Src/freertos.c:504:6:DisableDeplymentOutputs	16	static
