../Core/Src/freertos.c:236:13:configureTimerForRunTimeStats	4	static
../Core/Src/freertos.c:241:22:getRunTimeCounterValue	4	static
../Core/Src/freertos.c:252:6:MX_FREERTOS_Init	8	static
../Core/Src/freertos.c:347:6:StartMissionManager	16	static
../Core/Src/freertos.c:367:6:StartActuatorsTask	16	static
../Core/Src/freertos.c:386:6:StartMemoryTask	16	static
../Core/Src/freertos.c:405:6:StartInitializerTask	16	static
../Core/Src/freertos.c:424:6:StartCommandInterfaceTask	16	static
../Core/Src/freertos.c:442:6:StartConfigTask	16	static
../Core/Src/freertos.c:461:6:StartINSTask	16	static
../Core/Src/freertos.c:480:6:StartBlackboxTask	16	static
../Core/Src/freertos.c:498:6:StartFaultTask	16	static
../Core/Src/freertos.c:510:6:DeployParachuteFunction	16	static
../Core/Src/freertos.c:518:6:DisableDeplymentOutputs	16	static
